2026-09-28 19:00:01,730 - freqtrade - INFO - freqtrade 2026.8
2026-09-28 19:00:01,905 - numexpr.utils - INFO - NumExpr defaulting to 12 threads.
2026-09-28 19:00:03,064 - freqtrade.configuration.load_config - INFO - Using config: user_data/config.json ...
2026-09-28 19:00:03,066 - freqtrade.loggers - INFO - Enabling colorized output.
2026-09-28 19:00:03,066 - freqtrade.loggers - INFO - Logfile configured
2026-09-28 19:00:03,066 - freqtrade.loggers - INFO - Verbosity set to 0
2026-09-28 19:00:03,066 - freqtrade.configuration.configuration - INFO - Parameter -i/--timeframe detected ... Using timeframe: 1h ...
2026-09-28 19:00:03,066 - freqtrade.configuration.configuration - INFO - Using max_open_trades: 10 ...
2026-09-28 19:00:03,066 - freqtrade.configuration.configuration - INFO - Parameter --fee detected, setting fee to: 0.001 ...
2026-09-28 19:00:03,066 - freqtrade.configuration.configuration - INFO - Parameter --timerange detected: 20230702-20231231 ...
2026-09-28 19:00:03,075 - freqtrade.configuration.configuration - INFO - Using user-data directory: /freqtrade/user_data ...
2026-09-28 19:00:03,076 - freqtrade.configuration.configuration - INFO - Using data directory: /freqtrade/user_data/data/binance ...
2026-09-28 19:00:03,076 - freqtrade.configuration.configuration - INFO - Storing backtest results to wf/fold3-ctl.json ...
2026-09-28 19:00:03,076 - freqtrade.configuration.configuration - WARNING - DEPRECATED: Using `--export-filename` has no impact when backtesting. Please use `--notes` to annotate backtest results and 
`--backtest-directory` to specify the output directory. 
2026-09-28 19:00:03,076 - freqtrade.configuration.configuration - INFO - Parameter --export detected: trades ...
2026-09-28 19:00:03,076 - freqtrade.configuration.configuration - INFO - Parameter --cache=none detected ...
2026-09-28 19:00:03,077 - freqtrade.configuration.configuration - INFO - Filter trades by timerange: 20230702-20231231
2026-09-28 19:00:03,077 - freqtrade.exchange.check_exchange - INFO - Checking exchange...
2026-09-28 19:00:03,082 - freqtrade.exchange.check_exchange - INFO - Exchange "binance" is officially supported by the Freqtrade development team.
2026-09-28 19:00:03,082 - freqtrade.configuration.configuration - INFO - Using pairlist from configuration.
2026-09-28 19:00:03,083 - freqtrade.configuration.config_validation - INFO - Validating configuration ...
2026-09-28 19:00:03,084 - freqtrade.commands.optimize_commands - INFO - Starting freqtrade in Backtesting mode
2026-09-28 19:00:03,084 - freqtrade.exchange.exchange - INFO - Instance is running with dry_run enabled
2026-09-28 19:00:03,084 - freqtrade.exchange.exchange - INFO - Using CCXT 4.5.76
2026-09-28 19:00:03,084 - freqtrade.exchange.exchange - INFO - Applying additional ccxt config: {'enableRateLimit': True}
2026-09-28 19:00:03,090 - freqtrade.exchange.exchange - INFO - Applying additional ccxt config: {'enableRateLimit': True}
2026-09-28 19:00:03,095 - freqtrade.exchange.exchange - INFO - Using Exchange "Binance"
2026-09-28 19:00:04,675 - freqtrade.resolvers.exchange_resolver - INFO - Using resolved exchange class 'Binance' ...
/freqtrade/user_data/strategies/Strategy005v0.py:8: FutureWarning: 'freqtrade.vendor.qtpylib.indicators' is deprecated and will be removed in a future release. Import from technical instead - either the module (`from technical import qtpylib`) or a single function (`from technical.qtpylib import crossed_above`).
  import freqtrade.vendor.qtpylib.indicators as qtpylib
2026-09-28 19:00:04,684 - freqtrade.resolvers.iresolver - INFO - Using resolved strategy Strategy005v0 from '/freqtrade/user_data/strategies/Strategy005v0.py'...
2026-09-28 19:00:04,684 - freqtrade.strategy.hyper - INFO - Found no parameter file.
2026-09-28 19:00:04,684 - freqtrade.resolvers.strategy_resolver - INFO - Override strategy 'timeframe' with value from the configuration: 1h.
2026-09-28 19:00:04,684 - freqtrade.resolvers.strategy_resolver - INFO - Override strategy 'stoploss' with value from the configuration: -0.1.
2026-09-28 19:00:04,685 - freqtrade.resolvers.strategy_resolver - INFO - Override strategy 'stake_currency' with value from the configuration: USDT.
2026-09-28 19:00:04,685 - freqtrade.resolvers.strategy_resolver - INFO - Override strategy 'stake_amount' with value from the configuration: 100.
2026-09-28 19:00:04,685 - freqtrade.resolvers.strategy_resolver - INFO - Override strategy 'unfilledtimeout' with value from the configuration: {'entry': 10, 'exit': 30, 'exit_timeout_count': 0, 
'unit': 'minutes'}.
2026-09-28 19:00:04,685 - freqtrade.resolvers.strategy_resolver - INFO - Override strategy 'use_exit_signal' with value from the configuration: True.
2026-09-28 19:00:04,685 - freqtrade.resolvers.strategy_resolver - INFO - Override strategy 'exit_profit_only' with value from the configuration: False.
2026-09-28 19:00:04,686 - freqtrade.resolvers.strategy_resolver - INFO - Override strategy 'ignore_roi_if_entry_signal' with value from the configuration: False.
2026-09-28 19:00:04,686 - freqtrade.resolvers.strategy_resolver - INFO - Override strategy 'max_open_trades' with value from the configuration: 10.
2026-09-28 19:00:04,686 - freqtrade.resolvers.strategy_resolver - INFO - Strategy using minimal_roi: {'1440': 0.01, '80': 0.02, '40': 0.03, '20': 0.04, '0': 0.05}
2026-09-28 19:00:04,686 - freqtrade.resolvers.strategy_resolver - INFO - Strategy using timeframe: 1h
2026-09-28 19:00:04,687 - freqtrade.resolvers.strategy_resolver - INFO - Strategy using stoploss: -0.1
2026-09-28 19:00:04,687 - freqtrade.resolvers.strategy_resolver - INFO - Strategy using trailing_stop: False
2026-09-28 19:00:04,687 - freqtrade.resolvers.strategy_resolver - INFO - Strategy using trailing_stop_positive: 0.01
2026-09-28 19:00:04,687 - freqtrade.resolvers.strategy_resolver - INFO - Strategy using trailing_stop_positive_offset: 0.02
2026-09-28 19:00:04,687 - freqtrade.resolvers.strategy_resolver - INFO - Strategy using trailing_only_offset_is_reached: False
2026-09-28 19:00:04,688 - freqtrade.resolvers.strategy_resolver - INFO - Strategy using use_custom_stoploss: False
2026-09-28 19:00:04,688 - freqtrade.resolvers.strategy_resolver - INFO - Strategy using process_only_new_candles: False
2026-09-28 19:00:04,688 - freqtrade.resolvers.strategy_resolver - INFO - Strategy using order_types: {'entry': 'limit', 'exit': 'limit', 'stoploss': 'market', 'stoploss_on_exchange': False}
2026-09-28 19:00:04,688 - freqtrade.resolvers.strategy_resolver - INFO - Strategy using order_time_in_force: {'entry': 'GTC', 'exit': 'GTC'}
2026-09-28 19:00:04,688 - freqtrade.resolvers.strategy_resolver - INFO - Strategy using stake_currency: USDT
2026-09-28 19:00:04,689 - freqtrade.resolvers.strategy_resolver - INFO - Strategy using stake_amount: 100
2026-09-28 19:00:04,689 - freqtrade.resolvers.strategy_resolver - INFO - Strategy using startup_candle_count: 0
2026-09-28 19:00:04,689 - freqtrade.resolvers.strategy_resolver - INFO - Strategy using unfilledtimeout: {'entry': 10, 'exit': 30, 'exit_timeout_count': 0, 'unit': 'minutes'}
2026-09-28 19:00:04,689 - freqtrade.resolvers.strategy_resolver - INFO - Strategy using use_exit_signal: True
2026-09-28 19:00:04,689 - freqtrade.resolvers.strategy_resolver - INFO - Strategy using exit_profit_only: False
2026-09-28 19:00:04,689 - freqtrade.resolvers.strategy_resolver - INFO - Strategy using ignore_roi_if_entry_signal: False
2026-09-28 19:00:04,690 - freqtrade.resolvers.strategy_resolver - INFO - Strategy using exit_profit_offset: 0.0
2026-09-28 19:00:04,690 - freqtrade.resolvers.strategy_resolver - INFO - Strategy using disable_dataframe_checks: False
2026-09-28 19:00:04,690 - freqtrade.resolvers.strategy_resolver - INFO - Strategy using ignore_buying_expired_candle_after: 0
2026-09-28 19:00:04,690 - freqtrade.resolvers.strategy_resolver - INFO - Strategy using position_adjustment_enable: False
2026-09-28 19:00:04,690 - freqtrade.resolvers.strategy_resolver - INFO - Strategy using max_entry_position_adjustment: -1
2026-09-28 19:00:04,690 - freqtrade.resolvers.strategy_resolver - INFO - Strategy using max_open_trades: 10
2026-09-28 19:00:04,691 - freqtrade.configuration.config_validation - INFO - Validating configuration ...
2026-09-28 19:00:04,694 - freqtrade.resolvers.iresolver - INFO - Using resolved pairlist StaticPairList from '/freqtrade/freqtrade/plugins/pairlist/StaticPairList.py'...
2026-09-28 19:00:04,703 - freqtrade.optimize.backtesting - INFO - Using fee 0.1000% from config.
2026-09-28 19:00:04,865 - freqtrade.optimize.backtesting - INFO - Loading data from 2023-07-02 00:00:00 up to 2023-12-31 00:00:00 (182 days).
2026-09-28 19:00:05,335 - freqtrade.optimize.backtesting - INFO - Dataload complete. Calculating indicators
2026-09-28 19:00:05,335 - freqtrade.optimize.backtesting - INFO - Running backtesting for Strategy Strategy005v0
2026-09-28 19:00:05,404 - freqtrade.optimize.backtesting - INFO - Backtesting with data from 2023-07-02 00:00:00 up to 2023-12-31 00:00:00 (182 days).
backtest ━━━━━━━━━━━━━━━━━━━━━━━━━━━━━━━━━━━━━━━━━━━━━━━━━━━━━━━━━━━━━━━━━━━━━━━━━━━━━━━━━━━━━━━━━━━━━━━━━━━━━━━━━━━━━━━━━━━━━━━━━━━━━━━━━━━━━━━━━━━━━━━━━━━━━━━━━━━━ 4/4       100% • 0:00:00 • 0:00:00
backtest ━━━━━━━━━━━━━━━━━━━━━━━━━━━━━━━━━━━━━━━━━━━━━━━━━━━━━━━━━━━━━━━━━━━━━━━━━━━━━━━━━━━━━━━━━━━━━━━━━━━━━━━━━━━━━━━━━━━━━━━━━━━━━━━━━━━━━━━━━━━━━━━━━━━━━━━━━━━━ 4368/4368 100% • 0:00:01 • 0:00:00
2026-09-28 19:00:06,366 - freqtrade.misc - INFO - dumping json to "/freqtrade/user_data/backtest_results/backtest-result-2026-09-28_22-00-06.meta.json"
Result for strategy Strategy005v0
                                               BACKTESTING REPORT                                               
┏━━━━━━━━━━━┳━━━━━━━━┳━━━━━━━━━━━━━━┳━━━━━━━━━━━━━━━━━┳━━━━━━━━━━━━━━┳━━━━━━━━━━━━━━━━┳━━━━━━━━━━━━━━━━━━━━━━━━┓
┃      Pair ┃ Trades ┃ Avg Profit % ┃ Tot Profit USDT ┃ Tot Profit % ┃   Avg Duration ┃  Win  Draw  Loss  Win% ┃
┡━━━━━━━━━━━╇━━━━━━━━╇━━━━━━━━━━━━━━╇━━━━━━━━━━━━━━━━━╇━━━━━━━━━━━━━━╇━━━━━━━━━━━━━━━━╇━━━━━━━━━━━━━━━━━━━━━━━━┩
│ HBAR/USDT │      9 │         1.58 │          14.221 │         0.71 │        9:53:00 │    9     0     0   100 │
│  SOL/USDT │     12 │         1.15 │          13.860 │         0.69 │       10:55:00 │    9     0     3  75.0 │
│  ZEC/USDT │     15 │         0.71 │          10.657 │         0.53 │       11:16:00 │   11     0     4  73.3 │
│  ADA/USDT │     16 │         0.36 │           5.768 │         0.29 │ 1 day, 0:49:00 │   10     0     6  62.5 │
│ AVAX/USDT │     19 │         0.17 │           3.267 │         0.16 │       14:09:00 │   14     0     5  73.7 │
│ LINK/USDT │      9 │         0.33 │           3.010 │         0.15 │       12:13:00 │    8     0     1  88.9 │
│ NEAR/USDT │     13 │         0.02 │           0.234 │         0.01 │       16:37:00 │    9     0     4  69.2 │
│  BTC/USDT │     11 │        -0.06 │          -0.649 │        -0.03 │ 1 day, 3:00:00 │    8     0     3  72.7 │
│  BNB/USDT │     15 │        -0.04 │          -0.649 │        -0.03 │       23:04:00 │   10     0     5  66.7 │
│  TRX/USDT │      7 │        -0.13 │          -0.882 │        -0.04 │       20:17:00 │    4     0     3  57.1 │
│  LTC/USDT │     20 │        -0.06 │          -1.107 │        -0.06 │       17:45:00 │   15     0     5  75.0 │
│  XRP/USDT │      8 │        -0.16 │          -1.310 │        -0.07 │       14:52:00 │    5     0     3  62.5 │
│  ETH/USDT │     10 │        -0.33 │          -3.331 │        -0.17 │       21:42:00 │    8     0     2  80.0 │
│  XLM/USDT │     11 │        -0.33 │          -3.673 │        -0.18 │ 1 day, 2:22:00 │    6     0     5  54.5 │
│ DOGE/USDT │     15 │         -0.5 │          -7.441 │        -0.37 │       17:08:00 │    9     0     6  60.0 │
│ ALGO/USDT │     12 │         -0.7 │          -8.424 │        -0.42 │       21:30:00 │    7     0     5  58.3 │
│  UNI/USDT │     19 │        -0.84 │         -15.900 │         -0.8 │       18:35:00 │   10     0     9  52.6 │
│     TOTAL │    221 │         0.03 │           7.651 │         0.38 │       18:10:00 │  152     0    69  68.8 │
└───────────┴────────┴──────────────┴─────────────────┴──────────────┴────────────────┴────────────────────────┘
                                            LEFT OPEN TRADES REPORT                                             
┏━━━━━━━━━━┳━━━━━━━━┳━━━━━━━━━━━━━━┳━━━━━━━━━━━━━━━━━┳━━━━━━━━━━━━━━┳━━━━━━━━━━━━━━━━━┳━━━━━━━━━━━━━━━━━━━━━━━━┓
┃     Pair ┃ Trades ┃ Avg Profit % ┃ Tot Profit USDT ┃ Tot Profit % ┃    Avg Duration ┃  Win  Draw  Loss  Win% ┃
┡━━━━━━━━━━╇━━━━━━━━╇━━━━━━━━━━━━━━╇━━━━━━━━━━━━━━━━━╇━━━━━━━━━━━━━━╇━━━━━━━━━━━━━━━━━╇━━━━━━━━━━━━━━━━━━━━━━━━┩
│ ZEC/USDT │      1 │        -4.88 │          -4.888 │        -0.24 │ 1 day, 15:00:00 │    0     0     1     0 │
│    TOTAL │      1 │        -4.88 │          -4.888 │        -0.24 │ 1 day, 15:00:00 │    0     0     1     0 │
└──────────┴────────┴──────────────┴─────────────────┴──────────────┴─────────────────┴────────────────────────┘
                                                ENTER TAG STATS                                                
┏━━━━━━━━━━━┳━━━━━━━━━┳━━━━━━━━━━━━━━┳━━━━━━━━━━━━━━━━━┳━━━━━━━━━━━━━━┳━━━━━━━━━━━━━━┳━━━━━━━━━━━━━━━━━━━━━━━━┓
┃ Enter Tag ┃ Entries ┃ Avg Profit % ┃ Tot Profit USDT ┃ Tot Profit % ┃ Avg Duration ┃  Win  Draw  Loss  Win% ┃
┡━━━━━━━━━━━╇━━━━━━━━━╇━━━━━━━━━━━━━━╇━━━━━━━━━━━━━━━━━╇━━━━━━━━━━━━━━╇━━━━━━━━━━━━━━╇━━━━━━━━━━━━━━━━━━━━━━━━┩
│     OTHER │     221 │         0.03 │           7.651 │         0.38 │     18:10:00 │  152     0    69  68.8 │
│     TOTAL │     221 │         0.03 │           7.651 │         0.38 │     18:10:00 │  152     0    69  68.8 │
└───────────┴─────────┴──────────────┴─────────────────┴──────────────┴──────────────┴────────────────────────┘
                                                EXIT REASON STATS                                                 
┏━━━━━━━━━━━━━┳━━━━━━━┳━━━━━━━━━━━━━━┳━━━━━━━━━━━━━━━━━┳━━━━━━━━━━━━━━┳━━━━━━━━━━━━━━━━━┳━━━━━━━━━━━━━━━━━━━━━━━━┓
┃ Exit Reason ┃ Exits ┃ Avg Profit % ┃ Tot Profit USDT ┃ Tot Profit % ┃    Avg Duration ┃  Win  Draw  Loss  Win% ┃
┡━━━━━━━━━━━━━╇━━━━━━━╇━━━━━━━━━━━━━━╇━━━━━━━━━━━━━━━━━╇━━━━━━━━━━━━━━╇━━━━━━━━━━━━━━━━━╇━━━━━━━━━━━━━━━━━━━━━━━━┩
│         roi │    74 │          2.1 │         155.155 │         7.76 │         7:04:00 │   74     0     0   100 │
│  force_exit │     1 │        -4.88 │          -4.888 │        -0.24 │ 1 day, 15:00:00 │    0     0     1     0 │
│ exit_signal │   135 │        -0.23 │         -30.813 │        -1.54 │        23:01:00 │   78     0    57  57.8 │
│   stop_loss │    11 │       -10.16 │        -111.803 │        -5.59 │  1 day, 7:27:00 │    0     0    11     0 │
│       TOTAL │   221 │         0.03 │           7.651 │         0.38 │        18:10:00 │  152     0    69  68.8 │
└─────────────┴───────┴──────────────┴─────────────────┴──────────────┴─────────────────┴────────────────────────┘
                                                        MIXED TAG STATS                                                        
┏━━━━━━━━━━━┳━━━━━━━━━━━━━┳━━━━━━━━┳━━━━━━━━━━━━━━┳━━━━━━━━━━━━━━━━━┳━━━━━━━━━━━━━━┳━━━━━━━━━━━━━━━━━┳━━━━━━━━━━━━━━━━━━━━━━━━┓
┃ Enter Tag ┃ Exit Reason ┃ Trades ┃ Avg Profit % ┃ Tot Profit USDT ┃ Tot Profit % ┃    Avg Duration ┃  Win  Draw  Loss  Win% ┃
┡━━━━━━━━━━━╇━━━━━━━━━━━━━╇━━━━━━━━╇━━━━━━━━━━━━━━╇━━━━━━━━━━━━━━━━━╇━━━━━━━━━━━━━━╇━━━━━━━━━━━━━━━━━╇━━━━━━━━━━━━━━━━━━━━━━━━┩
│           │         roi │     74 │          2.1 │         155.155 │         7.76 │         7:04:00 │   74     0     0   100 │
│           │  force_exit │      1 │        -4.88 │          -4.888 │        -0.24 │ 1 day, 15:00:00 │    0     0     1     0 │
│           │ exit_signal │    135 │        -0.23 │         -30.813 │        -1.54 │        23:01:00 │   78     0    57  57.8 │
│           │   stop_loss │     11 │       -10.16 │        -111.803 │        -5.59 │  1 day, 7:27:00 │    0     0    11     0 │
│     TOTAL │             │    221 │         0.03 │           7.651 │         0.38 │        18:10:00 │  152     0    69  68.8 │
└───────────┴─────────────┴────────┴──────────────┴─────────────────┴──────────────┴─────────────────┴────────────────────────┘
                                   SUMMARY METRICS                                    
┏━━━━━━━━━━━━━━━━━━━━━━━━━━━━━━━━━━━━━━━━┳━━━━━━━━━━━━━━━━━━━━━━━━━━━━━━━━━━━━━━━━━━━┓
┃ Metric                                 ┃ Value                                     ┃
┡━━━━━━━━━━━━━━━━━━━━━━━━━━━━━━━━━━━━━━━━╇━━━━━━━━━━━━━━━━━━━━━━━━━━━━━━━━━━━━━━━━━━━┩
│ Backtesting from                       │ 2023-07-02 00:00:00                       │
│ Backtesting to                         │ 2023-12-31 00:00:00                       │
│ Trading Mode                           │ Spot                                      │
│ Max open trades                        │ 10                                        │
│                                        │                                           │
│ Total/Daily Avg Trades                 │ 221 / 1.21                                │
│ Starting balance                       │ 2000 USDT                                 │
│ Final balance                          │ 2007.651 USDT                             │
│ Absolute profit                        │ 7.651 USDT                                │
│ Total profit %                         │ 0.38%                                     │
│ CAGR %                                 │ 0.77%                                     │
│ Sharpe (closed trades)                 │ 0.28                                      │
│ Sortino (closed trades)                │ 0.23                                      │
│ Calmar (closed trades)                 │ 0.78                                      │
│ SQN                                    │ 0.18                                      │
│ Mean profit p-value                    │ 0.8593                                    │
│ Profit factor                          │ 1.04                                      │
│ Expectancy (Ratio)                     │ 0.03 (0.01)                               │
│ Avg. daily profit                      │ 0.042 USDT                                │
│ Avg. stake amount                      │ 99.95 USDT                                │
│ Market change                          │ 82.68%                                    │
│ Total trade volume                     │ 44273.973 USDT                            │
│                                        │                                           │
│ Best Pair                              │ HBAR/USDT 0.71%                           │
│ Worst Pair                             │ UNI/USDT -0.80%                           │
│ Best trade                             │ DOGE/USDT 5.00%                           │
│ Worst trade                            │ ETH/USDT -10.18%                          │
│ Best day                               │ 20.015 USDT                               │
│ Worst day                              │ -65.317 USDT                              │
│ Days win/draw/lose                     │ 56 / 83 / 34                              │
│ Min/Max/Avg. Duration Winners          │ 0d 00:00 / 1d 20:00 / 0d 10:24            │
│ Min/Max/Avg. Duration Losers           │ 0d 05:00 / 3d 07:00 / 1d 11:16            │
│ Max Consecutive Wins / Loss            │ 18 / 9                                    │
│ Rejected Entry signals                 │ 13                                        │
│ Entry/Exit Timeouts                    │ 0 / 0                                     │
│                                        │                                           │
│ Min/Max balance (closed trades)        │ 1931.518 USDT / 2036.699 USDT             │
│ Max % of account underwater            │ 5.16%                                     │
│ Absolute drawdown                      │ 105.18 USDT (5.16%)                       │
│ Drawdown duration                      │ 17 days 18:00:00                          │
│ Profit at drawdown start               │ 36.699 USDT                               │
│ Profit at drawdown end                 │ -68.482 USDT                              │
│ Drawdown start                         │ 2023-08-16 04:00:00                       │
│ Drawdown end                           │ 2023-09-02 22:00:00                       │
│                                        │                                           │
│ Wallet based Metrics                   │                                           │
│ Min/Max balance (wallet balance)       │ 1917.899 USDT / 2035.8 USDT               │
│ Min/Max balance dates (wallet balance) │ 2023-09-01 18:00:00 / 2023-08-01 19:00:00 │
│ Max % of account underwater (balance)  │ 5.79%                                     │
│ Absolute drawdown (wallet balance)     │ 117.901 USDT (5.79%)                      │
│ Drawdown duration                      │ 30 days 23:00:00                          │
│ Profit at drawdown start               │ 35.8 USDT                                 │
│ Profit at drawdown end                 │ -82.101 USDT                              │
│ Drawdown start                         │ 2023-08-01 19:00:00                       │
│ Drawdown end                           │ 2023-09-01 18:00:00                       │
│ Sharpe (daily wallet balance)          │ 0.18                                      │
│ Sortino (daily wallet balance)         │ 0.12                                      │
│ Calmar (daily wallet balance)          │ 0.72                                      │
└────────────────────────────────────────┴───────────────────────────────────────────┘

Backtested 2023-07-02 00:00:00 -> 2023-12-31 00:00:00 | Max open trades : 10
                                                           STRATEGY SUMMARY                                                            
┏━━━━━━━━━━━━━━━┳━━━━━━━━┳━━━━━━━━━━━━━━┳━━━━━━━━━━━━━━━━━┳━━━━━━━━━━━━━━┳━━━━━━━━━━━━━━┳━━━━━━━━━━━━━━━━━━━━━━━━┳━━━━━━━━━━━━━━━━━━━━┓
┃      Strategy ┃ Trades ┃ Avg Profit % ┃ Tot Profit USDT ┃ Tot Profit % ┃ Avg Duration ┃  Win  Draw  Loss  Win% ┃           Drawdown ┃
┡━━━━━━━━━━━━━━━╇━━━━━━━━╇━━━━━━━━━━━━━━╇━━━━━━━━━━━━━━━━━╇━━━━━━━━━━━━━━╇━━━━━━━━━━━━━━╇━━━━━━━━━━━━━━━━━━━━━━━━╇━━━━━━━━━━━━━━━━━━━━┩
│ Strategy005v0 │    221 │         0.03 │           7.651 │         0.38 │     18:10:00 │  152     0    69  68.8 │ 105.18 USDT  5.16% │
└───────────────┴────────┴──────────────┴─────────────────┴──────────────┴──────────────┴────────────────────────┴────────────────────┘
