2026-09-28 19:05:49,341 - freqtrade - INFO - freqtrade 2026.8
2026-09-28 19:05:49,686 - numexpr.utils - INFO - NumExpr defaulting to 12 threads.
2026-09-28 19:05:50,732 - freqtrade.configuration.load_config - INFO - Using config: user_data/config.json ...
2026-09-28 19:05:50,734 - freqtrade.loggers - INFO - Enabling colorized output.
2026-09-28 19:05:50,734 - freqtrade.loggers - INFO - Logfile configured
2026-09-28 19:05:50,734 - freqtrade.loggers - INFO - Verbosity set to 0
2026-09-28 19:05:50,734 - freqtrade.configuration.configuration - INFO - Parameter -i/--timeframe detected ... Using timeframe: 1h ...
2026-09-28 19:05:50,735 - freqtrade.configuration.configuration - INFO - Using max_open_trades: 10 ...
2026-09-28 19:05:50,735 - freqtrade.configuration.configuration - INFO - Parameter --fee detected, setting fee to: 0.001 ...
2026-09-28 19:05:50,735 - freqtrade.configuration.configuration - INFO - Parameter --timerange detected: 20240101-20250701 ...
2026-09-28 19:05:50,744 - freqtrade.configuration.configuration - INFO - Using user-data directory: /freqtrade/user_data ...
2026-09-28 19:05:50,744 - freqtrade.configuration.configuration - INFO - Using data directory: /freqtrade/user_data/data/binance ...
2026-09-28 19:05:50,745 - freqtrade.configuration.configuration - INFO - Parameter --epochs detected ... Will run Hyperopt with for 100 epochs ...
2026-09-28 19:05:50,745 - freqtrade.configuration.configuration - INFO - Parameter -s/--spaces detected: ['buy', 'sell', 'roi', 'stoploss']
2026-09-28 19:05:50,745 - freqtrade.configuration.configuration - INFO - Parameter -j/--job-workers detected: -1
2026-09-28 19:05:50,745 - freqtrade.configuration.configuration - INFO - Parameter --random-state detected: 1007
2026-09-28 19:05:50,745 - freqtrade.configuration.configuration - INFO - Parameter --min-trades detected: 1
2026-09-28 19:05:50,745 - freqtrade.configuration.configuration - INFO - Using Hyperopt loss class name: SharpeHyperOptLoss
2026-09-28 19:05:50,746 - freqtrade.configuration.configuration - INFO - Filter trades by timerange: 20240101-20250701
2026-09-28 19:05:50,746 - freqtrade.exchange.check_exchange - INFO - Checking exchange...
2026-09-28 19:05:50,751 - freqtrade.exchange.check_exchange - INFO - Exchange "binance" is officially supported by the Freqtrade development team.
2026-09-28 19:05:50,751 - freqtrade.configuration.configuration - INFO - Using pairlist from configuration.
2026-09-28 19:05:50,752 - freqtrade.configuration.config_validation - INFO - Validating configuration ...
2026-09-28 19:05:50,753 - freqtrade.commands.optimize_commands - INFO - Starting freqtrade in Hyperopt mode
2026-09-28 19:05:50,753 - freqtrade.optimize.hyperopt.hyperopt - INFO - Removing `/freqtrade/user_data/hyperopt_results/hyperopt_tickerdata.pkl`.
2026-09-28 19:05:50,756 - freqtrade.exchange.exchange - INFO - Instance is running with dry_run enabled
2026-09-28 19:05:50,756 - freqtrade.exchange.exchange - INFO - Using CCXT 4.5.76
2026-09-28 19:05:50,756 - freqtrade.exchange.exchange - INFO - Applying additional ccxt config: {'enableRateLimit': True}
2026-09-28 19:05:50,761 - freqtrade.exchange.exchange - INFO - Applying additional ccxt config: {'enableRateLimit': True}
2026-09-28 19:05:50,765 - freqtrade.exchange.exchange - INFO - Using Exchange "Binance"
2026-09-28 19:05:52,213 - freqtrade.resolvers.exchange_resolver - INFO - Using resolved exchange class 'Binance' ...
2026-09-28 19:05:52,222 - freqtrade.resolvers.iresolver - INFO - Using resolved strategy BBRSIStrategy from '/freqtrade/user_data/strategies/BBRSIStrategy.py'...
2026-09-28 19:05:52,222 - freqtrade.strategy.hyper - INFO - Found no parameter file.
2026-09-28 19:05:52,222 - freqtrade.resolvers.strategy_resolver - INFO - Override strategy 'timeframe' with value from the configuration: 1h.
2026-09-28 19:05:52,223 - freqtrade.resolvers.strategy_resolver - INFO - Override strategy 'stoploss' with value from the configuration: -0.1.
2026-09-28 19:05:52,223 - freqtrade.resolvers.strategy_resolver - INFO - Override strategy 'stake_currency' with value from the configuration: USDT.
2026-09-28 19:05:52,223 - freqtrade.resolvers.strategy_resolver - INFO - Override strategy 'stake_amount' with value from the configuration: 100.
2026-09-28 19:05:52,223 - freqtrade.resolvers.strategy_resolver - INFO - Override strategy 'unfilledtimeout' with value from the configuration: {'entry': 10, 'exit': 30, 'exit_timeout_count': 0, 
'unit': 'minutes'}.
2026-09-28 19:05:52,223 - freqtrade.resolvers.strategy_resolver - INFO - Override strategy 'use_exit_signal' with value from the configuration: True.
2026-09-28 19:05:52,223 - freqtrade.resolvers.strategy_resolver - INFO - Override strategy 'exit_profit_only' with value from the configuration: False.
2026-09-28 19:05:52,224 - freqtrade.resolvers.strategy_resolver - INFO - Override strategy 'ignore_roi_if_entry_signal' with value from the configuration: False.
2026-09-28 19:05:52,224 - freqtrade.resolvers.strategy_resolver - INFO - Override strategy 'max_open_trades' with value from the configuration: 10.
2026-09-28 19:05:52,224 - freqtrade.resolvers.strategy_resolver - INFO - Strategy using minimal_roi: {'0': 0.09638, '19': 0.03643, '69': 0.01923, '120': 0}
2026-09-28 19:05:52,224 - freqtrade.resolvers.strategy_resolver - INFO - Strategy using timeframe: 1h
2026-09-28 19:05:52,224 - freqtrade.resolvers.strategy_resolver - INFO - Strategy using stoploss: -0.1
2026-09-28 19:05:52,224 - freqtrade.resolvers.strategy_resolver - INFO - Strategy using trailing_stop: False
2026-09-28 19:05:52,225 - freqtrade.resolvers.strategy_resolver - INFO - Strategy using trailing_stop_positive_offset: 0.0
2026-09-28 19:05:52,225 - freqtrade.resolvers.strategy_resolver - INFO - Strategy using trailing_only_offset_is_reached: False
2026-09-28 19:05:52,225 - freqtrade.resolvers.strategy_resolver - INFO - Strategy using use_custom_stoploss: False
2026-09-28 19:05:52,225 - freqtrade.resolvers.strategy_resolver - INFO - Strategy using process_only_new_candles: True
2026-09-28 19:05:52,225 - freqtrade.resolvers.strategy_resolver - INFO - Strategy using order_types: {'entry': 'limit', 'exit': 'limit', 'stoploss': 'limit', 'stoploss_on_exchange': False}
2026-09-28 19:05:52,225 - freqtrade.resolvers.strategy_resolver - INFO - Strategy using order_time_in_force: {'entry': 'GTC', 'exit': 'GTC'}
2026-09-28 19:05:52,225 - freqtrade.resolvers.strategy_resolver - INFO - Strategy using stake_currency: USDT
2026-09-28 19:05:52,226 - freqtrade.resolvers.strategy_resolver - INFO - Strategy using stake_amount: 100
2026-09-28 19:05:52,226 - freqtrade.resolvers.strategy_resolver - INFO - Strategy using startup_candle_count: 20
2026-09-28 19:05:52,226 - freqtrade.resolvers.strategy_resolver - INFO - Strategy using unfilledtimeout: {'entry': 10, 'exit': 30, 'exit_timeout_count': 0, 'unit': 'minutes'}
2026-09-28 19:05:52,226 - freqtrade.resolvers.strategy_resolver - INFO - Strategy using use_exit_signal: True
2026-09-28 19:05:52,226 - freqtrade.resolvers.strategy_resolver - INFO - Strategy using exit_profit_only: False
2026-09-28 19:05:52,226 - freqtrade.resolvers.strategy_resolver - INFO - Strategy using ignore_roi_if_entry_signal: False
2026-09-28 19:05:52,227 - freqtrade.resolvers.strategy_resolver - INFO - Strategy using exit_profit_offset: 0.0
2026-09-28 19:05:52,227 - freqtrade.resolvers.strategy_resolver - INFO - Strategy using disable_dataframe_checks: False
2026-09-28 19:05:52,227 - freqtrade.resolvers.strategy_resolver - INFO - Strategy using ignore_buying_expired_candle_after: 0
2026-09-28 19:05:52,227 - freqtrade.resolvers.strategy_resolver - INFO - Strategy using position_adjustment_enable: False
2026-09-28 19:05:52,227 - freqtrade.resolvers.strategy_resolver - INFO - Strategy using max_entry_position_adjustment: -1
2026-09-28 19:05:52,227 - freqtrade.resolvers.strategy_resolver - INFO - Strategy using max_open_trades: 10
2026-09-28 19:05:52,228 - freqtrade.configuration.config_validation - INFO - Validating configuration ...
2026-09-28 19:05:52,231 - freqtrade.resolvers.iresolver - INFO - Using resolved pairlist StaticPairList from '/freqtrade/freqtrade/plugins/pairlist/StaticPairList.py'...
2026-09-28 19:05:52,241 - freqtrade.optimize.backtesting - INFO - Using fee 0.1000% from config.
2026-09-28 19:05:52,242 - freqtrade.strategy.hyper - INFO - No params for buy found, using default values.
2026-09-28 19:05:52,242 - freqtrade.strategy.hyper - INFO - Strategy Parameter(default): buy_rsi = 30
2026-09-28 19:05:52,242 - freqtrade.strategy.hyper - INFO - Strategy Parameter(default): buy_rsi_enabled = False
2026-09-28 19:05:52,242 - freqtrade.strategy.hyper - INFO - Strategy Parameter(default): buy_trigger = bb_lower3
2026-09-28 19:05:52,243 - freqtrade.strategy.hyper - INFO - No params for sell found, using default values.
2026-09-28 19:05:52,243 - freqtrade.strategy.hyper - INFO - Strategy Parameter(default): sell_rsi = 75
2026-09-28 19:05:52,243 - freqtrade.strategy.hyper - INFO - Strategy Parameter(default): sell_rsi_enabled = True
2026-09-28 19:05:52,243 - freqtrade.strategy.hyper - INFO - Strategy Parameter(default): sell_trigger = bb_middle1
2026-09-28 19:05:52,244 - freqtrade.resolvers.iresolver - INFO - Using resolved hyperoptloss SharpeHyperOptLoss from '/freqtrade/freqtrade/optimize/hyperopt_loss/hyperopt_loss_sharpe.py'...
2026-09-28 19:05:52,555 - freqtrade.optimize.hyperopt.hyperopt_optimizer - INFO - manager queue <class 'multiprocessing.managers.AutoProxy[Queue]'>
2026-09-28 19:05:52,555 - freqtrade.optimize.hyperopt.hyperopt - INFO - Using optimizer random state: 1007
2026-09-28 19:05:52,555 - freqtrade.optimize.hyperopt.hyperopt_interface - INFO - Min roi table: {0: 0.069, 120: 0.046, 240: 0.023, 360: 0}
2026-09-28 19:05:52,555 - freqtrade.optimize.hyperopt.hyperopt_interface - INFO - Max roi table: {0: 0.711, 480: 0.252, 1200: 0.092, 2640: 0}
2026-09-28 19:05:52,744 - freqtrade.optimize.backtesting - INFO - Loading data from 2023-12-31 04:00:00 up to 2025-07-01 00:00:00 (547 days).
2026-09-28 19:05:53,824 - freqtrade.optimize.hyperopt.hyperopt_optimizer - INFO - Dataload complete. Calculating indicators
2026-09-28 19:05:53,950 - freqtrade.optimize.hyperopt.hyperopt_optimizer - INFO - Hyperopting with data from 2024-01-01 00:00:00 up to 2025-07-01 00:00:00 (547 days)..
2026-09-28 19:05:54,226 - freqtrade.optimize.hyperopt.hyperopt - INFO - Found 12 CPU cores. Let's make them scream!
2026-09-28 19:05:54,227 - freqtrade.optimize.hyperopt.hyperopt - INFO - Number of parallel jobs set as: -1
2026-09-28 19:05:54,227 - freqtrade.optimize.hyperopt.hyperopt_optimizer - INFO - Using optuna sampler NSGAIIISampler.
[I 2026-09-28 19:05:54,228] A new study created in memory with name: no-name-058c037a-fb43-4efb-b21b-fc25f7ad097a
2026-09-28 19:05:54,229 - freqtrade.optimize.hyperopt.hyperopt - INFO - Effective number of parallel workers used: 12
                                                                                           Hyperopt results                                                                                             
                         ┏━━━━━━━━┳━━━━━━━━┳━━━━━━━━┳━━━━━━━━━━━━━━━━━━━━━━━━┳━━━━━━━━━━━━┳━━━━━━━━━━━━━━━━━━━━━━━━━━┳━━━━━━━━━━━━━━━━━┳━━━━━━━━━━━┳━━━━━━━━━━━━━━━━━━━━━━━━━┓                          
                         ┃ Best   ┃  Epoch ┃ Trades ┃  Win  Draw  Loss  Win% ┃ Avg profit ┃                   Profit ┃    Avg duration ┃ Objective ┃     Max Drawdown (Acct) ┃                          
                         ┡━━━━━━━━╇━━━━━━━━╇━━━━━━━━╇━━━━━━━━━━━━━━━━━━━━━━━━╇━━━━━━━━━━━━╇━━━━━━━━━━━━━━━━━━━━━━━━━━╇━━━━━━━━━━━━━━━━━╇━━━━━━━━━━━╇━━━━━━━━━━━━━━━━━━━━━━━━━┩                          
                         │ * Best │  1/100 │   2226 │ 1398     0   828  62.8 │     -0.16% │ -350.766 USDT  (-17.54%) │ 2 days, 0:37:00 │   2.04243 │ 693.447 USDT   (32.68%) │                          
                         │ * Best │  3/100 │     56 │   42     0    14  75.0 │      1.39% │   77.795 USDT    (3.89%) │ 2 days, 2:33:00 │  -0.58762 │  19.143 USDT    (0.96%) │                          
                         │ Best   │ 89/100 │    282 │  181     0   101  64.2 │      0.35% │   97.904 USDT    (4.90%) │ 2 days, 4:41:00 │  -0.80328 │  58.669 USDT    (2.85%) │                          
                         └────────┴────────┴────────┴────────────────────────┴────────────┴──────────────────────────┴─────────────────┴───────────┴─────────────────────────┘                          
Epochs ━━━━━━━━━━━━━━━━━━━━━━━━━━━━━━━━━━━━━━━━━━━━━━━━━━━━━━━━━━━━━━━━━━━━━━━━━━━━━━━━━━━━━━━━━━━━━━━━━━━━━━━━━━━━━━━━━━━━━━━━━━━━━━━━━━━━━━━━━━━━━━━━━━━━━━━━━━━━━━━━ 100/100 100% • 0:01:22 • 0:00:00
2026-09-28 19:07:17,242 - freqtrade.optimize.hyperopt.hyperopt - INFO - 100 epochs saved to '/freqtrade/user_data/hyperopt_results/strategy_BBRSIStrategy_2026-09-28_22-05-50.fthypt'.
/freqtrade/user_data/strategies/Strategy002.py:8: FutureWarning: 'freqtrade.vendor.qtpylib.indicators' is deprecated and will be removed in a future release. Import from technical instead - either the module (`from technical import qtpylib`) or a single function (`from technical.qtpylib import crossed_above`).
  import freqtrade.vendor.qtpylib.indicators as qtpylib
2026-09-28 19:07:17,503 - freqtrade.optimize.hyperopt_tools - INFO - Dumping parameters to /freqtrade/user_data/strategies/BBRSIStrategy.json

Best result:

    89/100:    282 trades. 181/0/101 Wins/Draws/Losses. Avg profit   0.35%. Median profit   0.01%. Total profit 97.90401895 USDT (   4.90%). Avg duration 2 days, 4:41:00 min. Objective: -0.80328


    # Buy parameters:
    buy_params = {
        "buy_rsi": 13,
        "buy_rsi_enabled": False,
        "buy_trigger": "bb_lower4",
    }

    # Sell parameters:
    sell_params = {
        "sell_rsi": 69,
        "sell_rsi_enabled": True,
        "sell_trigger": "bb_middle1",
    }

    # ROI parameters:
    minimal_roi = {
        "0": 0.421,
        "389": 0.185,
        "585": 0.071,
        "1332": 0
    }

    # Stoploss parameters:
    stoploss = -0.312

    # Trailing stop parameters:
    trailing_stop = False  # value loaded from strategy
    trailing_stop_positive = None  # value loaded from strategy
    trailing_stop_positive_offset = 0.0  # value loaded from strategy
    trailing_only_offset_is_reached = False  # value loaded from strategy
    

    # max_open_trades parameters:
    max_open_trades = 10  # value loaded from strategy
