2026-09-28 19:03:57,280 - freqtrade - INFO - freqtrade 2026.8
2026-09-28 19:03:57,613 - numexpr.utils - INFO - NumExpr defaulting to 12 threads.
2026-09-28 19:03:58,626 - freqtrade.configuration.load_config - INFO - Using config: user_data/config.json ...
2026-09-28 19:03:58,628 - freqtrade.loggers - INFO - Enabling colorized output.
2026-09-28 19:03:58,628 - freqtrade.loggers - INFO - Logfile configured
2026-09-28 19:03:58,628 - freqtrade.loggers - INFO - Verbosity set to 0
2026-09-28 19:03:58,628 - freqtrade.configuration.configuration - INFO - Parameter -i/--timeframe detected ... Using timeframe: 1h ...
2026-09-28 19:03:58,629 - freqtrade.configuration.configuration - INFO - Using max_open_trades: 10 ...
2026-09-28 19:03:58,629 - freqtrade.configuration.configuration - INFO - Parameter --fee detected, setting fee to: 0.001 ...
2026-09-28 19:03:58,629 - freqtrade.configuration.configuration - INFO - Parameter --timerange detected: 20230702-20241230 ...
2026-09-28 19:03:58,638 - freqtrade.configuration.configuration - INFO - Using user-data directory: /freqtrade/user_data ...
2026-09-28 19:03:58,638 - freqtrade.configuration.configuration - INFO - Using data directory: /freqtrade/user_data/data/binance ...
2026-09-28 19:03:58,639 - freqtrade.configuration.configuration - INFO - Parameter --epochs detected ... Will run Hyperopt with for 100 epochs ...
2026-09-28 19:03:58,639 - freqtrade.configuration.configuration - INFO - Parameter -s/--spaces detected: ['buy', 'sell', 'roi', 'stoploss']
2026-09-28 19:03:58,639 - freqtrade.configuration.configuration - INFO - Parameter -j/--job-workers detected: -1
2026-09-28 19:03:58,639 - freqtrade.configuration.configuration - INFO - Parameter --random-state detected: 1006
2026-09-28 19:03:58,639 - freqtrade.configuration.configuration - INFO - Parameter --min-trades detected: 1
2026-09-28 19:03:58,639 - freqtrade.configuration.configuration - INFO - Using Hyperopt loss class name: SharpeHyperOptLoss
2026-09-28 19:03:58,640 - freqtrade.configuration.configuration - INFO - Filter trades by timerange: 20230702-20241230
2026-09-28 19:03:58,640 - freqtrade.exchange.check_exchange - INFO - Checking exchange...
2026-09-28 19:03:58,645 - freqtrade.exchange.check_exchange - INFO - Exchange "binance" is officially supported by the Freqtrade development team.
2026-09-28 19:03:58,645 - freqtrade.configuration.configuration - INFO - Using pairlist from configuration.
2026-09-28 19:03:58,646 - freqtrade.configuration.config_validation - INFO - Validating configuration ...
2026-09-28 19:03:58,647 - freqtrade.commands.optimize_commands - INFO - Starting freqtrade in Hyperopt mode
2026-09-28 19:03:58,647 - freqtrade.optimize.hyperopt.hyperopt - INFO - Removing `/freqtrade/user_data/hyperopt_results/hyperopt_tickerdata.pkl`.
2026-09-28 19:03:58,650 - freqtrade.exchange.exchange - INFO - Instance is running with dry_run enabled
2026-09-28 19:03:58,650 - freqtrade.exchange.exchange - INFO - Using CCXT 4.5.76
2026-09-28 19:03:58,651 - freqtrade.exchange.exchange - INFO - Applying additional ccxt config: {'enableRateLimit': True}
2026-09-28 19:03:58,655 - freqtrade.exchange.exchange - INFO - Applying additional ccxt config: {'enableRateLimit': True}
2026-09-28 19:03:58,660 - freqtrade.exchange.exchange - INFO - Using Exchange "Binance"
2026-09-28 19:04:00,419 - freqtrade.resolvers.exchange_resolver - INFO - Using resolved exchange class 'Binance' ...
2026-09-28 19:04:00,427 - freqtrade.resolvers.iresolver - INFO - Using resolved strategy BBRSIStrategy from '/freqtrade/user_data/strategies/BBRSIStrategy.py'...
2026-09-28 19:04:00,427 - freqtrade.strategy.hyper - INFO - Found no parameter file.
2026-09-28 19:04:00,427 - freqtrade.resolvers.strategy_resolver - INFO - Override strategy 'timeframe' with value from the configuration: 1h.
2026-09-28 19:04:00,428 - freqtrade.resolvers.strategy_resolver - INFO - Override strategy 'stoploss' with value from the configuration: -0.1.
2026-09-28 19:04:00,428 - freqtrade.resolvers.strategy_resolver - INFO - Override strategy 'stake_currency' with value from the configuration: USDT.
2026-09-28 19:04:00,428 - freqtrade.resolvers.strategy_resolver - INFO - Override strategy 'stake_amount' with value from the configuration: 100.
2026-09-28 19:04:00,428 - freqtrade.resolvers.strategy_resolver - INFO - Override strategy 'unfilledtimeout' with value from the configuration: {'entry': 10, 'exit': 30, 'exit_timeout_count': 0, 
'unit': 'minutes'}.
2026-09-28 19:04:00,428 - freqtrade.resolvers.strategy_resolver - INFO - Override strategy 'use_exit_signal' with value from the configuration: True.
2026-09-28 19:04:00,428 - freqtrade.resolvers.strategy_resolver - INFO - Override strategy 'exit_profit_only' with value from the configuration: False.
2026-09-28 19:04:00,428 - freqtrade.resolvers.strategy_resolver - INFO - Override strategy 'ignore_roi_if_entry_signal' with value from the configuration: False.
2026-09-28 19:04:00,429 - freqtrade.resolvers.strategy_resolver - INFO - Override strategy 'max_open_trades' with value from the configuration: 10.
2026-09-28 19:04:00,429 - freqtrade.resolvers.strategy_resolver - INFO - Strategy using minimal_roi: {'0': 0.09638, '19': 0.03643, '69': 0.01923, '120': 0}
2026-09-28 19:04:00,429 - freqtrade.resolvers.strategy_resolver - INFO - Strategy using timeframe: 1h
2026-09-28 19:04:00,429 - freqtrade.resolvers.strategy_resolver - INFO - Strategy using stoploss: -0.1
2026-09-28 19:04:00,429 - freqtrade.resolvers.strategy_resolver - INFO - Strategy using trailing_stop: False
2026-09-28 19:04:00,429 - freqtrade.resolvers.strategy_resolver - INFO - Strategy using trailing_stop_positive_offset: 0.0
2026-09-28 19:04:00,429 - freqtrade.resolvers.strategy_resolver - INFO - Strategy using trailing_only_offset_is_reached: False
2026-09-28 19:04:00,430 - freqtrade.resolvers.strategy_resolver - INFO - Strategy using use_custom_stoploss: False
2026-09-28 19:04:00,430 - freqtrade.resolvers.strategy_resolver - INFO - Strategy using process_only_new_candles: True
2026-09-28 19:04:00,430 - freqtrade.resolvers.strategy_resolver - INFO - Strategy using order_types: {'entry': 'limit', 'exit': 'limit', 'stoploss': 'limit', 'stoploss_on_exchange': False}
2026-09-28 19:04:00,430 - freqtrade.resolvers.strategy_resolver - INFO - Strategy using order_time_in_force: {'entry': 'GTC', 'exit': 'GTC'}
2026-09-28 19:04:00,430 - freqtrade.resolvers.strategy_resolver - INFO - Strategy using stake_currency: USDT
2026-09-28 19:04:00,430 - freqtrade.resolvers.strategy_resolver - INFO - Strategy using stake_amount: 100
2026-09-28 19:04:00,430 - freqtrade.resolvers.strategy_resolver - INFO - Strategy using startup_candle_count: 20
2026-09-28 19:04:00,430 - freqtrade.resolvers.strategy_resolver - INFO - Strategy using unfilledtimeout: {'entry': 10, 'exit': 30, 'exit_timeout_count': 0, 'unit': 'minutes'}
2026-09-28 19:04:00,431 - freqtrade.resolvers.strategy_resolver - INFO - Strategy using use_exit_signal: True
2026-09-28 19:04:00,431 - freqtrade.resolvers.strategy_resolver - INFO - Strategy using exit_profit_only: False
2026-09-28 19:04:00,431 - freqtrade.resolvers.strategy_resolver - INFO - Strategy using ignore_roi_if_entry_signal: False
2026-09-28 19:04:00,431 - freqtrade.resolvers.strategy_resolver - INFO - Strategy using exit_profit_offset: 0.0
2026-09-28 19:04:00,431 - freqtrade.resolvers.strategy_resolver - INFO - Strategy using disable_dataframe_checks: False
2026-09-28 19:04:00,431 - freqtrade.resolvers.strategy_resolver - INFO - Strategy using ignore_buying_expired_candle_after: 0
2026-09-28 19:04:00,431 - freqtrade.resolvers.strategy_resolver - INFO - Strategy using position_adjustment_enable: False
2026-09-28 19:04:00,431 - freqtrade.resolvers.strategy_resolver - INFO - Strategy using max_entry_position_adjustment: -1
2026-09-28 19:04:00,432 - freqtrade.resolvers.strategy_resolver - INFO - Strategy using max_open_trades: 10
2026-09-28 19:04:00,432 - freqtrade.configuration.config_validation - INFO - Validating configuration ...
2026-09-28 19:04:00,435 - freqtrade.resolvers.iresolver - INFO - Using resolved pairlist StaticPairList from '/freqtrade/freqtrade/plugins/pairlist/StaticPairList.py'...
2026-09-28 19:04:00,443 - freqtrade.optimize.backtesting - INFO - Using fee 0.1000% from config.
2026-09-28 19:04:00,444 - freqtrade.strategy.hyper - INFO - No params for buy found, using default values.
2026-09-28 19:04:00,444 - freqtrade.strategy.hyper - INFO - Strategy Parameter(default): buy_rsi = 30
2026-09-28 19:04:00,444 - freqtrade.strategy.hyper - INFO - Strategy Parameter(default): buy_rsi_enabled = False
2026-09-28 19:04:00,445 - freqtrade.strategy.hyper - INFO - Strategy Parameter(default): buy_trigger = bb_lower3
2026-09-28 19:04:00,445 - freqtrade.strategy.hyper - INFO - No params for sell found, using default values.
2026-09-28 19:04:00,445 - freqtrade.strategy.hyper - INFO - Strategy Parameter(default): sell_rsi = 75
2026-09-28 19:04:00,445 - freqtrade.strategy.hyper - INFO - Strategy Parameter(default): sell_rsi_enabled = True
2026-09-28 19:04:00,445 - freqtrade.strategy.hyper - INFO - Strategy Parameter(default): sell_trigger = bb_middle1
2026-09-28 19:04:00,446 - freqtrade.resolvers.iresolver - INFO - Using resolved hyperoptloss SharpeHyperOptLoss from '/freqtrade/freqtrade/optimize/hyperopt_loss/hyperopt_loss_sharpe.py'...
2026-09-28 19:04:00,752 - freqtrade.optimize.hyperopt.hyperopt_optimizer - INFO - manager queue <class 'multiprocessing.managers.AutoProxy[Queue]'>
2026-09-28 19:04:00,752 - freqtrade.optimize.hyperopt.hyperopt - INFO - Using optimizer random state: 1006
2026-09-28 19:04:00,752 - freqtrade.optimize.hyperopt.hyperopt_interface - INFO - Min roi table: {0: 0.069, 120: 0.046, 240: 0.023, 360: 0}
2026-09-28 19:04:00,753 - freqtrade.optimize.hyperopt.hyperopt_interface - INFO - Max roi table: {0: 0.711, 480: 0.252, 1200: 0.092, 2640: 0}
2026-09-28 19:04:00,936 - freqtrade.optimize.backtesting - INFO - Loading data from 2023-07-01 04:00:00 up to 2024-12-30 00:00:00 (547 days).
2026-09-28 19:04:01,957 - freqtrade.optimize.hyperopt.hyperopt_optimizer - INFO - Dataload complete. Calculating indicators
2026-09-28 19:04:02,079 - freqtrade.optimize.hyperopt.hyperopt_optimizer - INFO - Hyperopting with data from 2023-07-02 00:00:00 up to 2024-12-30 00:00:00 (547 days)..
2026-09-28 19:04:02,358 - freqtrade.optimize.hyperopt.hyperopt - INFO - Found 12 CPU cores. Let's make them scream!
2026-09-28 19:04:02,359 - freqtrade.optimize.hyperopt.hyperopt - INFO - Number of parallel jobs set as: -1
2026-09-28 19:04:02,359 - freqtrade.optimize.hyperopt.hyperopt_optimizer - INFO - Using optuna sampler NSGAIIISampler.
[I 2026-09-28 19:04:02,360] A new study created in memory with name: no-name-b020d61d-d9f9-4d8d-a986-b55cee60cb42
2026-09-28 19:04:02,361 - freqtrade.optimize.hyperopt.hyperopt - INFO - Effective number of parallel workers used: 12
                                                                                           Hyperopt results                                                                                             
                        ┏━━━━━━━━┳━━━━━━━━┳━━━━━━━━┳━━━━━━━━━━━━━━━━━━━━━━━━┳━━━━━━━━━━━━┳━━━━━━━━━━━━━━━━━━━━━━━━━━━┳━━━━━━━━━━━━━━━━━┳━━━━━━━━━━━┳━━━━━━━━━━━━━━━━━━━━━━━━━━┓                         
                        ┃ Best   ┃  Epoch ┃ Trades ┃  Win  Draw  Loss  Win% ┃ Avg profit ┃                    Profit ┃    Avg duration ┃ Objective ┃      Max Drawdown (Acct) ┃                         
                        ┡━━━━━━━━╇━━━━━━━━╇━━━━━━━━╇━━━━━━━━━━━━━━━━━━━━━━━━╇━━━━━━━━━━━━╇━━━━━━━━━━━━━━━━━━━━━━━━━━━╇━━━━━━━━━━━━━━━━━╇━━━━━━━━━━━╇━━━━━━━━━━━━━━━━━━━━━━━━━━┩                         
                        │ * Best │  1/100 │  10196 │ 5572     1  4623  54.6 │     -0.16% │ -1642.116 USDT  (-82.11%) │         3:58:00 │  38.09224 │ 1741.218 USDT   (86.54%) │                         
                        │ * Best │  2/100 │   4124 │ 2678     0  1446  64.9 │     -0.07% │  -275.997 USDT  (-13.80%) │        20:31:00 │   2.85964 │  797.710 USDT   (36.82%) │                         
                        │ * Best │  4/100 │   3721 │ 2363     0  1358  63.5 │     -0.02% │   -62.083 USDT   (-3.10%) │        13:49:00 │   0.82276 │  491.754 USDT   (22.77%) │                         
                        │ * Best │  5/100 │    308 │  192     0   116  62.3 │     -0.30% │   -93.404 USDT   (-4.67%) │        16:53:00 │   0.74795 │  127.986 USDT    (6.31%) │                         
                        │ * Best │ 10/100 │     19 │   11     0     8  57.9 │     -0.14% │    -2.648 USDT   (-0.13%) │        21:51:00 │   0.03628 │   10.202 USDT    (0.51%) │                         
                        │ * Best │ 12/100 │    205 │  135     0    70  65.9 │      0.08% │    15.901 USDT    (0.80%) │        11:18:00 │  -0.25811 │   31.947 USDT    (1.59%) │                         
                        │ * Best │ 15/100 │   1642 │ 1038     0   604  63.2 │      0.02% │    27.724 USDT    (1.39%) │        15:17:00 │  -0.28643 │  336.045 USDT   (14.72%) │                         
                        │ Best   │ 35/100 │    410 │  269     0   141  65.6 │      0.10% │    41.457 USDT    (2.07%) │ 1 day, 15:37:00 │  -0.32270 │   95.578 USDT    (4.62%) │                         
                        │ Best   │ 38/100 │    426 │  275     0   151  64.6 │      0.12% │    50.288 USDT    (2.51%) │         6:14:00 │  -1.16087 │   38.984 USDT    (1.93%) │                         
                        │ Best   │ 39/100 │   1634 │ 1032     0   602  63.2 │      0.08% │   125.102 USDT    (6.26%) │        15:23:00 │  -1.44989 │  276.388 USDT   (12.02%) │                         
                        │ Best   │ 73/100 │    907 │  664     1   242  73.2 │      0.44% │   396.596 USDT   (19.83%) │ 5 days, 6:55:00 │  -1.89713 │  510.633 USDT   (20.38%) │                         
                        │ Best   │ 74/100 │   2268 │ 1484     0   784  65.4 │      0.10% │   217.339 USDT   (10.87%) │        21:00:00 │  -2.30435 │  234.980 USDT   (10.34%) │                         
                        │ Best   │ 76/100 │   2506 │ 1646     0   860  65.7 │      0.08% │   207.185 USDT   (10.36%) │        12:59:00 │  -3.00809 │  178.109 USDT    (8.06%) │                         
                        └────────┴────────┴────────┴────────────────────────┴────────────┴───────────────────────────┴─────────────────┴───────────┴──────────────────────────┘                         
Epochs ━━━━━━━━━━━━━━━━━━━━━━━━━━━━━━━━━━━━━━━━━━━━━━━━━━━━━━━━━━━━━━━━━━━━━━━━━━━━━━━━━━━━━━━━━━━━━━━━━━━━━━━━━━━━━━━━━━━━━━━━━━━━━━━━━━━━━━━━━━━━━━━━━━━━━━━━━━━━━━━━ 100/100 100% • 0:01:22 • 0:00:00
2026-09-28 19:05:24,548 - freqtrade.optimize.hyperopt.hyperopt - INFO - 100 epochs saved to '/freqtrade/user_data/hyperopt_results/strategy_BBRSIStrategy_2026-09-28_22-03-58.fthypt'.
/freqtrade/user_data/strategies/Strategy002.py:8: FutureWarning: 'freqtrade.vendor.qtpylib.indicators' is deprecated and will be removed in a future release. Import from technical instead - either the module (`from technical import qtpylib`) or a single function (`from technical.qtpylib import crossed_above`).
  import freqtrade.vendor.qtpylib.indicators as qtpylib
2026-09-28 19:05:24,838 - freqtrade.optimize.hyperopt_tools - INFO - Dumping parameters to /freqtrade/user_data/strategies/BBRSIStrategy.json

Best result:

    76/100:   2506 trades. 1646/0/860 Wins/Draws/Losses. Avg profit   0.08%. Median profit   0.43%. Total profit 207.18515829 USDT (  10.36%). Avg duration 12:59:00 min. Objective: -3.00809


    # Buy parameters:
    buy_params = {
        "buy_rsi": 38,
        "buy_rsi_enabled": True,
        "buy_trigger": "bb_lower2",
    }

    # Sell parameters:
    sell_params = {
        "sell_rsi": 38,
        "sell_rsi_enabled": False,
        "sell_trigger": "bb_middle1",
    }

    # ROI parameters:
    minimal_roi = {
        "0": 0.535,
        "392": 0.126,
        "774": 0.034,
        "1456": 0
    }

    # Stoploss parameters:
    stoploss = -0.318

    # Trailing stop parameters:
    trailing_stop = False  # value loaded from strategy
    trailing_stop_positive = None  # value loaded from strategy
    trailing_stop_positive_offset = 0.0  # value loaded from strategy
    trailing_only_offset_is_reached = False  # value loaded from strategy
    

    # max_open_trades parameters:
    max_open_trades = 10  # value loaded from strategy
