2026-09-28 19:07:20,371 - freqtrade - INFO - freqtrade 2026.8
2026-09-28 19:07:20,544 - numexpr.utils - INFO - NumExpr defaulting to 12 threads.
2026-09-28 19:07:21,676 - freqtrade.configuration.load_config - INFO - Using config: user_data/config.json ...
2026-09-28 19:07:21,677 - freqtrade.loggers - INFO - Enabling colorized output.
2026-09-28 19:07:21,677 - freqtrade.loggers - INFO - Logfile configured
2026-09-28 19:07:21,677 - freqtrade.loggers - INFO - Verbosity set to 0
2026-09-28 19:07:21,678 - freqtrade.configuration.configuration - INFO - Parameter -i/--timeframe detected ... Using timeframe: 1h ...
2026-09-28 19:07:21,678 - freqtrade.configuration.configuration - INFO - Using max_open_trades: 10 ...
2026-09-28 19:07:21,678 - freqtrade.configuration.configuration - INFO - Parameter --fee detected, setting fee to: 0.001 ...
2026-09-28 19:07:21,678 - freqtrade.configuration.configuration - INFO - Parameter --timerange detected: 20240101-20250701 ...
2026-09-28 19:07:21,689 - freqtrade.configuration.configuration - INFO - Using user-data directory: /freqtrade/user_data ...
2026-09-28 19:07:21,689 - freqtrade.configuration.configuration - INFO - Using data directory: /freqtrade/user_data/data/binance ...
2026-09-28 19:07:21,689 - freqtrade.configuration.configuration - INFO - Storing backtest results to wf/fold7-is.json ...
2026-09-28 19:07:21,690 - freqtrade.configuration.configuration - WARNING - DEPRECATED: Using `--export-filename` has no impact when backtesting. Please use `--notes` to annotate backtest results and 
`--backtest-directory` to specify the output directory. 
2026-09-28 19:07:21,690 - freqtrade.configuration.configuration - INFO - Parameter --export detected: trades ...
2026-09-28 19:07:21,690 - freqtrade.configuration.configuration - INFO - Parameter --cache=none detected ...
2026-09-28 19:07:21,690 - freqtrade.configuration.configuration - INFO - Filter trades by timerange: 20240101-20250701
2026-09-28 19:07:21,691 - freqtrade.exchange.check_exchange - INFO - Checking exchange...
2026-09-28 19:07:21,698 - freqtrade.exchange.check_exchange - INFO - Exchange "binance" is officially supported by the Freqtrade development team.
2026-09-28 19:07:21,698 - freqtrade.configuration.configuration - INFO - Using pairlist from configuration.
2026-09-28 19:07:21,698 - freqtrade.configuration.config_validation - INFO - Validating configuration ...
2026-09-28 19:07:21,699 - freqtrade.commands.optimize_commands - INFO - Starting freqtrade in Backtesting mode
2026-09-28 19:07:21,700 - freqtrade.exchange.exchange - INFO - Instance is running with dry_run enabled
2026-09-28 19:07:21,700 - freqtrade.exchange.exchange - INFO - Using CCXT 4.5.76
2026-09-28 19:07:21,700 - freqtrade.exchange.exchange - INFO - Applying additional ccxt config: {'enableRateLimit': True}
2026-09-28 19:07:21,707 - freqtrade.exchange.exchange - INFO - Applying additional ccxt config: {'enableRateLimit': True}
2026-09-28 19:07:21,713 - freqtrade.exchange.exchange - INFO - Using Exchange "Binance"
2026-09-28 19:07:23,266 - freqtrade.resolvers.exchange_resolver - INFO - Using resolved exchange class 'Binance' ...
2026-09-28 19:07:23,273 - freqtrade.resolvers.iresolver - INFO - Using resolved strategy BBRSIStrategy from '/freqtrade/user_data/strategies/BBRSIStrategy.py'...
2026-09-28 19:07:23,274 - freqtrade.strategy.hyper - INFO - Loading parameters from file /freqtrade/user_data/strategies/BBRSIStrategy.json
2026-09-28 19:07:23,274 - freqtrade.resolvers.strategy_resolver - INFO - Override strategy 'timeframe' with value from the configuration: 1h.
2026-09-28 19:07:23,274 - freqtrade.resolvers.strategy_resolver - INFO - Override strategy 'stoploss' with value from the configuration: -0.1.
2026-09-28 19:07:23,274 - freqtrade.resolvers.strategy_resolver - INFO - Override strategy 'stake_currency' with value from the configuration: USDT.
2026-09-28 19:07:23,275 - freqtrade.resolvers.strategy_resolver - INFO - Override strategy 'stake_amount' with value from the configuration: 100.
2026-09-28 19:07:23,275 - freqtrade.resolvers.strategy_resolver - INFO - Override strategy 'unfilledtimeout' with value from the configuration: {'entry': 10, 'exit': 30, 'exit_timeout_count': 0, 
'unit': 'minutes'}.
2026-09-28 19:07:23,275 - freqtrade.resolvers.strategy_resolver - INFO - Override strategy 'use_exit_signal' with value from the configuration: True.
2026-09-28 19:07:23,275 - freqtrade.resolvers.strategy_resolver - INFO - Override strategy 'exit_profit_only' with value from the configuration: False.
2026-09-28 19:07:23,275 - freqtrade.resolvers.strategy_resolver - INFO - Override strategy 'ignore_roi_if_entry_signal' with value from the configuration: False.
2026-09-28 19:07:23,275 - freqtrade.resolvers.strategy_resolver - INFO - Override strategy 'max_open_trades' with value from the configuration: 10.
2026-09-28 19:07:23,276 - freqtrade.resolvers.strategy_resolver - INFO - Strategy using minimal_roi: {'0': 0.421, '389': 0.185, '585': 0.071, '1332': 0}
2026-09-28 19:07:23,276 - freqtrade.resolvers.strategy_resolver - INFO - Strategy using timeframe: 1h
2026-09-28 19:07:23,276 - freqtrade.resolvers.strategy_resolver - INFO - Strategy using stoploss: -0.1
2026-09-28 19:07:23,276 - freqtrade.resolvers.strategy_resolver - INFO - Strategy using trailing_stop: False
2026-09-28 19:07:23,276 - freqtrade.resolvers.strategy_resolver - INFO - Strategy using trailing_stop_positive_offset: 0.0
2026-09-28 19:07:23,277 - freqtrade.resolvers.strategy_resolver - INFO - Strategy using trailing_only_offset_is_reached: False
2026-09-28 19:07:23,277 - freqtrade.resolvers.strategy_resolver - INFO - Strategy using use_custom_stoploss: False
2026-09-28 19:07:23,277 - freqtrade.resolvers.strategy_resolver - INFO - Strategy using process_only_new_candles: True
2026-09-28 19:07:23,277 - freqtrade.resolvers.strategy_resolver - INFO - Strategy using order_types: {'entry': 'limit', 'exit': 'limit', 'stoploss': 'limit', 'stoploss_on_exchange': False}
2026-09-28 19:07:23,277 - freqtrade.resolvers.strategy_resolver - INFO - Strategy using order_time_in_force: {'entry': 'GTC', 'exit': 'GTC'}
2026-09-28 19:07:23,277 - freqtrade.resolvers.strategy_resolver - INFO - Strategy using stake_currency: USDT
2026-09-28 19:07:23,278 - freqtrade.resolvers.strategy_resolver - INFO - Strategy using stake_amount: 100
2026-09-28 19:07:23,278 - freqtrade.resolvers.strategy_resolver - INFO - Strategy using startup_candle_count: 20
2026-09-28 19:07:23,278 - freqtrade.resolvers.strategy_resolver - INFO - Strategy using unfilledtimeout: {'entry': 10, 'exit': 30, 'exit_timeout_count': 0, 'unit': 'minutes'}
2026-09-28 19:07:23,278 - freqtrade.resolvers.strategy_resolver - INFO - Strategy using use_exit_signal: True
2026-09-28 19:07:23,278 - freqtrade.resolvers.strategy_resolver - INFO - Strategy using exit_profit_only: False
2026-09-28 19:07:23,278 - freqtrade.resolvers.strategy_resolver - INFO - Strategy using ignore_roi_if_entry_signal: False
2026-09-28 19:07:23,279 - freqtrade.resolvers.strategy_resolver - INFO - Strategy using exit_profit_offset: 0.0
2026-09-28 19:07:23,279 - freqtrade.resolvers.strategy_resolver - INFO - Strategy using disable_dataframe_checks: False
2026-09-28 19:07:23,279 - freqtrade.resolvers.strategy_resolver - INFO - Strategy using ignore_buying_expired_candle_after: 0
2026-09-28 19:07:23,279 - freqtrade.resolvers.strategy_resolver - INFO - Strategy using position_adjustment_enable: False
2026-09-28 19:07:23,279 - freqtrade.resolvers.strategy_resolver - INFO - Strategy using max_entry_position_adjustment: -1
2026-09-28 19:07:23,279 - freqtrade.resolvers.strategy_resolver - INFO - Strategy using max_open_trades: 10
2026-09-28 19:07:23,280 - freqtrade.configuration.config_validation - INFO - Validating configuration ...
2026-09-28 19:07:23,282 - freqtrade.resolvers.iresolver - INFO - Using resolved pairlist StaticPairList from '/freqtrade/freqtrade/plugins/pairlist/StaticPairList.py'...
2026-09-28 19:07:23,291 - freqtrade.optimize.backtesting - INFO - Using fee 0.1000% from config.
2026-09-28 19:07:23,495 - freqtrade.optimize.backtesting - INFO - Loading data from 2023-12-31 04:00:00 up to 2025-07-01 00:00:00 (547 days).
2026-09-28 19:07:24,538 - freqtrade.optimize.backtesting - INFO - Dataload complete. Calculating indicators
2026-09-28 19:07:24,539 - freqtrade.optimize.backtesting - INFO - Running backtesting for Strategy BBRSIStrategy
2026-09-28 19:07:24,539 - freqtrade.strategy.hyper - INFO - Strategy Parameter: buy_rsi = 13
2026-09-28 19:07:24,540 - freqtrade.strategy.hyper - INFO - Strategy Parameter: buy_rsi_enabled = False
2026-09-28 19:07:24,540 - freqtrade.strategy.hyper - INFO - Strategy Parameter: buy_trigger = bb_lower4
2026-09-28 19:07:24,540 - freqtrade.strategy.hyper - INFO - Strategy Parameter: sell_rsi = 69
2026-09-28 19:07:24,540 - freqtrade.strategy.hyper - INFO - Strategy Parameter: sell_rsi_enabled = True
2026-09-28 19:07:24,540 - freqtrade.strategy.hyper - INFO - Strategy Parameter: sell_trigger = bb_middle1
2026-09-28 19:07:24,663 - freqtrade.optimize.backtesting - INFO - Backtesting with data from 2024-01-01 00:00:00 up to 2025-07-01 00:00:00 (547 days).
backtest ━━━━━━━━━━━━━━━━━━━━━━━━━━━━━━━━━━━━━━━━━━━━━━━━━━━━━━━━━━━━━━━━━━━━━━━━━━━━━━━━━━━━━━━━━━━━━━━━━━━━━━━━━━━━━━━━━━━━━━━━━━━━━━━━━━━━━━━━━━━━━━━━━━━━━━━━━━ 4/4         100% • 0:00:01 • 0:00:00
backtest ━━━━━━━━━━━━━━━━━━━━━━━━━━━━━━━━━━━━━━━━━━━━━━━━━━━━━━━━━━━━━━━━━━━━━━━━━━━━━━━━━━━━━━━━━━━━━━━━━━━━━━━━━━━━━━━━━━━━━━━━━━━━━━━━━━━━━━━━━━━━━━━━━━━━━━━━━━ 13128/13128 100% • 0:00:02 • 0:00:00
2026-09-28 19:07:26,401 - freqtrade.misc - INFO - dumping json to "/freqtrade/user_data/backtest_results/backtest-result-2026-09-28_22-07-26.meta.json"
Result for strategy BBRSIStrategy
                                               BACKTESTING REPORT                                                
┏━━━━━━━━━━━┳━━━━━━━━┳━━━━━━━━━━━━━━┳━━━━━━━━━━━━━━━━━┳━━━━━━━━━━━━━━┳━━━━━━━━━━━━━━━━━┳━━━━━━━━━━━━━━━━━━━━━━━━┓
┃      Pair ┃ Trades ┃ Avg Profit % ┃ Tot Profit USDT ┃ Tot Profit % ┃    Avg Duration ┃  Win  Draw  Loss  Win% ┃
┡━━━━━━━━━━━╇━━━━━━━━╇━━━━━━━━━━━━━━╇━━━━━━━━━━━━━━━━━╇━━━━━━━━━━━━━━╇━━━━━━━━━━━━━━━━━╇━━━━━━━━━━━━━━━━━━━━━━━━┩
│ LINK/USDT │     16 │         1.49 │          23.802 │         1.19 │  1 day, 5:04:00 │   11     0     5  68.8 │
│ NEAR/USDT │     11 │         1.42 │          15.576 │         0.78 │  1 day, 5:27:00 │    8     0     3  72.7 │
│  BNB/USDT │     18 │         0.52 │           9.424 │         0.47 │  1 day, 1:20:00 │   14     0     4  77.8 │
│  ZEC/USDT │     13 │         0.18 │           2.280 │         0.11 │        23:46:00 │    9     0     4  69.2 │
│  BTC/USDT │     35 │         0.03 │           1.151 │         0.06 │ 1 day, 16:31:00 │   25     0    10  71.4 │
│  XRP/USDT │     17 │        -0.06 │          -1.038 │        -0.05 │  1 day, 3:18:00 │    9     0     8  52.9 │
│  XLM/USDT │     14 │        -0.24 │          -3.344 │        -0.17 │  1 day, 9:30:00 │   10     0     4  71.4 │
│  ADA/USDT │     15 │        -0.29 │          -4.354 │        -0.22 │ 1 day, 17:08:00 │    9     0     6  60.0 │
│  LTC/USDT │     18 │         -0.6 │         -10.717 │        -0.54 │  1 day, 8:43:00 │   12     0     6  66.7 │
│  TRX/USDT │     27 │        -0.47 │         -12.734 │        -0.64 │ 2 days, 8:09:00 │   18     0     9  66.7 │
│ ALGO/USDT │     15 │        -1.24 │         -18.554 │        -0.93 │ 1 day, 10:32:00 │    9     0     6  60.0 │
│ AVAX/USDT │     16 │         -1.3 │         -20.817 │        -1.04 │  1 day, 1:45:00 │   10     0     6  62.5 │
│  ETH/USDT │     20 │        -1.63 │         -32.615 │        -1.63 │ 1 day, 22:30:00 │   12     0     8  60.0 │
│ HBAR/USDT │     14 │        -2.47 │         -34.646 │        -1.73 │  1 day, 1:34:00 │    6     0     8  42.9 │
│  SOL/USDT │     14 │        -2.49 │         -34.828 │        -1.74 │  1 day, 5:56:00 │    5     0     9  35.7 │
│ DOGE/USDT │     17 │        -2.05 │         -34.846 │        -1.74 │  1 day, 6:28:00 │    7     0    10  41.2 │
│  UNI/USDT │     13 │         -5.1 │         -66.380 │        -3.32 │  1 day, 0:05:00 │    4     0     9  30.8 │
│     TOTAL │    293 │        -0.76 │        -222.639 │       -11.13 │ 1 day, 10:27:00 │  178     0   115  60.8 │
└───────────┴────────┴──────────────┴─────────────────┴──────────────┴─────────────────┴────────────────────────┘
                                         LEFT OPEN TRADES REPORT                                          
┏━━━━━━━┳━━━━━━━━┳━━━━━━━━━━━━━━┳━━━━━━━━━━━━━━━━━┳━━━━━━━━━━━━━━┳━━━━━━━━━━━━━━┳━━━━━━━━━━━━━━━━━━━━━━━━┓
┃  Pair ┃ Trades ┃ Avg Profit % ┃ Tot Profit USDT ┃ Tot Profit % ┃ Avg Duration ┃  Win  Draw  Loss  Win% ┃
┡━━━━━━━╇━━━━━━━━╇━━━━━━━━━━━━━━╇━━━━━━━━━━━━━━━━━╇━━━━━━━━━━━━━━╇━━━━━━━━━━━━━━╇━━━━━━━━━━━━━━━━━━━━━━━━┩
│ TOTAL │      0 │          0.0 │           0.000 │          0.0 │         0:00 │    0     0     0     0 │
└───────┴────────┴──────────────┴─────────────────┴──────────────┴──────────────┴────────────────────────┘
                                                 ENTER TAG STATS                                                  
┏━━━━━━━━━━━┳━━━━━━━━━┳━━━━━━━━━━━━━━┳━━━━━━━━━━━━━━━━━┳━━━━━━━━━━━━━━┳━━━━━━━━━━━━━━━━━┳━━━━━━━━━━━━━━━━━━━━━━━━┓
┃ Enter Tag ┃ Entries ┃ Avg Profit % ┃ Tot Profit USDT ┃ Tot Profit % ┃    Avg Duration ┃  Win  Draw  Loss  Win% ┃
┡━━━━━━━━━━━╇━━━━━━━━━╇━━━━━━━━━━━━━━╇━━━━━━━━━━━━━━━━━╇━━━━━━━━━━━━━━╇━━━━━━━━━━━━━━━━━╇━━━━━━━━━━━━━━━━━━━━━━━━┩
│     OTHER │     293 │        -0.76 │        -222.639 │       -11.13 │ 1 day, 10:27:00 │  178     0   115  60.8 │
│     TOTAL │     293 │        -0.76 │        -222.639 │       -11.13 │ 1 day, 10:27:00 │  178     0   115  60.8 │
└───────────┴─────────┴──────────────┴─────────────────┴──────────────┴─────────────────┴────────────────────────┘
                                                EXIT REASON STATS                                                 
┏━━━━━━━━━━━━━┳━━━━━━━┳━━━━━━━━━━━━━━┳━━━━━━━━━━━━━━━━━┳━━━━━━━━━━━━━━┳━━━━━━━━━━━━━━━━━┳━━━━━━━━━━━━━━━━━━━━━━━━┓
┃ Exit Reason ┃ Exits ┃ Avg Profit % ┃ Tot Profit USDT ┃ Tot Profit % ┃    Avg Duration ┃  Win  Draw  Loss  Win% ┃
┡━━━━━━━━━━━━━╇━━━━━━━╇━━━━━━━━━━━━━━╇━━━━━━━━━━━━━━━━━╇━━━━━━━━━━━━━━╇━━━━━━━━━━━━━━━━━╇━━━━━━━━━━━━━━━━━━━━━━━━┩
│         roi │   200 │         1.91 │         381.670 │        19.08 │  1 day, 2:19:00 │  165     0    35  82.5 │
│ exit_signal │    33 │         0.18 │           5.796 │         0.29 │ 3 days, 5:51:00 │   13     0    20  39.4 │
│   stop_loss │    60 │       -10.17 │        -610.106 │       -30.51 │ 1 day, 13:42:00 │    0     0    60     0 │
│       TOTAL │   293 │        -0.76 │        -222.639 │       -11.13 │ 1 day, 10:27:00 │  178     0   115  60.8 │
└─────────────┴───────┴──────────────┴─────────────────┴──────────────┴─────────────────┴────────────────────────┘
                                                        MIXED TAG STATS                                                        
┏━━━━━━━━━━━┳━━━━━━━━━━━━━┳━━━━━━━━┳━━━━━━━━━━━━━━┳━━━━━━━━━━━━━━━━━┳━━━━━━━━━━━━━━┳━━━━━━━━━━━━━━━━━┳━━━━━━━━━━━━━━━━━━━━━━━━┓
┃ Enter Tag ┃ Exit Reason ┃ Trades ┃ Avg Profit % ┃ Tot Profit USDT ┃ Tot Profit % ┃    Avg Duration ┃  Win  Draw  Loss  Win% ┃
┡━━━━━━━━━━━╇━━━━━━━━━━━━━╇━━━━━━━━╇━━━━━━━━━━━━━━╇━━━━━━━━━━━━━━━━━╇━━━━━━━━━━━━━━╇━━━━━━━━━━━━━━━━━╇━━━━━━━━━━━━━━━━━━━━━━━━┩
│           │         roi │    200 │         1.91 │         381.670 │        19.08 │  1 day, 2:19:00 │  165     0    35  82.5 │
│           │ exit_signal │     33 │         0.18 │           5.796 │         0.29 │ 3 days, 5:51:00 │   13     0    20  39.4 │
│           │   stop_loss │     60 │       -10.17 │        -610.106 │       -30.51 │ 1 day, 13:42:00 │    0     0    60     0 │
│     TOTAL │             │    293 │        -0.76 │        -222.639 │       -11.13 │ 1 day, 10:27:00 │  178     0   115  60.8 │
└───────────┴─────────────┴────────┴──────────────┴─────────────────┴──────────────┴─────────────────┴────────────────────────┘
                                   SUMMARY METRICS                                    
┏━━━━━━━━━━━━━━━━━━━━━━━━━━━━━━━━━━━━━━━━┳━━━━━━━━━━━━━━━━━━━━━━━━━━━━━━━━━━━━━━━━━━━┓
┃ Metric                                 ┃ Value                                     ┃
┡━━━━━━━━━━━━━━━━━━━━━━━━━━━━━━━━━━━━━━━━╇━━━━━━━━━━━━━━━━━━━━━━━━━━━━━━━━━━━━━━━━━━━┩
│ Backtesting from                       │ 2024-01-01 00:00:00                       │
│ Backtesting to                         │ 2025-07-01 00:00:00                       │
│ Trading Mode                           │ Spot                                      │
│ Max open trades                        │ 10                                        │
│                                        │                                           │
│ Total/Daily Avg Trades                 │ 293 / 0.54                                │
│ Starting balance                       │ 2000 USDT                                 │
│ Final balance                          │ 1777.361 USDT                             │
│ Absolute profit                        │ -222.639 USDT                             │
│ Total profit %                         │ -11.13%                                   │
│ CAGR %                                 │ -7.57%                                    │
│ Sharpe (closed trades)                 │ -1.43                                     │
│ Sortino (closed trades)                │ -1.63                                     │
│ Calmar (closed trades)                 │ -2.59                                     │
│ SQN                                    │ -2.39                                     │
│ Mean profit p-value                    │ 0.01764                                   │
│ Profit factor                          │ 0.66                                      │
│ Expectancy (Ratio)                     │ -0.76 (-0.13)                             │
│ Avg. daily profit                      │ -0.407 USDT                               │
│ Avg. stake amount                      │ 99.874 USDT                               │
│ Market change                          │ 53.63%                                    │
│ Total trade volume                     │ 58420.153 USDT                            │
│                                        │                                           │
│ Best Pair                              │ LINK/USDT 1.19%                           │
│ Worst Pair                             │ UNI/USDT -3.32%                           │
│ Best trade                             │ ZEC/USDT 14.52%                           │
│ Worst trade                            │ ADA/USDT -10.18%                          │
│ Best day                               │ 36.636 USDT                               │
│ Worst day                              │ -50.621 USDT                              │
│ Days win/draw/lose                     │ 90 / 391 / 57                             │
│ Min/Max/Avg. Duration Winners          │ 0d 08:00 / 5d 12:00 / 1d 00:25            │
│ Min/Max/Avg. Duration Losers           │ 0d 00:00 / 10d 09:00 / 2d 01:59           │
│ Max Consecutive Wins / Loss            │ 13 / 9                                    │
│ Rejected Entry signals                 │ 6                                         │
│ Entry/Exit Timeouts                    │ 0 / 0                                     │
│                                        │                                           │
│ Min/Max balance (closed trades)        │ 1707.133 USDT / 2008.883 USDT             │
│ Max % of account underwater            │ 15.02%                                    │
│ Absolute drawdown                      │ 301.751 USDT (15.02%)                     │
│ Drawdown duration                      │ 369 days 21:00:00                         │
│ Profit at drawdown start               │ 8.883 USDT                                │
│ Profit at drawdown end                 │ -292.867 USDT                             │
│ Drawdown start                         │ 2024-04-02 06:00:00                       │
│ Drawdown end                           │ 2025-04-07 03:00:00                       │
│                                        │                                           │
│ Wallet based Metrics                   │                                           │
│ Min/Max balance (wallet balance)       │ 1704.514 USDT / 2022.021 USDT             │
│ Min/Max balance dates (wallet balance) │ 2025-04-13 06:00:00 / 2024-04-01 08:00:00 │
│ Max % of account underwater (balance)  │ 15.70%                                    │
│ Absolute drawdown (wallet balance)     │ 317.506 USDT (15.70%)                     │
│ Drawdown duration                      │ 376 days 22:00:00                         │
│ Profit at drawdown start               │ 22.021 USDT                               │
│ Profit at drawdown end                 │ -295.486 USDT                             │
│ Drawdown start                         │ 2024-04-01 08:00:00                       │
│ Drawdown end                           │ 2025-04-13 06:00:00                       │
│ Sharpe (daily wallet balance)          │ -1.28                                     │
│ Sortino (daily wallet balance)         │ -0.90                                     │
│ Calmar (daily wallet balance)          │ -2.48                                     │
└────────────────────────────────────────┴───────────────────────────────────────────┘

Backtested 2024-01-01 00:00:00 -> 2025-07-01 00:00:00 | Max open trades : 10
                                                              STRATEGY SUMMARY                                                              
┏━━━━━━━━━━━━━━━┳━━━━━━━━┳━━━━━━━━━━━━━━┳━━━━━━━━━━━━━━━━━┳━━━━━━━━━━━━━━┳━━━━━━━━━━━━━━━━━┳━━━━━━━━━━━━━━━━━━━━━━━━┳━━━━━━━━━━━━━━━━━━━━━━┓
┃      Strategy ┃ Trades ┃ Avg Profit % ┃ Tot Profit USDT ┃ Tot Profit % ┃    Avg Duration ┃  Win  Draw  Loss  Win% ┃             Drawdown ┃
┡━━━━━━━━━━━━━━━╇━━━━━━━━╇━━━━━━━━━━━━━━╇━━━━━━━━━━━━━━━━━╇━━━━━━━━━━━━━━╇━━━━━━━━━━━━━━━━━╇━━━━━━━━━━━━━━━━━━━━━━━━╇━━━━━━━━━━━━━━━━━━━━━━┩
│ BBRSIStrategy │    293 │        -0.76 │        -222.639 │       -11.13 │ 1 day, 10:27:00 │  178     0   115  60.8 │ 301.751 USDT  15.02% │
└───────────────┴────────┴──────────────┴─────────────────┴──────────────┴─────────────────┴────────────────────────┴──────────────────────┘
