2026-09-28 18:58:14,744 - freqtrade - INFO - freqtrade 2026.8
2026-09-28 18:58:14,915 - numexpr.utils - INFO - NumExpr defaulting to 12 threads.
2026-09-28 18:58:16,042 - freqtrade.configuration.load_config - INFO - Using config: user_data/config.json ...
2026-09-28 18:58:16,043 - freqtrade.loggers - INFO - Enabling colorized output.
2026-09-28 18:58:16,043 - freqtrade.loggers - INFO - Logfile configured
2026-09-28 18:58:16,044 - freqtrade.loggers - INFO - Verbosity set to 0
2026-09-28 18:58:16,044 - freqtrade.configuration.configuration - INFO - Parameter -i/--timeframe detected ... Using timeframe: 1h ...
2026-09-28 18:58:16,044 - freqtrade.configuration.configuration - INFO - Using max_open_trades: 10 ...
2026-09-28 18:58:16,044 - freqtrade.configuration.configuration - INFO - Parameter --fee detected, setting fee to: 0.001 ...
2026-09-28 18:58:16,044 - freqtrade.configuration.configuration - INFO - Parameter --timerange detected: 20221231-20230701 ...
2026-09-28 18:58:16,053 - freqtrade.configuration.configuration - INFO - Using user-data directory: /freqtrade/user_data ...
2026-09-28 18:58:16,054 - freqtrade.configuration.configuration - INFO - Using data directory: /freqtrade/user_data/data/binance ...
2026-09-28 18:58:16,054 - freqtrade.configuration.configuration - INFO - Storing backtest results to wf/fold2-oos.json ...
2026-09-28 18:58:16,054 - freqtrade.configuration.configuration - WARNING - DEPRECATED: Using `--export-filename` has no impact when backtesting. Please use `--notes` to annotate backtest results and 
`--backtest-directory` to specify the output directory. 
2026-09-28 18:58:16,054 - freqtrade.configuration.configuration - INFO - Parameter --export detected: trades ...
2026-09-28 18:58:16,055 - freqtrade.configuration.configuration - INFO - Parameter --cache=none detected ...
2026-09-28 18:58:16,055 - freqtrade.configuration.configuration - INFO - Filter trades by timerange: 20221231-20230701
2026-09-28 18:58:16,055 - freqtrade.exchange.check_exchange - INFO - Checking exchange...
2026-09-28 18:58:16,063 - freqtrade.exchange.check_exchange - INFO - Exchange "binance" is officially supported by the Freqtrade development team.
2026-09-28 18:58:16,063 - freqtrade.configuration.configuration - INFO - Using pairlist from configuration.
2026-09-28 18:58:16,063 - freqtrade.configuration.config_validation - INFO - Validating configuration ...
2026-09-28 18:58:16,065 - freqtrade.commands.optimize_commands - INFO - Starting freqtrade in Backtesting mode
2026-09-28 18:58:16,065 - freqtrade.exchange.exchange - INFO - Instance is running with dry_run enabled
2026-09-28 18:58:16,065 - freqtrade.exchange.exchange - INFO - Using CCXT 4.5.76
2026-09-28 18:58:16,065 - freqtrade.exchange.exchange - INFO - Applying additional ccxt config: {'enableRateLimit': True}
2026-09-28 18:58:16,070 - freqtrade.exchange.exchange - INFO - Applying additional ccxt config: {'enableRateLimit': True}
2026-09-28 18:58:16,076 - freqtrade.exchange.exchange - INFO - Using Exchange "Binance"
2026-09-28 18:58:17,768 - freqtrade.resolvers.exchange_resolver - INFO - Using resolved exchange class 'Binance' ...
2026-09-28 18:58:17,775 - freqtrade.resolvers.iresolver - INFO - Using resolved strategy BBRSIStrategy from '/freqtrade/user_data/strategies/BBRSIStrategy.py'...
2026-09-28 18:58:17,776 - freqtrade.strategy.hyper - INFO - Loading parameters from file /freqtrade/user_data/strategies/BBRSIStrategy.json
2026-09-28 18:58:17,776 - freqtrade.resolvers.strategy_resolver - INFO - Override strategy 'timeframe' with value from the configuration: 1h.
2026-09-28 18:58:17,776 - freqtrade.resolvers.strategy_resolver - INFO - Override strategy 'stoploss' with value from the configuration: -0.1.
2026-09-28 18:58:17,776 - freqtrade.resolvers.strategy_resolver - INFO - Override strategy 'stake_currency' with value from the configuration: USDT.
2026-09-28 18:58:17,777 - freqtrade.resolvers.strategy_resolver - INFO - Override strategy 'stake_amount' with value from the configuration: 100.
2026-09-28 18:58:17,777 - freqtrade.resolvers.strategy_resolver - INFO - Override strategy 'unfilledtimeout' with value from the configuration: {'entry': 10, 'exit': 30, 'exit_timeout_count': 0, 
'unit': 'minutes'}.
2026-09-28 18:58:17,777 - freqtrade.resolvers.strategy_resolver - INFO - Override strategy 'use_exit_signal' with value from the configuration: True.
2026-09-28 18:58:17,777 - freqtrade.resolvers.strategy_resolver - INFO - Override strategy 'exit_profit_only' with value from the configuration: False.
2026-09-28 18:58:17,777 - freqtrade.resolvers.strategy_resolver - INFO - Override strategy 'ignore_roi_if_entry_signal' with value from the configuration: False.
2026-09-28 18:58:17,778 - freqtrade.resolvers.strategy_resolver - INFO - Override strategy 'max_open_trades' with value from the configuration: 10.
2026-09-28 18:58:17,778 - freqtrade.resolvers.strategy_resolver - INFO - Strategy using minimal_roi: {'0': 0.098, '448': 0.056, '825': 0.027, '1976': 0}
2026-09-28 18:58:17,778 - freqtrade.resolvers.strategy_resolver - INFO - Strategy using timeframe: 1h
2026-09-28 18:58:17,778 - freqtrade.resolvers.strategy_resolver - INFO - Strategy using stoploss: -0.1
2026-09-28 18:58:17,778 - freqtrade.resolvers.strategy_resolver - INFO - Strategy using trailing_stop: False
2026-09-28 18:58:17,778 - freqtrade.resolvers.strategy_resolver - INFO - Strategy using trailing_stop_positive_offset: 0.0
2026-09-28 18:58:17,779 - freqtrade.resolvers.strategy_resolver - INFO - Strategy using trailing_only_offset_is_reached: False
2026-09-28 18:58:17,779 - freqtrade.resolvers.strategy_resolver - INFO - Strategy using use_custom_stoploss: False
2026-09-28 18:58:17,779 - freqtrade.resolvers.strategy_resolver - INFO - Strategy using process_only_new_candles: True
2026-09-28 18:58:17,779 - freqtrade.resolvers.strategy_resolver - INFO - Strategy using order_types: {'entry': 'limit', 'exit': 'limit', 'stoploss': 'limit', 'stoploss_on_exchange': False}
2026-09-28 18:58:17,779 - freqtrade.resolvers.strategy_resolver - INFO - Strategy using order_time_in_force: {'entry': 'GTC', 'exit': 'GTC'}
2026-09-28 18:58:17,779 - freqtrade.resolvers.strategy_resolver - INFO - Strategy using stake_currency: USDT
2026-09-28 18:58:17,780 - freqtrade.resolvers.strategy_resolver - INFO - Strategy using stake_amount: 100
2026-09-28 18:58:17,780 - freqtrade.resolvers.strategy_resolver - INFO - Strategy using startup_candle_count: 20
2026-09-28 18:58:17,780 - freqtrade.resolvers.strategy_resolver - INFO - Strategy using unfilledtimeout: {'entry': 10, 'exit': 30, 'exit_timeout_count': 0, 'unit': 'minutes'}
2026-09-28 18:58:17,780 - freqtrade.resolvers.strategy_resolver - INFO - Strategy using use_exit_signal: True
2026-09-28 18:58:17,780 - freqtrade.resolvers.strategy_resolver - INFO - Strategy using exit_profit_only: False
2026-09-28 18:58:17,780 - freqtrade.resolvers.strategy_resolver - INFO - Strategy using ignore_roi_if_entry_signal: False
2026-09-28 18:58:17,781 - freqtrade.resolvers.strategy_resolver - INFO - Strategy using exit_profit_offset: 0.0
2026-09-28 18:58:17,781 - freqtrade.resolvers.strategy_resolver - INFO - Strategy using disable_dataframe_checks: False
2026-09-28 18:58:17,781 - freqtrade.resolvers.strategy_resolver - INFO - Strategy using ignore_buying_expired_candle_after: 0
2026-09-28 18:58:17,781 - freqtrade.resolvers.strategy_resolver - INFO - Strategy using position_adjustment_enable: False
2026-09-28 18:58:17,781 - freqtrade.resolvers.strategy_resolver - INFO - Strategy using max_entry_position_adjustment: -1
2026-09-28 18:58:17,781 - freqtrade.resolvers.strategy_resolver - INFO - Strategy using max_open_trades: 10
2026-09-28 18:58:17,782 - freqtrade.configuration.config_validation - INFO - Validating configuration ...
2026-09-28 18:58:17,784 - freqtrade.resolvers.iresolver - INFO - Using resolved pairlist StaticPairList from '/freqtrade/freqtrade/plugins/pairlist/StaticPairList.py'...
2026-09-28 18:58:17,793 - freqtrade.optimize.backtesting - INFO - Using fee 0.1000% from config.
2026-09-28 18:58:17,956 - freqtrade.optimize.backtesting - INFO - Loading data from 2022-12-30 04:00:00 up to 2023-07-01 00:00:00 (182 days).
2026-09-28 18:58:18,335 - freqtrade.optimize.backtesting - INFO - Dataload complete. Calculating indicators
2026-09-28 18:58:18,335 - freqtrade.optimize.backtesting - INFO - Running backtesting for Strategy BBRSIStrategy
2026-09-28 18:58:18,336 - freqtrade.strategy.hyper - INFO - Strategy Parameter: buy_rsi = 47
2026-09-28 18:58:18,336 - freqtrade.strategy.hyper - INFO - Strategy Parameter: buy_rsi_enabled = True
2026-09-28 18:58:18,336 - freqtrade.strategy.hyper - INFO - Strategy Parameter: buy_trigger = bb_lower1
2026-09-28 18:58:18,336 - freqtrade.strategy.hyper - INFO - Strategy Parameter: sell_rsi = 51
2026-09-28 18:58:18,336 - freqtrade.strategy.hyper - INFO - Strategy Parameter: sell_rsi_enabled = True
2026-09-28 18:58:18,336 - freqtrade.strategy.hyper - INFO - Strategy Parameter: sell_trigger = bb_upper1
2026-09-28 18:58:18,422 - freqtrade.optimize.backtesting - INFO - Backtesting with data from 2022-12-31 00:00:00 up to 2023-07-01 00:00:00 (182 days).
backtest ━━━━━━━━━━━━━━━━━━━━━━━━━━━━━━━━━━━━━━━━━━━━━━━━━━━━━━━━━━━━━━━━━━━━━━━━━━━━━━━━━━━━━━━━━━━━━━━━━━━━━━━━━━━━━━━━━━━━━━━━━━━━━━━━━━━━━━━━━━━━━━━━━━━━━━━━━━━━ 4/4       100% • 0:00:00 • 0:00:00
backtest ━━━━━━━━━━━━━━━━━━━━━━━━━━━━━━━━━━━━━━━━━━━━━━━━━━━━━━━━━━━━━━━━━━━━━━━━━━━━━━━━━━━━━━━━━━━━━━━━━━━━━━━━━━━━━━━━━━━━━━━━━━━━━━━━━━━━━━━━━━━━━━━━━━━━━━━━━━━━ 4368/4368 100% • 0:00:01 • 0:00:00
2026-09-28 18:58:19,539 - freqtrade.misc - INFO - dumping json to "/freqtrade/user_data/backtest_results/backtest-result-2026-09-28_21-58-19.meta.json"
Result for strategy BBRSIStrategy
                                              BACKTESTING REPORT                                              
┏━━━━━━━━━━━┳━━━━━━━━┳━━━━━━━━━━━━━━┳━━━━━━━━━━━━━━━━━┳━━━━━━━━━━━━━━┳━━━━━━━━━━━━━━┳━━━━━━━━━━━━━━━━━━━━━━━━┓
┃      Pair ┃ Trades ┃ Avg Profit % ┃ Tot Profit USDT ┃ Tot Profit % ┃ Avg Duration ┃  Win  Draw  Loss  Win% ┃
┡━━━━━━━━━━━╇━━━━━━━━╇━━━━━━━━━━━━━━╇━━━━━━━━━━━━━━━━━╇━━━━━━━━━━━━━━╇━━━━━━━━━━━━━━╇━━━━━━━━━━━━━━━━━━━━━━━━┩
│ DOGE/USDT │     25 │         0.83 │          20.712 │         1.04 │     15:48:00 │   20     0     5  80.0 │
│  ADA/USDT │     31 │         0.47 │          14.493 │         0.72 │     17:41:00 │   25     0     6  80.6 │
│  XRP/USDT │     26 │         0.55 │          14.391 │         0.72 │     15:07:00 │   18     0     8  69.2 │
│  SOL/USDT │     24 │          0.5 │          11.907 │          0.6 │     15:30:00 │   17     0     7  70.8 │
│  ETH/USDT │     36 │         0.23 │           8.252 │         0.41 │     18:37:00 │   25     0    11  69.4 │
│ LINK/USDT │     31 │         0.19 │           5.824 │         0.29 │     17:12:00 │   22     0     9  71.0 │
│  XLM/USDT │     27 │         0.17 │           4.548 │         0.23 │     15:49:00 │   18     0     9  66.7 │
│  TRX/USDT │     38 │         0.09 │           3.456 │         0.17 │     15:14:00 │   28     0    10  73.7 │
│ NEAR/USDT │     37 │        -0.08 │          -2.789 │        -0.14 │     17:45:00 │   24     0    13  64.9 │
│  LTC/USDT │     34 │        -0.11 │          -3.653 │        -0.18 │     15:23:00 │   24     0    10  70.6 │
│ ALGO/USDT │     18 │        -0.46 │          -8.331 │        -0.42 │     20:07:00 │   13     0     5  72.2 │
│  UNI/USDT │     32 │         -0.4 │         -12.809 │        -0.64 │     19:58:00 │   21     0    11  65.6 │
│  BNB/USDT │     31 │        -0.46 │         -14.207 │        -0.71 │     22:46:00 │   17     0    14  54.8 │
│ HBAR/USDT │     28 │        -0.51 │         -14.253 │        -0.71 │     17:58:00 │   17     0    11  60.7 │
│ AVAX/USDT │     37 │        -0.42 │         -15.669 │        -0.78 │     16:05:00 │   25     0    12  67.6 │
│  ZEC/USDT │     30 │        -0.62 │         -18.750 │        -0.94 │     20:56:00 │   18     0    12  60.0 │
│  BTC/USDT │     30 │        -0.76 │         -22.707 │        -1.14 │     22:54:00 │   17     0    13  56.7 │
│     TOTAL │    515 │        -0.06 │         -29.587 │        -1.48 │     17:54:00 │  349     0   166  67.8 │
└───────────┴────────┴──────────────┴─────────────────┴──────────────┴──────────────┴────────────────────────┘
                                         LEFT OPEN TRADES REPORT                                          
┏━━━━━━━┳━━━━━━━━┳━━━━━━━━━━━━━━┳━━━━━━━━━━━━━━━━━┳━━━━━━━━━━━━━━┳━━━━━━━━━━━━━━┳━━━━━━━━━━━━━━━━━━━━━━━━┓
┃  Pair ┃ Trades ┃ Avg Profit % ┃ Tot Profit USDT ┃ Tot Profit % ┃ Avg Duration ┃  Win  Draw  Loss  Win% ┃
┡━━━━━━━╇━━━━━━━━╇━━━━━━━━━━━━━━╇━━━━━━━━━━━━━━━━━╇━━━━━━━━━━━━━━╇━━━━━━━━━━━━━━╇━━━━━━━━━━━━━━━━━━━━━━━━┩
│ TOTAL │      0 │          0.0 │           0.000 │          0.0 │         0:00 │    0     0     0     0 │
└───────┴────────┴──────────────┴─────────────────┴──────────────┴──────────────┴────────────────────────┘
                                                ENTER TAG STATS                                                
┏━━━━━━━━━━━┳━━━━━━━━━┳━━━━━━━━━━━━━━┳━━━━━━━━━━━━━━━━━┳━━━━━━━━━━━━━━┳━━━━━━━━━━━━━━┳━━━━━━━━━━━━━━━━━━━━━━━━┓
┃ Enter Tag ┃ Entries ┃ Avg Profit % ┃ Tot Profit USDT ┃ Tot Profit % ┃ Avg Duration ┃  Win  Draw  Loss  Win% ┃
┡━━━━━━━━━━━╇━━━━━━━━━╇━━━━━━━━━━━━━━╇━━━━━━━━━━━━━━━━━╇━━━━━━━━━━━━━━╇━━━━━━━━━━━━━━╇━━━━━━━━━━━━━━━━━━━━━━━━┩
│     OTHER │     515 │        -0.06 │         -29.587 │        -1.48 │     17:54:00 │  349     0   166  67.8 │
│     TOTAL │     515 │        -0.06 │         -29.587 │        -1.48 │     17:54:00 │  349     0   166  67.8 │
└───────────┴─────────┴──────────────┴─────────────────┴──────────────┴──────────────┴────────────────────────┘
                                                EXIT REASON STATS                                                
┏━━━━━━━━━━━━━┳━━━━━━━┳━━━━━━━━━━━━━━┳━━━━━━━━━━━━━━━━━┳━━━━━━━━━━━━━━┳━━━━━━━━━━━━━━━━┳━━━━━━━━━━━━━━━━━━━━━━━━┓
┃ Exit Reason ┃ Exits ┃ Avg Profit % ┃ Tot Profit USDT ┃ Tot Profit % ┃   Avg Duration ┃  Win  Draw  Loss  Win% ┃
┡━━━━━━━━━━━━━╇━━━━━━━╇━━━━━━━━━━━━━━╇━━━━━━━━━━━━━━━━━╇━━━━━━━━━━━━━━╇━━━━━━━━━━━━━━━━╇━━━━━━━━━━━━━━━━━━━━━━━━┩
│ exit_signal │   491 │         0.21 │         101.008 │         5.05 │       17:32:00 │  340     0   151  69.2 │
│         roi │     9 │         2.43 │          21.860 │         1.09 │       19:53:00 │    9     0     0   100 │
│   stop_loss │    15 │       -10.16 │        -152.456 │        -7.62 │ 1 day, 4:36:00 │    0     0    15     0 │
│       TOTAL │   515 │        -0.06 │         -29.587 │        -1.48 │       17:54:00 │  349     0   166  67.8 │
└─────────────┴───────┴──────────────┴─────────────────┴──────────────┴────────────────┴────────────────────────┘
                                                       MIXED TAG STATS                                                        
┏━━━━━━━━━━━┳━━━━━━━━━━━━━┳━━━━━━━━┳━━━━━━━━━━━━━━┳━━━━━━━━━━━━━━━━━┳━━━━━━━━━━━━━━┳━━━━━━━━━━━━━━━━┳━━━━━━━━━━━━━━━━━━━━━━━━┓
┃ Enter Tag ┃ Exit Reason ┃ Trades ┃ Avg Profit % ┃ Tot Profit USDT ┃ Tot Profit % ┃   Avg Duration ┃  Win  Draw  Loss  Win% ┃
┡━━━━━━━━━━━╇━━━━━━━━━━━━━╇━━━━━━━━╇━━━━━━━━━━━━━━╇━━━━━━━━━━━━━━━━━╇━━━━━━━━━━━━━━╇━━━━━━━━━━━━━━━━╇━━━━━━━━━━━━━━━━━━━━━━━━┩
│           │ exit_signal │    491 │         0.21 │         101.008 │         5.05 │       17:32:00 │  340     0   151  69.2 │
│           │         roi │      9 │         2.43 │          21.860 │         1.09 │       19:53:00 │    9     0     0   100 │
│           │   stop_loss │     15 │       -10.16 │        -152.456 │        -7.62 │ 1 day, 4:36:00 │    0     0    15     0 │
│     TOTAL │             │    515 │        -0.06 │         -29.587 │        -1.48 │       17:54:00 │  349     0   166  67.8 │
└───────────┴─────────────┴────────┴──────────────┴─────────────────┴──────────────┴────────────────┴────────────────────────┘
                                   SUMMARY METRICS                                    
┏━━━━━━━━━━━━━━━━━━━━━━━━━━━━━━━━━━━━━━━━┳━━━━━━━━━━━━━━━━━━━━━━━━━━━━━━━━━━━━━━━━━━━┓
┃ Metric                                 ┃ Value                                     ┃
┡━━━━━━━━━━━━━━━━━━━━━━━━━━━━━━━━━━━━━━━━╇━━━━━━━━━━━━━━━━━━━━━━━━━━━━━━━━━━━━━━━━━━━┩
│ Backtesting from                       │ 2022-12-31 00:00:00                       │
│ Backtesting to                         │ 2023-07-01 00:00:00                       │
│ Trading Mode                           │ Spot                                      │
│ Max open trades                        │ 10                                        │
│                                        │                                           │
│ Total/Daily Avg Trades                 │ 515 / 2.83                                │
│ Starting balance                       │ 2000 USDT                                 │
│ Final balance                          │ 1970.413 USDT                             │
│ Absolute profit                        │ -29.587 USDT                              │
│ Total profit %                         │ -1.48%                                    │
│ CAGR %                                 │ -2.94%                                    │
│ Sharpe (closed trades)                 │ -1.23                                     │
│ Sortino (closed trades)                │ -1.08                                     │
│ Calmar (closed trades)                 │ -2.15                                     │
│ SQN                                    │ -0.51                                     │
│ Mean profit p-value                    │ 0.6071                                    │
│ Profit factor                          │ 0.93                                      │
│ Expectancy (Ratio)                     │ -0.06 (-0.02)                             │
│ Avg. daily profit                      │ -0.163 USDT                               │
│ Avg. stake amount                      │ 99.944 USDT                               │
│ Market change                          │ 28.42%                                    │
│ Total trade volume                     │ 103118.91 USDT                            │
│                                        │                                           │
│ Best Pair                              │ DOGE/USDT 1.04%                           │
│ Worst Pair                             │ BTC/USDT -1.14%                           │
│ Best trade                             │ LTC/USDT 7.57%                            │
│ Worst trade                            │ UNI/USDT -10.18%                          │
│ Best day                               │ 42.194 USDT                               │
│ Worst day                              │ -31.984 USDT                              │
│ Days win/draw/lose                     │ 80 / 46 / 54                              │
│ Min/Max/Avg. Duration Winners          │ 0d 01:00 / 1d 18:00 / 0d 11:22            │
│ Min/Max/Avg. Duration Losers           │ 0d 03:00 / 3d 09:00 / 1d 07:38            │
│ Max Consecutive Wins / Loss            │ 26 / 8                                    │
│ Rejected Entry signals                 │ 52                                        │
│ Entry/Exit Timeouts                    │ 0 / 0                                     │
│                                        │                                           │
│ Min/Max balance (closed trades)        │ 1938.508 USDT / 2089.264 USDT             │
│ Max % of account underwater            │ 7.22%                                     │
│ Absolute drawdown                      │ 150.756 USDT (7.22%)                      │
│ Drawdown duration                      │ 135 days 11:00:00                         │
│ Profit at drawdown start               │ 89.264 USDT                               │
│ Profit at drawdown end                 │ -61.492 USDT                              │
│ Drawdown start                         │ 2023-01-24 04:00:00                       │
│ Drawdown end                           │ 2023-06-08 15:00:00                       │
│                                        │                                           │
│ Wallet based Metrics                   │                                           │
│ Min/Max balance (wallet balance)       │ 1932.59 USDT / 2089.217 USDT              │
│ Min/Max balance dates (wallet balance) │ 2023-06-05 19:00:00 / 2023-01-22 18:00:00 │
│ Max % of account underwater (balance)  │ 7.50%                                     │
│ Absolute drawdown (wallet balance)     │ 156.627 USDT (7.50%)                      │
│ Drawdown duration                      │ 134 days 01:00:00                         │
│ Profit at drawdown start               │ 89.217 USDT                               │
│ Profit at drawdown end                 │ -67.41 USDT                               │
│ Drawdown start                         │ 2023-01-22 18:00:00                       │
│ Drawdown end                           │ 2023-06-05 19:00:00                       │
│ Sharpe (daily wallet balance)          │ -0.28                                     │
│ Sortino (daily wallet balance)         │ -0.28                                     │
│ Calmar (daily wallet balance)          │ -2.08                                     │
└────────────────────────────────────────┴───────────────────────────────────────────┘

Backtested 2022-12-31 00:00:00 -> 2023-07-01 00:00:00 | Max open trades : 10
                                                            STRATEGY SUMMARY                                                            
┏━━━━━━━━━━━━━━━┳━━━━━━━━┳━━━━━━━━━━━━━━┳━━━━━━━━━━━━━━━━━┳━━━━━━━━━━━━━━┳━━━━━━━━━━━━━━┳━━━━━━━━━━━━━━━━━━━━━━━━┳━━━━━━━━━━━━━━━━━━━━━┓
┃      Strategy ┃ Trades ┃ Avg Profit % ┃ Tot Profit USDT ┃ Tot Profit % ┃ Avg Duration ┃  Win  Draw  Loss  Win% ┃            Drawdown ┃
┡━━━━━━━━━━━━━━━╇━━━━━━━━╇━━━━━━━━━━━━━━╇━━━━━━━━━━━━━━━━━╇━━━━━━━━━━━━━━╇━━━━━━━━━━━━━━╇━━━━━━━━━━━━━━━━━━━━━━━━╇━━━━━━━━━━━━━━━━━━━━━┩
│ BBRSIStrategy │    515 │        -0.06 │         -29.587 │        -1.48 │     17:54:00 │  349     0   166  67.8 │ 150.756 USDT  7.22% │
└───────────────┴────────┴──────────────┴─────────────────┴──────────────┴──────────────┴────────────────────────┴─────────────────────┘
