2026-09-28 19:03:51,580 - freqtrade - INFO - freqtrade 2026.8
2026-09-28 19:03:51,758 - numexpr.utils - INFO - NumExpr defaulting to 12 threads.
2026-09-28 19:03:52,898 - freqtrade.configuration.load_config - INFO - Using config: user_data/config.json ...
2026-09-28 19:03:52,899 - freqtrade.loggers - INFO - Enabling colorized output.
2026-09-28 19:03:52,899 - freqtrade.loggers - INFO - Logfile configured
2026-09-28 19:03:52,900 - freqtrade.loggers - INFO - Verbosity set to 0
2026-09-28 19:03:52,900 - freqtrade.configuration.configuration - INFO - Parameter -i/--timeframe detected ... Using timeframe: 1h ...
2026-09-28 19:03:52,900 - freqtrade.configuration.configuration - INFO - Using max_open_trades: 10 ...
2026-09-28 19:03:52,900 - freqtrade.configuration.configuration - INFO - Parameter --fee detected, setting fee to: 0.001 ...
2026-09-28 19:03:52,900 - freqtrade.configuration.configuration - INFO - Parameter --timerange detected: 20240701-20241230 ...
2026-09-28 19:03:52,910 - freqtrade.configuration.configuration - INFO - Using user-data directory: /freqtrade/user_data ...
2026-09-28 19:03:52,910 - freqtrade.configuration.configuration - INFO - Using data directory: /freqtrade/user_data/data/binance ...
2026-09-28 19:03:52,910 - freqtrade.configuration.configuration - INFO - Storing backtest results to wf/fold5-ctl.json ...
2026-09-28 19:03:52,911 - freqtrade.configuration.configuration - WARNING - DEPRECATED: Using `--export-filename` has no impact when backtesting. Please use `--notes` to annotate backtest results and 
`--backtest-directory` to specify the output directory. 
2026-09-28 19:03:52,911 - freqtrade.configuration.configuration - INFO - Parameter --export detected: trades ...
2026-09-28 19:03:52,911 - freqtrade.configuration.configuration - INFO - Parameter --cache=none detected ...
2026-09-28 19:03:52,911 - freqtrade.configuration.configuration - INFO - Filter trades by timerange: 20240701-20241230
2026-09-28 19:03:52,912 - freqtrade.exchange.check_exchange - INFO - Checking exchange...
2026-09-28 19:03:52,917 - freqtrade.exchange.check_exchange - INFO - Exchange "binance" is officially supported by the Freqtrade development team.
2026-09-28 19:03:52,917 - freqtrade.configuration.configuration - INFO - Using pairlist from configuration.
2026-09-28 19:03:52,917 - freqtrade.configuration.config_validation - INFO - Validating configuration ...
2026-09-28 19:03:52,918 - freqtrade.commands.optimize_commands - INFO - Starting freqtrade in Backtesting mode
2026-09-28 19:03:52,919 - freqtrade.exchange.exchange - INFO - Instance is running with dry_run enabled
2026-09-28 19:03:52,919 - freqtrade.exchange.exchange - INFO - Using CCXT 4.5.76
2026-09-28 19:03:52,919 - freqtrade.exchange.exchange - INFO - Applying additional ccxt config: {'enableRateLimit': True}
2026-09-28 19:03:52,923 - freqtrade.exchange.exchange - INFO - Applying additional ccxt config: {'enableRateLimit': True}
2026-09-28 19:03:52,928 - freqtrade.exchange.exchange - INFO - Using Exchange "Binance"
2026-09-28 19:03:54,420 - freqtrade.resolvers.exchange_resolver - INFO - Using resolved exchange class 'Binance' ...
/freqtrade/user_data/strategies/Strategy005v0.py:8: FutureWarning: 'freqtrade.vendor.qtpylib.indicators' is deprecated and will be removed in a future release. Import from technical instead - either the module (`from technical import qtpylib`) or a single function (`from technical.qtpylib import crossed_above`).
  import freqtrade.vendor.qtpylib.indicators as qtpylib
2026-09-28 19:03:54,427 - freqtrade.resolvers.iresolver - INFO - Using resolved strategy Strategy005v0 from '/freqtrade/user_data/strategies/Strategy005v0.py'...
2026-09-28 19:03:54,428 - freqtrade.strategy.hyper - INFO - Found no parameter file.
2026-09-28 19:03:54,428 - freqtrade.resolvers.strategy_resolver - INFO - Override strategy 'timeframe' with value from the configuration: 1h.
2026-09-28 19:03:54,428 - freqtrade.resolvers.strategy_resolver - INFO - Override strategy 'stoploss' with value from the configuration: -0.1.
2026-09-28 19:03:54,428 - freqtrade.resolvers.strategy_resolver - INFO - Override strategy 'stake_currency' with value from the configuration: USDT.
2026-09-28 19:03:54,428 - freqtrade.resolvers.strategy_resolver - INFO - Override strategy 'stake_amount' with value from the configuration: 100.
2026-09-28 19:03:54,429 - freqtrade.resolvers.strategy_resolver - INFO - Override strategy 'unfilledtimeout' with value from the configuration: {'entry': 10, 'exit': 30, 'exit_timeout_count': 0, 
'unit': 'minutes'}.
2026-09-28 19:03:54,429 - freqtrade.resolvers.strategy_resolver - INFO - Override strategy 'use_exit_signal' with value from the configuration: True.
2026-09-28 19:03:54,429 - freqtrade.resolvers.strategy_resolver - INFO - Override strategy 'exit_profit_only' with value from the configuration: False.
2026-09-28 19:03:54,429 - freqtrade.resolvers.strategy_resolver - INFO - Override strategy 'ignore_roi_if_entry_signal' with value from the configuration: False.
2026-09-28 19:03:54,429 - freqtrade.resolvers.strategy_resolver - INFO - Override strategy 'max_open_trades' with value from the configuration: 10.
2026-09-28 19:03:54,429 - freqtrade.resolvers.strategy_resolver - INFO - Strategy using minimal_roi: {'1440': 0.01, '80': 0.02, '40': 0.03, '20': 0.04, '0': 0.05}
2026-09-28 19:03:54,429 - freqtrade.resolvers.strategy_resolver - INFO - Strategy using timeframe: 1h
2026-09-28 19:03:54,430 - freqtrade.resolvers.strategy_resolver - INFO - Strategy using stoploss: -0.1
2026-09-28 19:03:54,430 - freqtrade.resolvers.strategy_resolver - INFO - Strategy using trailing_stop: False
2026-09-28 19:03:54,430 - freqtrade.resolvers.strategy_resolver - INFO - Strategy using trailing_stop_positive: 0.01
2026-09-28 19:03:54,430 - freqtrade.resolvers.strategy_resolver - INFO - Strategy using trailing_stop_positive_offset: 0.02
2026-09-28 19:03:54,430 - freqtrade.resolvers.strategy_resolver - INFO - Strategy using trailing_only_offset_is_reached: False
2026-09-28 19:03:54,430 - freqtrade.resolvers.strategy_resolver - INFO - Strategy using use_custom_stoploss: False
2026-09-28 19:03:54,430 - freqtrade.resolvers.strategy_resolver - INFO - Strategy using process_only_new_candles: False
2026-09-28 19:03:54,430 - freqtrade.resolvers.strategy_resolver - INFO - Strategy using order_types: {'entry': 'limit', 'exit': 'limit', 'stoploss': 'market', 'stoploss_on_exchange': False}
2026-09-28 19:03:54,431 - freqtrade.resolvers.strategy_resolver - INFO - Strategy using order_time_in_force: {'entry': 'GTC', 'exit': 'GTC'}
2026-09-28 19:03:54,431 - freqtrade.resolvers.strategy_resolver - INFO - Strategy using stake_currency: USDT
2026-09-28 19:03:54,431 - freqtrade.resolvers.strategy_resolver - INFO - Strategy using stake_amount: 100
2026-09-28 19:03:54,431 - freqtrade.resolvers.strategy_resolver - INFO - Strategy using startup_candle_count: 0
2026-09-28 19:03:54,431 - freqtrade.resolvers.strategy_resolver - INFO - Strategy using unfilledtimeout: {'entry': 10, 'exit': 30, 'exit_timeout_count': 0, 'unit': 'minutes'}
2026-09-28 19:03:54,431 - freqtrade.resolvers.strategy_resolver - INFO - Strategy using use_exit_signal: True
2026-09-28 19:03:54,431 - freqtrade.resolvers.strategy_resolver - INFO - Strategy using exit_profit_only: False
2026-09-28 19:03:54,432 - freqtrade.resolvers.strategy_resolver - INFO - Strategy using ignore_roi_if_entry_signal: False
2026-09-28 19:03:54,432 - freqtrade.resolvers.strategy_resolver - INFO - Strategy using exit_profit_offset: 0.0
2026-09-28 19:03:54,432 - freqtrade.resolvers.strategy_resolver - INFO - Strategy using disable_dataframe_checks: False
2026-09-28 19:03:54,432 - freqtrade.resolvers.strategy_resolver - INFO - Strategy using ignore_buying_expired_candle_after: 0
2026-09-28 19:03:54,432 - freqtrade.resolvers.strategy_resolver - INFO - Strategy using position_adjustment_enable: False
2026-09-28 19:03:54,432 - freqtrade.resolvers.strategy_resolver - INFO - Strategy using max_entry_position_adjustment: -1
2026-09-28 19:03:54,432 - freqtrade.resolvers.strategy_resolver - INFO - Strategy using max_open_trades: 10
2026-09-28 19:03:54,433 - freqtrade.configuration.config_validation - INFO - Validating configuration ...
2026-09-28 19:03:54,435 - freqtrade.resolvers.iresolver - INFO - Using resolved pairlist StaticPairList from '/freqtrade/freqtrade/plugins/pairlist/StaticPairList.py'...
2026-09-28 19:03:54,444 - freqtrade.optimize.backtesting - INFO - Using fee 0.1000% from config.
2026-09-28 19:03:54,603 - freqtrade.optimize.backtesting - INFO - Loading data from 2024-07-01 00:00:00 up to 2024-12-30 00:00:00 (182 days).
2026-09-28 19:03:54,975 - freqtrade.optimize.backtesting - INFO - Dataload complete. Calculating indicators
2026-09-28 19:03:54,976 - freqtrade.optimize.backtesting - INFO - Running backtesting for Strategy Strategy005v0
2026-09-28 19:03:55,035 - freqtrade.optimize.backtesting - INFO - Backtesting with data from 2024-07-01 00:00:00 up to 2024-12-30 00:00:00 (182 days).
backtest ━━━━━━━━━━━━━━━━━━━━━━━━━━━━━━━━━━━━━━━━━━━━━━━━━━━━━━━━━━━━━━━━━━━━━━━━━━━━━━━━━━━━━━━━━━━━━━━━━━━━━━━━━━━━━━━━━━━━━━━━━━━━━━━━━━━━━━━━━━━━━━━━━━━━━━━━━━━━ 4/4       100% • 0:00:00 • 0:00:00
backtest ━━━━━━━━━━━━━━━━━━━━━━━━━━━━━━━━━━━━━━━━━━━━━━━━━━━━━━━━━━━━━━━━━━━━━━━━━━━━━━━━━━━━━━━━━━━━━━━━━━━━━━━━━━━━━━━━━━━━━━━━━━━━━━━━━━━━━━━━━━━━━━━━━━━━━━━━━━━━ 4368/4368 100% • 0:00:01 • 0:00:00
2026-09-28 19:03:55,892 - freqtrade.misc - INFO - dumping json to "/freqtrade/user_data/backtest_results/backtest-result-2026-09-28_22-03-55.meta.json"
Result for strategy Strategy005v0
                                              BACKTESTING REPORT                                              
┏━━━━━━━━━━━┳━━━━━━━━┳━━━━━━━━━━━━━━┳━━━━━━━━━━━━━━━━━┳━━━━━━━━━━━━━━┳━━━━━━━━━━━━━━┳━━━━━━━━━━━━━━━━━━━━━━━━┓
┃      Pair ┃ Trades ┃ Avg Profit % ┃ Tot Profit USDT ┃ Tot Profit % ┃ Avg Duration ┃  Win  Draw  Loss  Win% ┃
┡━━━━━━━━━━━╇━━━━━━━━╇━━━━━━━━━━━━━━╇━━━━━━━━━━━━━━━━━╇━━━━━━━━━━━━━━╇━━━━━━━━━━━━━━╇━━━━━━━━━━━━━━━━━━━━━━━━┩
│  BNB/USDT │     17 │         0.37 │           6.321 │         0.32 │     12:56:00 │   13     0     4  76.5 │
│  XLM/USDT │     12 │         0.49 │           5.923 │          0.3 │     10:30:00 │    9     0     3  75.0 │
│  XRP/USDT │     11 │         0.41 │           4.499 │         0.22 │     13:38:00 │    7     0     4  63.6 │
│ ALGO/USDT │      9 │         0.49 │           4.403 │         0.22 │      8:07:00 │    8     0     1  88.9 │
│  TRX/USDT │      9 │         0.18 │           1.603 │         0.08 │     19:47:00 │    6     0     3  66.7 │
│  ADA/USDT │     12 │        -0.06 │          -0.678 │        -0.03 │      7:50:00 │    9     0     3  75.0 │
│  BTC/USDT │     11 │        -0.14 │          -1.619 │        -0.08 │     14:55:00 │    7     0     4  63.6 │
│ HBAR/USDT │     12 │        -0.42 │          -5.042 │        -0.25 │     12:30:00 │    9     0     3  75.0 │
│  UNI/USDT │     14 │         -0.8 │         -11.159 │        -0.56 │      9:47:00 │   11     0     3  78.6 │
│  LTC/USDT │     10 │        -1.25 │         -12.479 │        -0.62 │     15:24:00 │    7     0     3  70.0 │
│  SOL/USDT │     16 │        -0.79 │         -12.627 │        -0.63 │     11:38:00 │   10     0     6  62.5 │
│  ETH/USDT │     17 │        -1.06 │         -18.048 │         -0.9 │     15:21:00 │   12     0     5  70.6 │
│ DOGE/USDT │     10 │        -2.15 │         -21.491 │        -1.07 │     13:18:00 │    5     0     5  50.0 │
│ AVAX/USDT │     10 │         -2.3 │         -22.950 │        -1.15 │     14:24:00 │    5     0     5  50.0 │
│ LINK/USDT │     14 │        -2.07 │         -28.967 │        -1.45 │     11:47:00 │    9     0     5  64.3 │
│ NEAR/USDT │     11 │        -2.79 │         -30.596 │        -1.53 │     10:33:00 │    6     0     5  54.5 │
│  ZEC/USDT │     19 │        -2.03 │         -38.572 │        -1.93 │     14:54:00 │   11     0     8  57.9 │
│     TOTAL │    214 │        -0.85 │        -181.478 │        -9.07 │     12:47:00 │  144     0    70  67.3 │
└───────────┴────────┴──────────────┴─────────────────┴──────────────┴──────────────┴────────────────────────┘
                                         LEFT OPEN TRADES REPORT                                          
┏━━━━━━━┳━━━━━━━━┳━━━━━━━━━━━━━━┳━━━━━━━━━━━━━━━━━┳━━━━━━━━━━━━━━┳━━━━━━━━━━━━━━┳━━━━━━━━━━━━━━━━━━━━━━━━┓
┃  Pair ┃ Trades ┃ Avg Profit % ┃ Tot Profit USDT ┃ Tot Profit % ┃ Avg Duration ┃  Win  Draw  Loss  Win% ┃
┡━━━━━━━╇━━━━━━━━╇━━━━━━━━━━━━━━╇━━━━━━━━━━━━━━━━━╇━━━━━━━━━━━━━━╇━━━━━━━━━━━━━━╇━━━━━━━━━━━━━━━━━━━━━━━━┩
│ TOTAL │      0 │          0.0 │           0.000 │          0.0 │         0:00 │    0     0     0     0 │
└───────┴────────┴──────────────┴─────────────────┴──────────────┴──────────────┴────────────────────────┘
                                                ENTER TAG STATS                                                
┏━━━━━━━━━━━┳━━━━━━━━━┳━━━━━━━━━━━━━━┳━━━━━━━━━━━━━━━━━┳━━━━━━━━━━━━━━┳━━━━━━━━━━━━━━┳━━━━━━━━━━━━━━━━━━━━━━━━┓
┃ Enter Tag ┃ Entries ┃ Avg Profit % ┃ Tot Profit USDT ┃ Tot Profit % ┃ Avg Duration ┃  Win  Draw  Loss  Win% ┃
┡━━━━━━━━━━━╇━━━━━━━━━╇━━━━━━━━━━━━━━╇━━━━━━━━━━━━━━━━━╇━━━━━━━━━━━━━━╇━━━━━━━━━━━━━━╇━━━━━━━━━━━━━━━━━━━━━━━━┩
│     OTHER │     214 │        -0.85 │        -181.478 │        -9.07 │     12:47:00 │  144     0    70  67.3 │
│     TOTAL │     214 │        -0.85 │        -181.478 │        -9.07 │     12:47:00 │  144     0    70  67.3 │
└───────────┴─────────┴──────────────┴─────────────────┴──────────────┴──────────────┴────────────────────────┘
                                               EXIT REASON STATS                                               
┏━━━━━━━━━━━━━┳━━━━━━━┳━━━━━━━━━━━━━━┳━━━━━━━━━━━━━━━━━┳━━━━━━━━━━━━━━┳━━━━━━━━━━━━━━┳━━━━━━━━━━━━━━━━━━━━━━━━┓
┃ Exit Reason ┃ Exits ┃ Avg Profit % ┃ Tot Profit USDT ┃ Tot Profit % ┃ Avg Duration ┃  Win  Draw  Loss  Win% ┃
┡━━━━━━━━━━━━━╇━━━━━━━╇━━━━━━━━━━━━━━╇━━━━━━━━━━━━━━━━━╇━━━━━━━━━━━━━━╇━━━━━━━━━━━━━━╇━━━━━━━━━━━━━━━━━━━━━━━━┩
│         roi │    86 │         2.56 │         220.324 │        11.02 │      4:13:00 │   86     0     0   100 │
│ exit_signal │    89 │        -0.06 │          -5.267 │        -0.26 │     19:36:00 │   58     0    31  65.2 │
│   stop_loss │    39 │       -10.17 │        -396.535 │       -19.83 │     16:06:00 │    0     0    39     0 │
│       TOTAL │   214 │        -0.85 │        -181.478 │        -9.07 │     12:47:00 │  144     0    70  67.3 │
└─────────────┴───────┴──────────────┴─────────────────┴──────────────┴──────────────┴────────────────────────┘
                                                      MIXED TAG STATS                                                       
┏━━━━━━━━━━━┳━━━━━━━━━━━━━┳━━━━━━━━┳━━━━━━━━━━━━━━┳━━━━━━━━━━━━━━━━━┳━━━━━━━━━━━━━━┳━━━━━━━━━━━━━━┳━━━━━━━━━━━━━━━━━━━━━━━━┓
┃ Enter Tag ┃ Exit Reason ┃ Trades ┃ Avg Profit % ┃ Tot Profit USDT ┃ Tot Profit % ┃ Avg Duration ┃  Win  Draw  Loss  Win% ┃
┡━━━━━━━━━━━╇━━━━━━━━━━━━━╇━━━━━━━━╇━━━━━━━━━━━━━━╇━━━━━━━━━━━━━━━━━╇━━━━━━━━━━━━━━╇━━━━━━━━━━━━━━╇━━━━━━━━━━━━━━━━━━━━━━━━┩
│           │         roi │     86 │         2.56 │         220.324 │        11.02 │      4:13:00 │   86     0     0   100 │
│           │ exit_signal │     89 │        -0.06 │          -5.267 │        -0.26 │     19:36:00 │   58     0    31  65.2 │
│           │   stop_loss │     39 │       -10.17 │        -396.535 │       -19.83 │     16:06:00 │    0     0    39     0 │
│     TOTAL │             │    214 │        -0.85 │        -181.478 │        -9.07 │     12:47:00 │  144     0    70  67.3 │
└───────────┴─────────────┴────────┴──────────────┴─────────────────┴──────────────┴──────────────┴────────────────────────┘
                                   SUMMARY METRICS                                    
┏━━━━━━━━━━━━━━━━━━━━━━━━━━━━━━━━━━━━━━━━┳━━━━━━━━━━━━━━━━━━━━━━━━━━━━━━━━━━━━━━━━━━━┓
┃ Metric                                 ┃ Value                                     ┃
┡━━━━━━━━━━━━━━━━━━━━━━━━━━━━━━━━━━━━━━━━╇━━━━━━━━━━━━━━━━━━━━━━━━━━━━━━━━━━━━━━━━━━━┩
│ Backtesting from                       │ 2024-07-01 00:00:00                       │
│ Backtesting to                         │ 2024-12-30 00:00:00                       │
│ Trading Mode                           │ Spot                                      │
│ Max open trades                        │ 10                                        │
│                                        │                                           │
│ Total/Daily Avg Trades                 │ 214 / 1.18                                │
│ Starting balance                       │ 2000 USDT                                 │
│ Final balance                          │ 1818.522 USDT                             │
│ Absolute profit                        │ -181.478 USDT                             │
│ Total profit %                         │ -9.07%                                    │
│ CAGR %                                 │ -17.37%                                   │
│ Sharpe (closed trades)                 │ -4.05                                     │
│ Sortino (closed trades)                │ -4.46                                     │
│ Calmar (closed trades)                 │ -8.08                                     │
│ SQN                                    │ -2.63                                     │
│ Mean profit p-value                    │ 0.009201                                  │
│ Profit factor                          │ 0.60                                      │
│ Expectancy (Ratio)                     │ -0.85 (-0.13)                             │
│ Avg. daily profit                      │ -0.997 USDT                               │
│ Avg. stake amount                      │ 99.891 USDT                               │
│ Market change                          │ 107.32%                                   │
│ Total trade volume                     │ 42657.011 USDT                            │
│                                        │                                           │
│ Best Pair                              │ BNB/USDT 0.32%                            │
│ Worst Pair                             │ ZEC/USDT -1.93%                           │
│ Best trade                             │ HBAR/USDT 5.08%                           │
│ Worst trade                            │ LINK/USDT -10.18%                         │
│ Best day                               │ 18.307 USDT                               │
│ Worst day                              │ -127.851 USDT                             │
│ Days win/draw/lose                     │ 38 / 92 / 28                              │
│ Min/Max/Avg. Duration Winners          │ 0d 00:00 / 1d 04:00 / 0d 07:49            │
│ Min/Max/Avg. Duration Losers           │ 0d 00:00 / 3d 00:00 / 0d 22:59            │
│ Max Consecutive Wins / Loss            │ 17 / 20                                   │
│ Rejected Entry signals                 │ 11                                        │
│ Entry/Exit Timeouts                    │ 0 / 0                                     │
│                                        │                                           │
│ Min/Max balance (closed trades)        │ 1781.536 USDT / 2019.509 USDT             │
│ Max % of account underwater            │ 11.78%                                    │
│ Absolute drawdown                      │ 237.973 USDT (11.78%)                     │
│ Drawdown duration                      │ 138 days 22:00:00                         │
│ Profit at drawdown start               │ 19.509 USDT                               │
│ Profit at drawdown end                 │ -218.464 USDT                             │
│ Drawdown start                         │ 2024-08-03 13:00:00                       │
│ Drawdown end                           │ 2024-12-20 11:00:00                       │
│                                        │                                           │
│ Wallet based Metrics                   │                                           │
│ Min/Max balance (wallet balance)       │ 1738.78 USDT / 2019.408 USDT              │
│ Min/Max balance dates (wallet balance) │ 2024-12-20 12:00:00 / 2024-08-02 16:00:00 │
│ Max % of account underwater (balance)  │ 13.90%                                    │
│ Absolute drawdown (wallet balance)     │ 280.628 USDT (13.90%)                     │
│ Drawdown duration                      │ 139 days 20:00:00                         │
│ Profit at drawdown start               │ 19.408 USDT                               │
│ Profit at drawdown end                 │ -261.22 USDT                              │
│ Drawdown start                         │ 2024-08-02 16:00:00                       │
│ Drawdown end                           │ 2024-12-20 12:00:00                       │
│ Sharpe (daily wallet balance)          │ -1.81                                     │
│ Sortino (daily wallet balance)         │ -0.93                                     │
│ Calmar (daily wallet balance)          │ -6.89                                     │
└────────────────────────────────────────┴───────────────────────────────────────────┘

Backtested 2024-07-01 00:00:00 -> 2024-12-30 00:00:00 | Max open trades : 10
                                                            STRATEGY SUMMARY                                                             
┏━━━━━━━━━━━━━━━┳━━━━━━━━┳━━━━━━━━━━━━━━┳━━━━━━━━━━━━━━━━━┳━━━━━━━━━━━━━━┳━━━━━━━━━━━━━━┳━━━━━━━━━━━━━━━━━━━━━━━━┳━━━━━━━━━━━━━━━━━━━━━━┓
┃      Strategy ┃ Trades ┃ Avg Profit % ┃ Tot Profit USDT ┃ Tot Profit % ┃ Avg Duration ┃  Win  Draw  Loss  Win% ┃             Drawdown ┃
┡━━━━━━━━━━━━━━━╇━━━━━━━━╇━━━━━━━━━━━━━━╇━━━━━━━━━━━━━━━━━╇━━━━━━━━━━━━━━╇━━━━━━━━━━━━━━╇━━━━━━━━━━━━━━━━━━━━━━━━╇━━━━━━━━━━━━━━━━━━━━━━┩
│ Strategy005v0 │    214 │        -0.85 │        -181.478 │        -9.07 │     12:47:00 │  144     0    70  67.3 │ 237.973 USDT  11.78% │
└───────────────┴────────┴──────────────┴─────────────────┴──────────────┴──────────────┴────────────────────────┴──────────────────────┘
