2026-09-28 18:56:42,093 - freqtrade - INFO - freqtrade 2026.8
2026-09-28 18:56:42,433 - numexpr.utils - INFO - NumExpr defaulting to 12 threads.
2026-09-28 18:56:43,474 - freqtrade.configuration.load_config - INFO - Using config: user_data/config.json ...
2026-09-28 18:56:43,476 - freqtrade.loggers - INFO - Enabling colorized output.
2026-09-28 18:56:43,476 - freqtrade.loggers - INFO - Logfile configured
2026-09-28 18:56:43,476 - freqtrade.loggers - INFO - Verbosity set to 0
2026-09-28 18:56:43,476 - freqtrade.configuration.configuration - INFO - Parameter -i/--timeframe detected ... Using timeframe: 1h ...
2026-09-28 18:56:43,476 - freqtrade.configuration.configuration - INFO - Using max_open_trades: 10 ...
2026-09-28 18:56:43,477 - freqtrade.configuration.configuration - INFO - Parameter --fee detected, setting fee to: 0.001 ...
2026-09-28 18:56:43,477 - freqtrade.configuration.configuration - INFO - Parameter --timerange detected: 20210702-20221231 ...
2026-09-28 18:56:43,485 - freqtrade.configuration.configuration - INFO - Using user-data directory: /freqtrade/user_data ...
2026-09-28 18:56:43,485 - freqtrade.configuration.configuration - INFO - Using data directory: /freqtrade/user_data/data/binance ...
2026-09-28 18:56:43,486 - freqtrade.configuration.configuration - INFO - Parameter --epochs detected ... Will run Hyperopt with for 100 epochs ...
2026-09-28 18:56:43,486 - freqtrade.configuration.configuration - INFO - Parameter -s/--spaces detected: ['buy', 'sell', 'roi', 'stoploss']
2026-09-28 18:56:43,486 - freqtrade.configuration.configuration - INFO - Parameter -j/--job-workers detected: -1
2026-09-28 18:56:43,486 - freqtrade.configuration.configuration - INFO - Parameter --random-state detected: 1002
2026-09-28 18:56:43,486 - freqtrade.configuration.configuration - INFO - Parameter --min-trades detected: 1
2026-09-28 18:56:43,487 - freqtrade.configuration.configuration - INFO - Using Hyperopt loss class name: SharpeHyperOptLoss
2026-09-28 18:56:43,487 - freqtrade.configuration.configuration - INFO - Filter trades by timerange: 20210702-20221231
2026-09-28 18:56:43,487 - freqtrade.exchange.check_exchange - INFO - Checking exchange...
2026-09-28 18:56:43,493 - freqtrade.exchange.check_exchange - INFO - Exchange "binance" is officially supported by the Freqtrade development team.
2026-09-28 18:56:43,493 - freqtrade.configuration.configuration - INFO - Using pairlist from configuration.
2026-09-28 18:56:43,494 - freqtrade.configuration.config_validation - INFO - Validating configuration ...
2026-09-28 18:56:43,495 - freqtrade.commands.optimize_commands - INFO - Starting freqtrade in Hyperopt mode
2026-09-28 18:56:43,496 - freqtrade.optimize.hyperopt.hyperopt - INFO - Removing `/freqtrade/user_data/hyperopt_results/hyperopt_tickerdata.pkl`.
2026-09-28 18:56:43,498 - freqtrade.exchange.exchange - INFO - Instance is running with dry_run enabled
2026-09-28 18:56:43,498 - freqtrade.exchange.exchange - INFO - Using CCXT 4.5.76
2026-09-28 18:56:43,498 - freqtrade.exchange.exchange - INFO - Applying additional ccxt config: {'enableRateLimit': True}
2026-09-28 18:56:43,503 - freqtrade.exchange.exchange - INFO - Applying additional ccxt config: {'enableRateLimit': True}
2026-09-28 18:56:43,507 - freqtrade.exchange.exchange - INFO - Using Exchange "Binance"
2026-09-28 18:56:45,394 - freqtrade.resolvers.exchange_resolver - INFO - Using resolved exchange class 'Binance' ...
2026-09-28 18:56:45,402 - freqtrade.resolvers.iresolver - INFO - Using resolved strategy BBRSIStrategy from '/freqtrade/user_data/strategies/BBRSIStrategy.py'...
2026-09-28 18:56:45,402 - freqtrade.strategy.hyper - INFO - Found no parameter file.
2026-09-28 18:56:45,403 - freqtrade.resolvers.strategy_resolver - INFO - Override strategy 'timeframe' with value from the configuration: 1h.
2026-09-28 18:56:45,403 - freqtrade.resolvers.strategy_resolver - INFO - Override strategy 'stoploss' with value from the configuration: -0.1.
2026-09-28 18:56:45,403 - freqtrade.resolvers.strategy_resolver - INFO - Override strategy 'stake_currency' with value from the configuration: USDT.
2026-09-28 18:56:45,403 - freqtrade.resolvers.strategy_resolver - INFO - Override strategy 'stake_amount' with value from the configuration: 100.
2026-09-28 18:56:45,403 - freqtrade.resolvers.strategy_resolver - INFO - Override strategy 'unfilledtimeout' with value from the configuration: {'entry': 10, 'exit': 30, 'exit_timeout_count': 0, 
'unit': 'minutes'}.
2026-09-28 18:56:45,404 - freqtrade.resolvers.strategy_resolver - INFO - Override strategy 'use_exit_signal' with value from the configuration: True.
2026-09-28 18:56:45,404 - freqtrade.resolvers.strategy_resolver - INFO - Override strategy 'exit_profit_only' with value from the configuration: False.
2026-09-28 18:56:45,404 - freqtrade.resolvers.strategy_resolver - INFO - Override strategy 'ignore_roi_if_entry_signal' with value from the configuration: False.
2026-09-28 18:56:45,404 - freqtrade.resolvers.strategy_resolver - INFO - Override strategy 'max_open_trades' with value from the configuration: 10.
2026-09-28 18:56:45,404 - freqtrade.resolvers.strategy_resolver - INFO - Strategy using minimal_roi: {'0': 0.09638, '19': 0.03643, '69': 0.01923, '120': 0}
2026-09-28 18:56:45,404 - freqtrade.resolvers.strategy_resolver - INFO - Strategy using timeframe: 1h
2026-09-28 18:56:45,405 - freqtrade.resolvers.strategy_resolver - INFO - Strategy using stoploss: -0.1
2026-09-28 18:56:45,405 - freqtrade.resolvers.strategy_resolver - INFO - Strategy using trailing_stop: False
2026-09-28 18:56:45,405 - freqtrade.resolvers.strategy_resolver - INFO - Strategy using trailing_stop_positive_offset: 0.0
2026-09-28 18:56:45,405 - freqtrade.resolvers.strategy_resolver - INFO - Strategy using trailing_only_offset_is_reached: False
2026-09-28 18:56:45,405 - freqtrade.resolvers.strategy_resolver - INFO - Strategy using use_custom_stoploss: False
2026-09-28 18:56:45,405 - freqtrade.resolvers.strategy_resolver - INFO - Strategy using process_only_new_candles: True
2026-09-28 18:56:45,406 - freqtrade.resolvers.strategy_resolver - INFO - Strategy using order_types: {'entry': 'limit', 'exit': 'limit', 'stoploss': 'limit', 'stoploss_on_exchange': False}
2026-09-28 18:56:45,406 - freqtrade.resolvers.strategy_resolver - INFO - Strategy using order_time_in_force: {'entry': 'GTC', 'exit': 'GTC'}
2026-09-28 18:56:45,406 - freqtrade.resolvers.strategy_resolver - INFO - Strategy using stake_currency: USDT
2026-09-28 18:56:45,406 - freqtrade.resolvers.strategy_resolver - INFO - Strategy using stake_amount: 100
2026-09-28 18:56:45,406 - freqtrade.resolvers.strategy_resolver - INFO - Strategy using startup_candle_count: 20
2026-09-28 18:56:45,406 - freqtrade.resolvers.strategy_resolver - INFO - Strategy using unfilledtimeout: {'entry': 10, 'exit': 30, 'exit_timeout_count': 0, 'unit': 'minutes'}
2026-09-28 18:56:45,407 - freqtrade.resolvers.strategy_resolver - INFO - Strategy using use_exit_signal: True
2026-09-28 18:56:45,407 - freqtrade.resolvers.strategy_resolver - INFO - Strategy using exit_profit_only: False
2026-09-28 18:56:45,407 - freqtrade.resolvers.strategy_resolver - INFO - Strategy using ignore_roi_if_entry_signal: False
2026-09-28 18:56:45,407 - freqtrade.resolvers.strategy_resolver - INFO - Strategy using exit_profit_offset: 0.0
2026-09-28 18:56:45,407 - freqtrade.resolvers.strategy_resolver - INFO - Strategy using disable_dataframe_checks: False
2026-09-28 18:56:45,407 - freqtrade.resolvers.strategy_resolver - INFO - Strategy using ignore_buying_expired_candle_after: 0
2026-09-28 18:56:45,407 - freqtrade.resolvers.strategy_resolver - INFO - Strategy using position_adjustment_enable: False
2026-09-28 18:56:45,408 - freqtrade.resolvers.strategy_resolver - INFO - Strategy using max_entry_position_adjustment: -1
2026-09-28 18:56:45,408 - freqtrade.resolvers.strategy_resolver - INFO - Strategy using max_open_trades: 10
2026-09-28 18:56:45,408 - freqtrade.configuration.config_validation - INFO - Validating configuration ...
2026-09-28 18:56:45,411 - freqtrade.resolvers.iresolver - INFO - Using resolved pairlist StaticPairList from '/freqtrade/freqtrade/plugins/pairlist/StaticPairList.py'...
2026-09-28 18:56:45,420 - freqtrade.optimize.backtesting - INFO - Using fee 0.1000% from config.
2026-09-28 18:56:45,421 - freqtrade.strategy.hyper - INFO - No params for buy found, using default values.
2026-09-28 18:56:45,421 - freqtrade.strategy.hyper - INFO - Strategy Parameter(default): buy_rsi = 30
2026-09-28 18:56:45,421 - freqtrade.strategy.hyper - INFO - Strategy Parameter(default): buy_rsi_enabled = False
2026-09-28 18:56:45,422 - freqtrade.strategy.hyper - INFO - Strategy Parameter(default): buy_trigger = bb_lower3
2026-09-28 18:56:45,422 - freqtrade.strategy.hyper - INFO - No params for sell found, using default values.
2026-09-28 18:56:45,422 - freqtrade.strategy.hyper - INFO - Strategy Parameter(default): sell_rsi = 75
2026-09-28 18:56:45,422 - freqtrade.strategy.hyper - INFO - Strategy Parameter(default): sell_rsi_enabled = True
2026-09-28 18:56:45,422 - freqtrade.strategy.hyper - INFO - Strategy Parameter(default): sell_trigger = bb_middle1
2026-09-28 18:56:45,423 - freqtrade.resolvers.iresolver - INFO - Using resolved hyperoptloss SharpeHyperOptLoss from '/freqtrade/freqtrade/optimize/hyperopt_loss/hyperopt_loss_sharpe.py'...
2026-09-28 18:56:45,762 - freqtrade.optimize.hyperopt.hyperopt_optimizer - INFO - manager queue <class 'multiprocessing.managers.AutoProxy[Queue]'>
2026-09-28 18:56:45,762 - freqtrade.optimize.hyperopt.hyperopt - INFO - Using optimizer random state: 1002
2026-09-28 18:56:45,762 - freqtrade.optimize.hyperopt.hyperopt_interface - INFO - Min roi table: {0: 0.069, 120: 0.046, 240: 0.023, 360: 0}
2026-09-28 18:56:45,763 - freqtrade.optimize.hyperopt.hyperopt_interface - INFO - Max roi table: {0: 0.711, 480: 0.252, 1200: 0.092, 2640: 0}
2026-09-28 18:56:45,969 - freqtrade.optimize.backtesting - INFO - Loading data from 2021-07-01 04:00:00 up to 2022-12-31 00:00:00 (547 days).
2026-09-28 18:56:47,058 - freqtrade.optimize.hyperopt.hyperopt_optimizer - INFO - Dataload complete. Calculating indicators
2026-09-28 18:56:47,189 - freqtrade.optimize.hyperopt.hyperopt_optimizer - INFO - Hyperopting with data from 2021-07-02 00:00:00 up to 2022-12-31 00:00:00 (547 days)..
2026-09-28 18:56:47,469 - freqtrade.optimize.hyperopt.hyperopt - INFO - Found 12 CPU cores. Let's make them scream!
2026-09-28 18:56:47,470 - freqtrade.optimize.hyperopt.hyperopt - INFO - Number of parallel jobs set as: -1
2026-09-28 18:56:47,470 - freqtrade.optimize.hyperopt.hyperopt_optimizer - INFO - Using optuna sampler NSGAIIISampler.
[I 2026-09-28 18:56:47,471] A new study created in memory with name: no-name-ee629d59-31e5-4ecc-a8d0-b2957cb824e9
2026-09-28 18:56:47,472 - freqtrade.optimize.hyperopt.hyperopt - INFO - Effective number of parallel workers used: 12
                                                                                            Hyperopt results                                                                                            
                        ┏━━━━━━━━┳━━━━━━━━┳━━━━━━━━┳━━━━━━━━━━━━━━━━━━━━━━━━┳━━━━━━━━━━━━┳━━━━━━━━━━━━━━━━━━━━━━━━━━━┳━━━━━━━━━━━━━━━━━━┳━━━━━━━━━━━┳━━━━━━━━━━━━━━━━━━━━━━━━━━┓                        
                        ┃ Best   ┃  Epoch ┃ Trades ┃  Win  Draw  Loss  Win% ┃ Avg profit ┃                    Profit ┃     Avg duration ┃ Objective ┃      Max Drawdown (Acct) ┃                        
                        ┡━━━━━━━━╇━━━━━━━━╇━━━━━━━━╇━━━━━━━━━━━━━━━━━━━━━━━━╇━━━━━━━━━━━━╇━━━━━━━━━━━━━━━━━━━━━━━━━━━╇━━━━━━━━━━━━━━━━━━╇━━━━━━━━━━━╇━━━━━━━━━━━━━━━━━━━━━━━━━━┩                        
                        │ * Best │  1/100 │   1846 │ 1282     1   563  69.4 │     -0.72% │ -1331.909 USDT  (-66.60%) │ 2 days, 10:50:00 │   6.08039 │ 1804.902 USDT   (72.98%) │                        
                        │ * Best │  2/100 │   1645 │ 1041     0   604  63.3 │     -0.13% │  -219.330 USDT  (-10.97%) │         12:54:00 │   2.36869 │  375.621 USDT   (17.42%) │                        
                        │ * Best │ 13/100 │    388 │  208     0   180  53.6 │     -0.88% │  -342.369 USDT  (-17.12%) │   1 day, 2:07:00 │   2.27211 │  403.216 USDT   (19.64%) │                        
                        │ * Best │ 17/100 │   1362 │  934     0   428  68.6 │      0.20% │   276.299 USDT   (13.81%) │         18:03:00 │  -2.69322 │  133.425 USDT    (5.54%) │                        
                        └────────┴────────┴────────┴────────────────────────┴────────────┴───────────────────────────┴──────────────────┴───────────┴──────────────────────────┘                        
Epochs ━━━━━━━━━━━━━━━━━━━━━━━━━━━━━━━━━━━━━━━━━━━━━━━━━━━━━━━━━━━━━━━━━━━━━━━━━━━━━━━━━━━━━━━━━━━━━━━━━━━━━━━━━━━━━━━━━━━━━━━━━━━━━━━━━━━━━━━━━━━━━━━━━━━━━━━━━━━━━━━━ 100/100 100% • 0:01:15 • 0:00:00
2026-09-28 18:58:03,195 - freqtrade.optimize.hyperopt.hyperopt - INFO - 100 epochs saved to '/freqtrade/user_data/hyperopt_results/strategy_BBRSIStrategy_2026-09-28_21-56-43.fthypt'.
/freqtrade/user_data/strategies/Strategy002.py:8: FutureWarning: 'freqtrade.vendor.qtpylib.indicators' is deprecated and will be removed in a future release. Import from technical instead - either the module (`from technical import qtpylib`) or a single function (`from technical.qtpylib import crossed_above`).
  import freqtrade.vendor.qtpylib.indicators as qtpylib
2026-09-28 18:58:03,484 - freqtrade.optimize.hyperopt_tools - INFO - Dumping parameters to /freqtrade/user_data/strategies/BBRSIStrategy.json

Best result:

*   17/100:   1362 trades. 934/0/428 Wins/Draws/Losses. Avg profit   0.20%. Median profit   0.91%. Total profit 276.29863081 USDT (  13.81%). Avg duration 18:03:00 min. Objective: -2.69322


    # Buy parameters:
    buy_params = {
        "buy_rsi": 47,
        "buy_rsi_enabled": True,
        "buy_trigger": "bb_lower1",
    }

    # Sell parameters:
    sell_params = {
        "sell_rsi": 51,
        "sell_rsi_enabled": True,
        "sell_trigger": "bb_upper1",
    }

    # ROI parameters:
    minimal_roi = {
        "0": 0.098,
        "448": 0.056,
        "825": 0.027,
        "1976": 0
    }

    # Stoploss parameters:
    stoploss = -0.199

    # Trailing stop parameters:
    trailing_stop = False  # value loaded from strategy
    trailing_stop_positive = None  # value loaded from strategy
    trailing_stop_positive_offset = 0.0  # value loaded from strategy
    trailing_only_offset_is_reached = False  # value loaded from strategy
    

    # max_open_trades parameters:
    max_open_trades = 10  # value loaded from strategy
