2026-09-28 20:07:38,537 - freqtrade - INFO - freqtrade 2026.8
2026-09-28 20:07:38,705 - numexpr.utils - INFO - NumExpr defaulting to 12 threads.
2026-09-28 20:07:39,828 - freqtrade.configuration.load_config - INFO - Using config: user_data/config.json ...
2026-09-28 20:07:39,830 - freqtrade.loggers - INFO - Enabling colorized output.
2026-09-28 20:07:39,830 - freqtrade.loggers - INFO - Logfile configured
2026-09-28 20:07:39,830 - freqtrade.loggers - INFO - Verbosity set to 0
2026-09-28 20:07:39,830 - freqtrade.configuration.configuration - INFO - Parameter -i/--timeframe detected ... Using timeframe: 4h ...
2026-09-28 20:07:39,830 - freqtrade.configuration.configuration - INFO - Using max_open_trades: 5 ...
2026-09-28 20:07:39,831 - freqtrade.configuration.configuration - INFO - Parameter --fee detected, setting fee to: 0.001 ...
2026-09-28 20:07:39,831 - freqtrade.configuration.configuration - INFO - Parameter --timerange detected: 20220702-20221231 ...
2026-09-28 20:07:39,841 - freqtrade.configuration.configuration - INFO - Using user-data directory: /freqtrade/user_data ...
2026-09-28 20:07:39,841 - freqtrade.configuration.configuration - INFO - Using data directory: /freqtrade/user_data/data/binance ...
2026-09-28 20:07:39,842 - freqtrade.configuration.configuration - INFO - Parameter --export detected: trades ...
2026-09-28 20:07:39,842 - freqtrade.configuration.configuration - INFO - Parameter --cache=none detected ...
2026-09-28 20:07:39,842 - freqtrade.configuration.configuration - INFO - Filter trades by timerange: 20220702-20221231
2026-09-28 20:07:39,843 - freqtrade.exchange.check_exchange - INFO - Checking exchange...
2026-09-28 20:07:39,848 - freqtrade.exchange.check_exchange - INFO - Exchange "binance" is officially supported by the Freqtrade development team.
2026-09-28 20:07:39,848 - freqtrade.configuration.configuration - INFO - Using pairlist from configuration.
2026-09-28 20:07:39,848 - freqtrade.configuration.config_validation - INFO - Validating configuration ...
2026-09-28 20:07:39,849 - freqtrade.commands.optimize_commands - INFO - Starting freqtrade in Backtesting mode
2026-09-28 20:07:39,850 - freqtrade.exchange.exchange - INFO - Instance is running with dry_run enabled
2026-09-28 20:07:39,850 - freqtrade.exchange.exchange - INFO - Using CCXT 4.5.76
2026-09-28 20:07:39,850 - freqtrade.exchange.exchange - INFO - Applying additional ccxt config: {'enableRateLimit': True}
2026-09-28 20:07:39,855 - freqtrade.exchange.exchange - INFO - Applying additional ccxt config: {'enableRateLimit': True}
2026-09-28 20:07:39,861 - freqtrade.exchange.exchange - INFO - Using Exchange "Binance"
2026-09-28 20:07:41,983 - freqtrade.resolvers.exchange_resolver - INFO - Using resolved exchange class 'Binance' ...
2026-09-28 20:07:41,990 - freqtrade.resolvers.iresolver - INFO - Using resolved strategy TrendVolTarget from '/freqtrade/user_data/strategies/TrendVolTarget.py'...
2026-09-28 20:07:41,990 - freqtrade.strategy.hyper - INFO - Found no parameter file.
2026-09-28 20:07:41,991 - freqtrade.resolvers.strategy_resolver - INFO - Override strategy 'timeframe' with value from the configuration: 4h.
2026-09-28 20:07:41,991 - freqtrade.resolvers.strategy_resolver - INFO - Override strategy 'stoploss' with value from the configuration: -0.1.
2026-09-28 20:07:41,991 - freqtrade.resolvers.strategy_resolver - INFO - Override strategy 'stake_currency' with value from the configuration: USDT.
2026-09-28 20:07:41,991 - freqtrade.resolvers.strategy_resolver - INFO - Override strategy 'stake_amount' with value from the configuration: 100.
2026-09-28 20:07:41,991 - freqtrade.resolvers.strategy_resolver - INFO - Override strategy 'unfilledtimeout' with value from the configuration: {'entry': 10, 'exit': 30, 'exit_timeout_count': 0, 
'unit': 'minutes'}.
2026-09-28 20:07:41,991 - freqtrade.resolvers.strategy_resolver - INFO - Override strategy 'use_exit_signal' with value from the configuration: True.
2026-09-28 20:07:41,992 - freqtrade.resolvers.strategy_resolver - INFO - Override strategy 'exit_profit_only' with value from the configuration: False.
2026-09-28 20:07:41,992 - freqtrade.resolvers.strategy_resolver - INFO - Override strategy 'ignore_roi_if_entry_signal' with value from the configuration: False.
2026-09-28 20:07:41,992 - freqtrade.resolvers.strategy_resolver - INFO - Override strategy 'max_open_trades' with value from the configuration: 5.
2026-09-28 20:07:41,992 - freqtrade.resolvers.strategy_resolver - INFO - Strategy using minimal_roi: {'0': 100}
2026-09-28 20:07:41,992 - freqtrade.resolvers.strategy_resolver - INFO - Strategy using timeframe: 4h
2026-09-28 20:07:41,992 - freqtrade.resolvers.strategy_resolver - INFO - Strategy using stoploss: -0.1
2026-09-28 20:07:41,992 - freqtrade.resolvers.strategy_resolver - INFO - Strategy using trailing_stop: False
2026-09-28 20:07:41,992 - freqtrade.resolvers.strategy_resolver - INFO - Strategy using trailing_stop_positive_offset: 0.0
2026-09-28 20:07:41,992 - freqtrade.resolvers.strategy_resolver - INFO - Strategy using trailing_only_offset_is_reached: False
2026-09-28 20:07:41,993 - freqtrade.resolvers.strategy_resolver - INFO - Strategy using use_custom_stoploss: True
2026-09-28 20:07:41,993 - freqtrade.resolvers.strategy_resolver - INFO - Strategy using process_only_new_candles: True
2026-09-28 20:07:41,993 - freqtrade.resolvers.strategy_resolver - INFO - Strategy using order_types: {'entry': 'limit', 'exit': 'limit', 'stoploss': 'limit', 'stoploss_on_exchange': False, 
'stoploss_on_exchange_interval': 60}
2026-09-28 20:07:41,993 - freqtrade.resolvers.strategy_resolver - INFO - Strategy using order_time_in_force: {'entry': 'GTC', 'exit': 'GTC'}
2026-09-28 20:07:41,993 - freqtrade.resolvers.strategy_resolver - INFO - Strategy using stake_currency: USDT
2026-09-28 20:07:41,993 - freqtrade.resolvers.strategy_resolver - INFO - Strategy using stake_amount: 100
2026-09-28 20:07:41,993 - freqtrade.resolvers.strategy_resolver - INFO - Strategy using startup_candle_count: 300
2026-09-28 20:07:41,994 - freqtrade.resolvers.strategy_resolver - INFO - Strategy using unfilledtimeout: {'entry': 10, 'exit': 30, 'exit_timeout_count': 0, 'unit': 'minutes'}
2026-09-28 20:07:41,994 - freqtrade.resolvers.strategy_resolver - INFO - Strategy using use_exit_signal: True
2026-09-28 20:07:41,994 - freqtrade.resolvers.strategy_resolver - INFO - Strategy using exit_profit_only: False
2026-09-28 20:07:41,994 - freqtrade.resolvers.strategy_resolver - INFO - Strategy using ignore_roi_if_entry_signal: False
2026-09-28 20:07:41,994 - freqtrade.resolvers.strategy_resolver - INFO - Strategy using exit_profit_offset: 0.0
2026-09-28 20:07:41,994 - freqtrade.resolvers.strategy_resolver - INFO - Strategy using disable_dataframe_checks: False
2026-09-28 20:07:41,994 - freqtrade.resolvers.strategy_resolver - INFO - Strategy using ignore_buying_expired_candle_after: 0
2026-09-28 20:07:41,994 - freqtrade.resolvers.strategy_resolver - INFO - Strategy using position_adjustment_enable: False
2026-09-28 20:07:41,995 - freqtrade.resolvers.strategy_resolver - INFO - Strategy using max_entry_position_adjustment: -1
2026-09-28 20:07:41,995 - freqtrade.resolvers.strategy_resolver - INFO - Strategy using max_open_trades: 5
2026-09-28 20:07:41,995 - freqtrade.configuration.config_validation - INFO - Validating configuration ...
2026-09-28 20:07:41,997 - freqtrade.resolvers.iresolver - INFO - Using resolved pairlist StaticPairList from '/freqtrade/freqtrade/plugins/pairlist/StaticPairList.py'...
2026-09-28 20:07:42,006 - freqtrade.optimize.backtesting - INFO - Using fee 0.1000% from config.
2026-09-28 20:07:42,144 - freqtrade.optimize.backtesting - INFO - Loading data from 2022-05-13 00:00:00 up to 2022-12-31 00:00:00 (232 days).
2026-09-28 20:07:42,299 - freqtrade.optimize.backtesting - INFO - Dataload complete. Calculating indicators
2026-09-28 20:07:42,300 - freqtrade.optimize.backtesting - INFO - Running backtesting for Strategy TrendVolTarget
2026-09-28 20:07:42,300 - freqtrade.strategy.hyper - INFO - No params for sell found, using default values.
2026-09-28 20:07:42,300 - freqtrade.strategy.hyper - INFO - Strategy Parameter(default): atr_stop = 3.5
2026-09-28 20:07:42,300 - freqtrade.strategy.hyper - INFO - No params for buy found, using default values.
2026-09-28 20:07:42,301 - freqtrade.strategy.hyper - INFO - Strategy Parameter(default): entry_len = 120
2026-09-28 20:07:42,301 - freqtrade.strategy.hyper - INFO - Strategy Parameter(default): vol_floor = 0.012
2026-09-28 20:07:42,335 - freqtrade.optimize.backtesting - INFO - Backtesting with data from 2022-07-02 00:00:00 up to 2022-12-31 00:00:00 (182 days).
backtest ━━━━━━━━━━━━━━━━━━━━━━━━━━━━━━━━━━━━━━━━━━━━━━━━━━━━━━━━━━━━━━━━━━━━━━━━━━━━━━━━━━━━━━━━━━━━━━━━━━━━━━━━━━━━━━━━━━━━━━━━━━━━━━━━━━━━━━━━━━━━━━━━━━━━━━━━━━━━ 4/4       100% • 0:00:00 • 0:00:00
backtest ━━━━━━━━━━━━━━━━━━━━━━━━━━━━━━━━━━━━━━━━━━━━━━━━━━━━━━━━━━━━━━━━━━━━━━━━━━━━━━━━━━━━━━━━━━━━━━━━━━━━━━━━━━━━━━━━━━━━━━━━━━━━━━━━━━━━━━━━━━━━━━━━━━━━━━━━━━━━ 1092/1092 100% • 0:00:00 • 0:00:00
2026-09-28 20:07:42,961 - freqtrade.misc - INFO - dumping json to "/freqtrade/user_data/backtest_results/backtest-result-2026-09-28_23-07-42.meta.json"
Result for strategy TrendVolTarget
                                                BACKTESTING REPORT                                                
┏━━━━━━━━━━━┳━━━━━━━━┳━━━━━━━━━━━━━━┳━━━━━━━━━━━━━━━━━┳━━━━━━━━━━━━━━┳━━━━━━━━━━━━━━━━━━┳━━━━━━━━━━━━━━━━━━━━━━━━┓
┃      Pair ┃ Trades ┃ Avg Profit % ┃ Tot Profit USDT ┃ Tot Profit % ┃     Avg Duration ┃  Win  Draw  Loss  Win% ┃
┡━━━━━━━━━━━╇━━━━━━━━╇━━━━━━━━━━━━━━╇━━━━━━━━━━━━━━━━━╇━━━━━━━━━━━━━━╇━━━━━━━━━━━━━━━━━━╇━━━━━━━━━━━━━━━━━━━━━━━━┩
│  BNB/USDT │      6 │         1.55 │          11.611 │         0.58 │  4 days, 6:40:00 │    4     0     2  66.7 │
│  ZEC/USDT │      1 │         2.01 │           1.324 │         0.07 │ 2 days, 16:00:00 │    1     0     0   100 │
│  TRX/USDT │      0 │          0.0 │           0.000 │          0.0 │             0:00 │    0     0     0     0 │
│ HBAR/USDT │      0 │          0.0 │           0.000 │          0.0 │             0:00 │    0     0     0     0 │
│  LTC/USDT │      4 │        -2.43 │          -0.026 │         -0.0 │  4 days, 6:00:00 │    1     0     3  25.0 │
│ ALGO/USDT │      2 │        -1.39 │          -1.454 │        -0.07 │ 4 days, 10:00:00 │    1     0     1  50.0 │
│ DOGE/USDT │      6 │        -1.46 │          -3.687 │        -0.18 │         18:40:00 │    1     0     5  16.7 │
│ AVAX/USDT │      3 │        -1.58 │          -5.013 │        -0.25 │  3 days, 0:00:00 │    1     0     2  33.3 │
│  SOL/USDT │      2 │         -5.2 │          -6.229 │        -0.31 │  2 days, 8:00:00 │    0     0     2     0 │
│  XLM/USDT │      1 │        -8.93 │          -6.501 │        -0.33 │         12:00:00 │    0     0     1     0 │
│ NEAR/USDT │      3 │        -4.24 │          -6.717 │        -0.34 │ 3 days, 20:00:00 │    1     0     2  33.3 │
│  ADA/USDT │      2 │        -3.86 │          -6.839 │        -0.34 │         20:00:00 │    0     0     2     0 │
│  BTC/USDT │      1 │        -4.09 │          -7.140 │        -0.36 │  1 day, 16:00:00 │    0     0     1     0 │
│  XRP/USDT │      3 │        -4.02 │          -9.287 │        -0.46 │         22:40:00 │    1     0     2  33.3 │
│ LINK/USDT │      4 │        -3.96 │         -10.440 │        -0.52 │  3 days, 5:00:00 │    1     0     3  25.0 │
│  ETH/USDT │      5 │        -3.55 │         -13.034 │        -0.65 │ 3 days, 20:00:00 │    1     0     4  20.0 │
│  UNI/USDT │      7 │        -3.82 │         -17.384 │        -0.87 │  3 days, 8:00:00 │    1     0     6  14.3 │
│     TOTAL │     50 │        -2.62 │         -80.816 │        -4.04 │ 2 days, 22:05:00 │   14     0    36  28.0 │
└───────────┴────────┴──────────────┴─────────────────┴──────────────┴──────────────────┴────────────────────────┘
                                         LEFT OPEN TRADES REPORT                                          
┏━━━━━━━┳━━━━━━━━┳━━━━━━━━━━━━━━┳━━━━━━━━━━━━━━━━━┳━━━━━━━━━━━━━━┳━━━━━━━━━━━━━━┳━━━━━━━━━━━━━━━━━━━━━━━━┓
┃  Pair ┃ Trades ┃ Avg Profit % ┃ Tot Profit USDT ┃ Tot Profit % ┃ Avg Duration ┃  Win  Draw  Loss  Win% ┃
┡━━━━━━━╇━━━━━━━━╇━━━━━━━━━━━━━━╇━━━━━━━━━━━━━━━━━╇━━━━━━━━━━━━━━╇━━━━━━━━━━━━━━╇━━━━━━━━━━━━━━━━━━━━━━━━┩
│ TOTAL │      0 │          0.0 │           0.000 │          0.0 │         0:00 │    0     0     0     0 │
└───────┴────────┴──────────────┴─────────────────┴──────────────┴──────────────┴────────────────────────┘
                                                  ENTER TAG STATS                                                  
┏━━━━━━━━━━━┳━━━━━━━━━┳━━━━━━━━━━━━━━┳━━━━━━━━━━━━━━━━━┳━━━━━━━━━━━━━━┳━━━━━━━━━━━━━━━━━━┳━━━━━━━━━━━━━━━━━━━━━━━━┓
┃ Enter Tag ┃ Entries ┃ Avg Profit % ┃ Tot Profit USDT ┃ Tot Profit % ┃     Avg Duration ┃  Win  Draw  Loss  Win% ┃
┡━━━━━━━━━━━╇━━━━━━━━━╇━━━━━━━━━━━━━━╇━━━━━━━━━━━━━━━━━╇━━━━━━━━━━━━━━╇━━━━━━━━━━━━━━━━━━╇━━━━━━━━━━━━━━━━━━━━━━━━┩
│     OTHER │      50 │        -2.62 │         -80.816 │        -4.04 │ 2 days, 22:05:00 │   14     0    36  28.0 │
│     TOTAL │      50 │        -2.62 │         -80.816 │        -4.04 │ 2 days, 22:05:00 │   14     0    36  28.0 │
└───────────┴─────────┴──────────────┴─────────────────┴──────────────┴──────────────────┴────────────────────────┘
                                                    EXIT REASON STATS                                                     
┏━━━━━━━━━━━━━━━━━━━━┳━━━━━━━┳━━━━━━━━━━━━━━┳━━━━━━━━━━━━━━━━━┳━━━━━━━━━━━━━━┳━━━━━━━━━━━━━━━━━━┳━━━━━━━━━━━━━━━━━━━━━━━━┓
┃        Exit Reason ┃ Exits ┃ Avg Profit % ┃ Tot Profit USDT ┃ Tot Profit % ┃     Avg Duration ┃  Win  Draw  Loss  Win% ┃
┡━━━━━━━━━━━━━━━━━━━━╇━━━━━━━╇━━━━━━━━━━━━━━╇━━━━━━━━━━━━━━━━━╇━━━━━━━━━━━━━━╇━━━━━━━━━━━━━━━━━━╇━━━━━━━━━━━━━━━━━━━━━━━━┩
│ trailing_stop_loss │    50 │        -2.62 │         -80.816 │        -4.04 │ 2 days, 22:05:00 │   14     0    36  28.0 │
│              TOTAL │    50 │        -2.62 │         -80.816 │        -4.04 │ 2 days, 22:05:00 │   14     0    36  28.0 │
└────────────────────┴───────┴──────────────┴─────────────────┴──────────────┴──────────────────┴────────────────────────┘
                                                            MIXED TAG STATS                                                            
┏━━━━━━━━━━━┳━━━━━━━━━━━━━━━━━━━━┳━━━━━━━━┳━━━━━━━━━━━━━━┳━━━━━━━━━━━━━━━━━┳━━━━━━━━━━━━━━┳━━━━━━━━━━━━━━━━━━┳━━━━━━━━━━━━━━━━━━━━━━━━┓
┃ Enter Tag ┃        Exit Reason ┃ Trades ┃ Avg Profit % ┃ Tot Profit USDT ┃ Tot Profit % ┃     Avg Duration ┃  Win  Draw  Loss  Win% ┃
┡━━━━━━━━━━━╇━━━━━━━━━━━━━━━━━━━━╇━━━━━━━━╇━━━━━━━━━━━━━━╇━━━━━━━━━━━━━━━━━╇━━━━━━━━━━━━━━╇━━━━━━━━━━━━━━━━━━╇━━━━━━━━━━━━━━━━━━━━━━━━┩
│           │ trailing_stop_loss │     50 │        -2.62 │         -80.816 │        -4.04 │ 2 days, 22:05:00 │   14     0    36  28.0 │
│     TOTAL │                    │     50 │        -2.62 │         -80.816 │        -4.04 │ 2 days, 22:05:00 │   14     0    36  28.0 │
└───────────┴────────────────────┴────────┴──────────────┴─────────────────┴──────────────┴──────────────────┴────────────────────────┘
                                   SUMMARY METRICS                                    
┏━━━━━━━━━━━━━━━━━━━━━━━━━━━━━━━━━━━━━━━━┳━━━━━━━━━━━━━━━━━━━━━━━━━━━━━━━━━━━━━━━━━━━┓
┃ Metric                                 ┃ Value                                     ┃
┡━━━━━━━━━━━━━━━━━━━━━━━━━━━━━━━━━━━━━━━━╇━━━━━━━━━━━━━━━━━━━━━━━━━━━━━━━━━━━━━━━━━━━┩
│ Backtesting from                       │ 2022-07-02 00:00:00                       │
│ Backtesting to                         │ 2022-12-31 00:00:00                       │
│ Trading Mode                           │ Spot                                      │
│ Max open trades                        │ 5                                         │
│                                        │                                           │
│ Total/Daily Avg Trades                 │ 50 / 0.27                                 │
│ Starting balance                       │ 2000 USDT                                 │
│ Final balance                          │ 1919.184 USDT                             │
│ Absolute profit                        │ -80.816 USDT                              │
│ Total profit %                         │ -4.04%                                    │
│ CAGR %                                 │ -7.94%                                    │
│ Sharpe (closed trades)                 │ -2.15                                     │
│ Sortino (closed trades)                │ -4.18                                     │
│ Calmar (closed trades)                 │ -9.37                                     │
│ SQN                                    │ -2.86                                     │
│ Mean profit p-value                    │ 0.006169                                  │
│ Profit factor                          │ 0.37                                      │
│ Expectancy (Ratio)                     │ -1.62 (-0.45)                             │
│ Avg. daily profit                      │ -0.444 USDT                               │
│ Avg. stake amount                      │ 74.756 USDT                               │
│ Market change                          │ -18.06%                                   │
│ Total trade volume                     │ 7409.578 USDT                             │
│                                        │                                           │
│ Best Pair                              │ BNB/USDT 0.58%                            │
│ Worst Pair                             │ UNI/USDT -0.87%                           │
│ Best trade                             │ DOGE/USDT 12.41%                          │
│ Worst trade                            │ NEAR/USDT -11.67%                         │
│ Best day                               │ 11.86 USDT                                │
│ Worst day                              │ -16.851 USDT                              │
│ Days win/draw/lose                     │ 9 / 111 / 21                              │
│ Min/Max/Avg. Duration Winners          │ 0d 16:00 / 6d 12:00 / 3d 12:00            │
│ Min/Max/Avg. Duration Losers           │ 0d 00:00 / 7d 16:00 / 2d 16:40            │
│ Max Consecutive Wins / Loss            │ 5 / 9                                     │
│ Rejected Entry signals                 │ 18                                        │
│ Entry/Exit Timeouts                    │ 0 / 0                                     │
│                                        │                                           │
│ Min/Max balance (closed trades)        │ 1909.422 USDT / 1997.838 USDT             │
│ Max % of account underwater            │ 4.53%                                     │
│ Absolute drawdown                      │ 90.578 USDT (4.53%)                       │
│ Drawdown duration                      │ 118 days 04:00:00                         │
│ Profit at drawdown start               │ 0 USDT                                    │
│ Profit at drawdown end                 │ -90.578 USDT                              │
│ Drawdown start                         │ 2022-07-11 16:00:00                       │
│ Drawdown end                           │ 2022-11-06 20:00:00                       │
│                                        │                                           │
│ Wallet based Metrics                   │                                           │
│ Min/Max balance (wallet balance)       │ 1907.151 USDT / 2018.9 USDT               │
│ Min/Max balance dates (wallet balance) │ 2022-10-28 08:00:00 / 2022-07-20 16:00:00 │
│ Max % of account underwater (balance)  │ 5.54%                                     │
│ Absolute drawdown (wallet balance)     │ 111.749 USDT (5.54%)                      │
│ Drawdown duration                      │ 99 days 16:00:00                          │
│ Profit at drawdown start               │ 18.9 USDT                                 │
│ Profit at drawdown end                 │ -92.849 USDT                              │
│ Drawdown start                         │ 2022-07-20 16:00:00                       │
│ Drawdown end                           │ 2022-10-28 08:00:00                       │
│ Sharpe (daily wallet balance)          │ -1.84                                     │
│ Sortino (daily wallet balance)         │ -1.93                                     │
│ Calmar (daily wallet balance)          │ -7.71                                     │
└────────────────────────────────────────┴───────────────────────────────────────────┘

Backtested 2022-07-02 00:00:00 -> 2022-12-31 00:00:00 | Max open trades : 5
                                                              STRATEGY SUMMARY                                                              
┏━━━━━━━━━━━━━━━━┳━━━━━━━━┳━━━━━━━━━━━━━━┳━━━━━━━━━━━━━━━━━┳━━━━━━━━━━━━━━┳━━━━━━━━━━━━━━━━━━┳━━━━━━━━━━━━━━━━━━━━━━━━┳━━━━━━━━━━━━━━━━━━━━┓
┃       Strategy ┃ Trades ┃ Avg Profit % ┃ Tot Profit USDT ┃ Tot Profit % ┃     Avg Duration ┃  Win  Draw  Loss  Win% ┃           Drawdown ┃
┡━━━━━━━━━━━━━━━━╇━━━━━━━━╇━━━━━━━━━━━━━━╇━━━━━━━━━━━━━━━━━╇━━━━━━━━━━━━━━╇━━━━━━━━━━━━━━━━━━╇━━━━━━━━━━━━━━━━━━━━━━━━╇━━━━━━━━━━━━━━━━━━━━┩
│ TrendVolTarget │     50 │        -2.62 │         -80.816 │        -4.04 │ 2 days, 22:05:00 │   14     0    36  28.0 │ 90.578 USDT  4.53% │
└────────────────┴────────┴──────────────┴─────────────────┴──────────────┴──────────────────┴────────────────────────┴────────────────────┘
