2026-09-28 20:16:07,016 - freqtrade - INFO - freqtrade 2026.8
2026-09-28 20:16:07,182 - numexpr.utils - INFO - NumExpr defaulting to 12 threads.
2026-09-28 20:16:08,278 - freqtrade.configuration.load_config - INFO - Using config: user_data/config.json ...
2026-09-28 20:16:08,280 - freqtrade.loggers - INFO - Enabling colorized output.
2026-09-28 20:16:08,280 - freqtrade.loggers - INFO - Logfile configured
2026-09-28 20:16:08,280 - freqtrade.loggers - INFO - Verbosity set to 0
2026-09-28 20:16:08,281 - freqtrade.configuration.configuration - INFO - Parameter -i/--timeframe detected ... Using timeframe: 4h ...
2026-09-28 20:16:08,281 - freqtrade.configuration.configuration - INFO - Using max_open_trades: 5 ...
2026-09-28 20:16:08,281 - freqtrade.configuration.configuration - INFO - Parameter --fee detected, setting fee to: 0.001 ...
2026-09-28 20:16:08,281 - freqtrade.configuration.configuration - INFO - Parameter --timerange detected: 20240101-20250701 ...
2026-09-28 20:16:08,292 - freqtrade.configuration.configuration - INFO - Using user-data directory: /freqtrade/user_data ...
2026-09-28 20:16:08,292 - freqtrade.configuration.configuration - INFO - Using data directory: /freqtrade/user_data/data/binance ...
2026-09-28 20:16:08,292 - freqtrade.configuration.configuration - INFO - Parameter --export detected: trades ...
2026-09-28 20:16:08,292 - freqtrade.configuration.configuration - INFO - Parameter --cache=none detected ...
2026-09-28 20:16:08,293 - freqtrade.configuration.configuration - INFO - Filter trades by timerange: 20240101-20250701
2026-09-28 20:16:08,293 - freqtrade.exchange.check_exchange - INFO - Checking exchange...
2026-09-28 20:16:08,299 - freqtrade.exchange.check_exchange - INFO - Exchange "binance" is officially supported by the Freqtrade development team.
2026-09-28 20:16:08,299 - freqtrade.configuration.configuration - INFO - Using pairlist from configuration.
2026-09-28 20:16:08,300 - freqtrade.configuration.config_validation - INFO - Validating configuration ...
2026-09-28 20:16:08,301 - freqtrade.commands.optimize_commands - INFO - Starting freqtrade in Backtesting mode
2026-09-28 20:16:08,301 - freqtrade.exchange.exchange - INFO - Instance is running with dry_run enabled
2026-09-28 20:16:08,301 - freqtrade.exchange.exchange - INFO - Using CCXT 4.5.76
2026-09-28 20:16:08,302 - freqtrade.exchange.exchange - INFO - Applying additional ccxt config: {'enableRateLimit': True}
2026-09-28 20:16:08,306 - freqtrade.exchange.exchange - INFO - Applying additional ccxt config: {'enableRateLimit': True}
2026-09-28 20:16:08,311 - freqtrade.exchange.exchange - INFO - Using Exchange "Binance"
2026-09-28 20:16:10,132 - freqtrade.resolvers.exchange_resolver - INFO - Using resolved exchange class 'Binance' ...
2026-09-28 20:16:10,139 - freqtrade.resolvers.iresolver - INFO - Using resolved strategy TrendVolTarget from '/freqtrade/user_data/strategies/TrendVolTarget.py'...
2026-09-28 20:16:10,139 - freqtrade.strategy.hyper - INFO - Loading parameters from file /freqtrade/user_data/strategies/TrendVolTarget.json
2026-09-28 20:16:10,140 - freqtrade.resolvers.strategy_resolver - INFO - Override strategy 'timeframe' with value from the configuration: 4h.
2026-09-28 20:16:10,140 - freqtrade.resolvers.strategy_resolver - INFO - Override strategy 'stoploss' with value from the configuration: -0.1.
2026-09-28 20:16:10,140 - freqtrade.resolvers.strategy_resolver - INFO - Override strategy 'stake_currency' with value from the configuration: USDT.
2026-09-28 20:16:10,140 - freqtrade.resolvers.strategy_resolver - INFO - Override strategy 'stake_amount' with value from the configuration: 100.
2026-09-28 20:16:10,140 - freqtrade.resolvers.strategy_resolver - INFO - Override strategy 'unfilledtimeout' with value from the configuration: {'entry': 10, 'exit': 30, 'exit_timeout_count': 0, 
'unit': 'minutes'}.
2026-09-28 20:16:10,141 - freqtrade.resolvers.strategy_resolver - INFO - Override strategy 'use_exit_signal' with value from the configuration: True.
2026-09-28 20:16:10,141 - freqtrade.resolvers.strategy_resolver - INFO - Override strategy 'exit_profit_only' with value from the configuration: False.
2026-09-28 20:16:10,141 - freqtrade.resolvers.strategy_resolver - INFO - Override strategy 'ignore_roi_if_entry_signal' with value from the configuration: False.
2026-09-28 20:16:10,141 - freqtrade.resolvers.strategy_resolver - INFO - Override strategy 'max_open_trades' with value from the configuration: 5.
2026-09-28 20:16:10,141 - freqtrade.resolvers.strategy_resolver - INFO - Strategy using minimal_roi: {'0': 100}
2026-09-28 20:16:10,142 - freqtrade.resolvers.strategy_resolver - INFO - Strategy using timeframe: 4h
2026-09-28 20:16:10,142 - freqtrade.resolvers.strategy_resolver - INFO - Strategy using stoploss: -0.1
2026-09-28 20:16:10,142 - freqtrade.resolvers.strategy_resolver - INFO - Strategy using trailing_stop: False
2026-09-28 20:16:10,142 - freqtrade.resolvers.strategy_resolver - INFO - Strategy using trailing_stop_positive_offset: 0.0
2026-09-28 20:16:10,142 - freqtrade.resolvers.strategy_resolver - INFO - Strategy using trailing_only_offset_is_reached: False
2026-09-28 20:16:10,143 - freqtrade.resolvers.strategy_resolver - INFO - Strategy using use_custom_stoploss: True
2026-09-28 20:16:10,143 - freqtrade.resolvers.strategy_resolver - INFO - Strategy using process_only_new_candles: True
2026-09-28 20:16:10,143 - freqtrade.resolvers.strategy_resolver - INFO - Strategy using order_types: {'entry': 'limit', 'exit': 'limit', 'stoploss': 'limit', 'stoploss_on_exchange': False, 
'stoploss_on_exchange_interval': 60}
2026-09-28 20:16:10,143 - freqtrade.resolvers.strategy_resolver - INFO - Strategy using order_time_in_force: {'entry': 'GTC', 'exit': 'GTC'}
2026-09-28 20:16:10,143 - freqtrade.resolvers.strategy_resolver - INFO - Strategy using stake_currency: USDT
2026-09-28 20:16:10,143 - freqtrade.resolvers.strategy_resolver - INFO - Strategy using stake_amount: 100
2026-09-28 20:16:10,143 - freqtrade.resolvers.strategy_resolver - INFO - Strategy using startup_candle_count: 300
2026-09-28 20:16:10,144 - freqtrade.resolvers.strategy_resolver - INFO - Strategy using unfilledtimeout: {'entry': 10, 'exit': 30, 'exit_timeout_count': 0, 'unit': 'minutes'}
2026-09-28 20:16:10,144 - freqtrade.resolvers.strategy_resolver - INFO - Strategy using use_exit_signal: True
2026-09-28 20:16:10,144 - freqtrade.resolvers.strategy_resolver - INFO - Strategy using exit_profit_only: False
2026-09-28 20:16:10,144 - freqtrade.resolvers.strategy_resolver - INFO - Strategy using ignore_roi_if_entry_signal: False
2026-09-28 20:16:10,144 - freqtrade.resolvers.strategy_resolver - INFO - Strategy using exit_profit_offset: 0.0
2026-09-28 20:16:10,144 - freqtrade.resolvers.strategy_resolver - INFO - Strategy using disable_dataframe_checks: False
2026-09-28 20:16:10,144 - freqtrade.resolvers.strategy_resolver - INFO - Strategy using ignore_buying_expired_candle_after: 0
2026-09-28 20:16:10,145 - freqtrade.resolvers.strategy_resolver - INFO - Strategy using position_adjustment_enable: False
2026-09-28 20:16:10,145 - freqtrade.resolvers.strategy_resolver - INFO - Strategy using max_entry_position_adjustment: -1
2026-09-28 20:16:10,145 - freqtrade.resolvers.strategy_resolver - INFO - Strategy using max_open_trades: 5
2026-09-28 20:16:10,145 - freqtrade.configuration.config_validation - INFO - Validating configuration ...
2026-09-28 20:16:10,148 - freqtrade.resolvers.iresolver - INFO - Using resolved pairlist StaticPairList from '/freqtrade/freqtrade/plugins/pairlist/StaticPairList.py'...
2026-09-28 20:16:10,157 - freqtrade.optimize.backtesting - INFO - Using fee 0.1000% from config.
2026-09-28 20:16:10,306 - freqtrade.optimize.backtesting - INFO - Loading data from 2023-11-12 00:00:00 up to 2025-07-01 00:00:00 (597 days).
2026-09-28 20:16:10,624 - freqtrade.optimize.backtesting - INFO - Dataload complete. Calculating indicators
2026-09-28 20:16:10,624 - freqtrade.optimize.backtesting - INFO - Running backtesting for Strategy TrendVolTarget
2026-09-28 20:16:10,624 - freqtrade.strategy.hyper - INFO - Strategy Parameter: atr_stop = 5.7
2026-09-28 20:16:10,625 - freqtrade.strategy.hyper - INFO - Strategy Parameter: entry_len = 202
2026-09-28 20:16:10,625 - freqtrade.strategy.hyper - INFO - Strategy Parameter: vol_floor = 0.026
2026-09-28 20:16:10,663 - freqtrade.optimize.backtesting - INFO - Backtesting with data from 2024-01-01 00:00:00 up to 2025-07-01 00:00:00 (547 days).
backtest ━━━━━━━━━━━━━━━━━━━━━━━━━━━━━━━━━━━━━━━━━━━━━━━━━━━━━━━━━━━━━━━━━━━━━━━━━━━━━━━━━━━━━━━━━━━━━━━━━━━━━━━━━━━━━━━━━━━━━━━━━━━━━━━━━━━━━━━━━━━━━━━━━━━━━━━━━━━━ 4/4       100% • 0:00:00 • 0:00:00
backtest ━━━━━━━━━━━━━━━━━━━━━━━━━━━━━━━━━━━━━━━━━━━━━━━━━━━━━━━━━━━━━━━━━━━━━━━━━━━━━━━━━━━━━━━━━━━━━━━━━━━━━━━━━━━━━━━━━━━━━━━━━━━━━━━━━━━━━━━━━━━━━━━━━━━━━━━━━━━━ 3282/3282 100% • 0:00:01 • 0:00:00
2026-09-28 20:16:12,010 - freqtrade.misc - INFO - dumping json to "/freqtrade/user_data/backtest_results/backtest-result-2026-09-28_23-16-11.meta.json"
Result for strategy TrendVolTarget
                                                BACKTESTING REPORT                                                 
┏━━━━━━━━━━━┳━━━━━━━━┳━━━━━━━━━━━━━━┳━━━━━━━━━━━━━━━━━┳━━━━━━━━━━━━━━┳━━━━━━━━━━━━━━━━━━━┳━━━━━━━━━━━━━━━━━━━━━━━━┓
┃      Pair ┃ Trades ┃ Avg Profit % ┃ Tot Profit USDT ┃ Tot Profit % ┃      Avg Duration ┃  Win  Draw  Loss  Win% ┃
┡━━━━━━━━━━━╇━━━━━━━━╇━━━━━━━━━━━━━━╇━━━━━━━━━━━━━━━━━╇━━━━━━━━━━━━━━╇━━━━━━━━━━━━━━━━━━━╇━━━━━━━━━━━━━━━━━━━━━━━━┩
│  XRP/USDT │      3 │        64.24 │         121.380 │         6.07 │  17 days, 8:00:00 │    2     0     1  66.7 │
│  XLM/USDT │      3 │        37.65 │          73.561 │         3.68 │  5 days, 16:00:00 │    2     0     1  66.7 │
│ DOGE/USDT │      5 │         17.4 │          42.538 │         2.13 │  9 days, 21:36:00 │    3     0     2  60.0 │
│  LTC/USDT │      4 │         7.82 │          24.718 │         1.24 │  11 days, 2:00:00 │    2     0     2  50.0 │
│  BNB/USDT │      1 │        21.69 │          17.807 │         0.89 │ 11 days, 12:00:00 │    1     0     0   100 │
│  ADA/USDT │      3 │         0.94 │           8.949 │         0.45 │  5 days, 10:40:00 │    1     0     2  33.3 │
│ NEAR/USDT │      5 │         4.49 │           8.435 │         0.42 │  9 days, 12:00:00 │    3     0     2  60.0 │
│ ALGO/USDT │      3 │          9.0 │           7.526 │         0.38 │   9 days, 9:20:00 │    2     0     1  66.7 │
│  SOL/USDT │      3 │         0.59 │           5.170 │         0.26 │  9 days, 22:40:00 │    1     0     2  33.3 │
│  BTC/USDT │      0 │          0.0 │           0.000 │          0.0 │              0:00 │    0     0     0     0 │
│  TRX/USDT │      0 │          0.0 │           0.000 │          0.0 │              0:00 │    0     0     0     0 │
│ HBAR/USDT │      4 │         9.26 │          -0.414 │        -0.02 │  9 days, 18:00:00 │    1     0     3  25.0 │
│  ETH/USDT │      3 │        -1.99 │          -4.832 │        -0.24 │   8 days, 9:20:00 │    1     0     2  33.3 │
│ AVAX/USDT │      1 │        -12.9 │          -5.013 │        -0.25 │   8 days, 8:00:00 │    0     0     1     0 │
│ LINK/USDT │      3 │        -6.17 │          -8.038 │         -0.4 │ 12 days, 13:20:00 │    1     0     2  33.3 │
│  UNI/USDT │      8 │        -5.65 │         -20.833 │        -1.04 │   6 days, 0:30:00 │    2     0     6  25.0 │
│  ZEC/USDT │      8 │        -4.03 │         -24.826 │        -1.24 │   9 days, 9:30:00 │    1     0     7  12.5 │
│     TOTAL │     57 │          7.4 │         246.126 │        12.31 │   9 days, 7:01:00 │   23     0    34  40.4 │
└───────────┴────────┴──────────────┴─────────────────┴──────────────┴───────────────────┴────────────────────────┘
                                         LEFT OPEN TRADES REPORT                                          
┏━━━━━━━┳━━━━━━━━┳━━━━━━━━━━━━━━┳━━━━━━━━━━━━━━━━━┳━━━━━━━━━━━━━━┳━━━━━━━━━━━━━━┳━━━━━━━━━━━━━━━━━━━━━━━━┓
┃  Pair ┃ Trades ┃ Avg Profit % ┃ Tot Profit USDT ┃ Tot Profit % ┃ Avg Duration ┃  Win  Draw  Loss  Win% ┃
┡━━━━━━━╇━━━━━━━━╇━━━━━━━━━━━━━━╇━━━━━━━━━━━━━━━━━╇━━━━━━━━━━━━━━╇━━━━━━━━━━━━━━╇━━━━━━━━━━━━━━━━━━━━━━━━┩
│ TOTAL │      0 │          0.0 │           0.000 │          0.0 │         0:00 │    0     0     0     0 │
└───────┴────────┴──────────────┴─────────────────┴──────────────┴──────────────┴────────────────────────┘
                                                 ENTER TAG STATS                                                  
┏━━━━━━━━━━━┳━━━━━━━━━┳━━━━━━━━━━━━━━┳━━━━━━━━━━━━━━━━━┳━━━━━━━━━━━━━━┳━━━━━━━━━━━━━━━━━┳━━━━━━━━━━━━━━━━━━━━━━━━┓
┃ Enter Tag ┃ Entries ┃ Avg Profit % ┃ Tot Profit USDT ┃ Tot Profit % ┃    Avg Duration ┃  Win  Draw  Loss  Win% ┃
┡━━━━━━━━━━━╇━━━━━━━━━╇━━━━━━━━━━━━━━╇━━━━━━━━━━━━━━━━━╇━━━━━━━━━━━━━━╇━━━━━━━━━━━━━━━━━╇━━━━━━━━━━━━━━━━━━━━━━━━┩
│     OTHER │      57 │          7.4 │         246.126 │        12.31 │ 9 days, 7:01:00 │   23     0    34  40.4 │
│     TOTAL │      57 │          7.4 │         246.126 │        12.31 │ 9 days, 7:01:00 │   23     0    34  40.4 │
└───────────┴─────────┴──────────────┴─────────────────┴──────────────┴─────────────────┴────────────────────────┘
                                                    EXIT REASON STATS                                                     
┏━━━━━━━━━━━━━━━━━━━━┳━━━━━━━┳━━━━━━━━━━━━━━┳━━━━━━━━━━━━━━━━━┳━━━━━━━━━━━━━━┳━━━━━━━━━━━━━━━━━━┳━━━━━━━━━━━━━━━━━━━━━━━━┓
┃        Exit Reason ┃ Exits ┃ Avg Profit % ┃ Tot Profit USDT ┃ Tot Profit % ┃     Avg Duration ┃  Win  Draw  Loss  Win% ┃
┡━━━━━━━━━━━━━━━━━━━━╇━━━━━━━╇━━━━━━━━━━━━━━╇━━━━━━━━━━━━━━━━━╇━━━━━━━━━━━━━━╇━━━━━━━━━━━━━━━━━━╇━━━━━━━━━━━━━━━━━━━━━━━━┩
│ trailing_stop_loss │    56 │         7.89 │         258.436 │        12.92 │ 9 days, 11:00:00 │   23     0    33  41.1 │
│          stop_loss │     1 │       -19.85 │         -12.309 │        -0.62 │          0:00:00 │    0     0     1     0 │
│              TOTAL │    57 │          7.4 │         246.126 │        12.31 │  9 days, 7:01:00 │   23     0    34  40.4 │
└────────────────────┴───────┴──────────────┴─────────────────┴──────────────┴──────────────────┴────────────────────────┘
                                                            MIXED TAG STATS                                                            
┏━━━━━━━━━━━┳━━━━━━━━━━━━━━━━━━━━┳━━━━━━━━┳━━━━━━━━━━━━━━┳━━━━━━━━━━━━━━━━━┳━━━━━━━━━━━━━━┳━━━━━━━━━━━━━━━━━━┳━━━━━━━━━━━━━━━━━━━━━━━━┓
┃ Enter Tag ┃        Exit Reason ┃ Trades ┃ Avg Profit % ┃ Tot Profit USDT ┃ Tot Profit % ┃     Avg Duration ┃  Win  Draw  Loss  Win% ┃
┡━━━━━━━━━━━╇━━━━━━━━━━━━━━━━━━━━╇━━━━━━━━╇━━━━━━━━━━━━━━╇━━━━━━━━━━━━━━━━━╇━━━━━━━━━━━━━━╇━━━━━━━━━━━━━━━━━━╇━━━━━━━━━━━━━━━━━━━━━━━━┩
│           │ trailing_stop_loss │     56 │         7.89 │         258.436 │        12.92 │ 9 days, 11:00:00 │   23     0    33  41.1 │
│           │          stop_loss │      1 │       -19.85 │         -12.309 │        -0.62 │          0:00:00 │    0     0     1     0 │
│     TOTAL │                    │     57 │          7.4 │         246.126 │        12.31 │  9 days, 7:01:00 │   23     0    34  40.4 │
└───────────┴────────────────────┴────────┴──────────────┴─────────────────┴──────────────┴──────────────────┴────────────────────────┘
                                   SUMMARY METRICS                                    
┏━━━━━━━━━━━━━━━━━━━━━━━━━━━━━━━━━━━━━━━━┳━━━━━━━━━━━━━━━━━━━━━━━━━━━━━━━━━━━━━━━━━━━┓
┃ Metric                                 ┃ Value                                     ┃
┡━━━━━━━━━━━━━━━━━━━━━━━━━━━━━━━━━━━━━━━━╇━━━━━━━━━━━━━━━━━━━━━━━━━━━━━━━━━━━━━━━━━━━┩
│ Backtesting from                       │ 2024-01-01 00:00:00                       │
│ Backtesting to                         │ 2025-07-01 00:00:00                       │
│ Trading Mode                           │ Spot                                      │
│ Max open trades                        │ 5                                         │
│                                        │                                           │
│ Total/Daily Avg Trades                 │ 57 / 0.1                                  │
│ Starting balance                       │ 2000 USDT                                 │
│ Final balance                          │ 2246.126 USDT                             │
│ Absolute profit                        │ 246.126 USDT                              │
│ Total profit %                         │ 12.31%                                    │
│ CAGR %                                 │ 8.05%                                     │
│ Sharpe (closed trades)                 │ 0.43                                      │
│ Sortino (closed trades)                │ 2.83                                      │
│ Calmar (closed trades)                 │ 11.30                                     │
│ SQN                                    │ 1.63                                      │
│ Mean profit p-value                    │ 0.1085                                    │
│ Profit factor                          │ 2.36                                      │
│ Expectancy (Ratio)                     │ 4.32 (0.81)                               │
│ Avg. daily profit                      │ 0.45 USDT                                 │
│ Avg. stake amount                      │ 61.42 USDT                                │
│ Market change                          │ 54.95%                                    │
│ Total trade volume                     │ 7262.464 USDT                             │
│                                        │                                           │
│ Best Pair                              │ XRP/USDT 6.07%                            │
│ Worst Pair                             │ ZEC/USDT -1.24%                           │
│ Best trade                             │ XRP/USDT 190.79%                          │
│ Worst trade                            │ SOL/USDT -19.85%                          │
│ Best day                               │ 184.854 USDT                              │
│ Worst day                              │ -23.435 USDT                              │
│ Days win/draw/lose                     │ 14 / 475 / 24                             │
│ Min/Max/Avg. Duration Winners          │ 4d 04:00 / 25d 04:00 / 12d 13:34          │
│ Min/Max/Avg. Duration Losers           │ 0d 00:00 / 15d 08:00 / 7d 01:53           │
│ Max Consecutive Wins / Loss            │ 5 / 5                                     │
│ Rejected Entry signals                 │ 117                                       │
│ Entry/Exit Timeouts                    │ 0 / 0                                     │
│                                        │                                           │
│ Min/Max balance (closed trades)        │ 1940.627 USDT / 2279.703 USDT             │
│ Max % of account underwater            │ 3.81%                                     │
│ Absolute drawdown                      │ 76.762 USDT (3.81%)                       │
│ Drawdown duration                      │ 219 days 08:00:00                         │
│ Profit at drawdown start               │ 17.389 USDT                               │
│ Profit at drawdown end                 │ -59.373 USDT                              │
│ Drawdown start                         │ 2024-03-19 04:00:00                       │
│ Drawdown end                           │ 2024-10-24 12:00:00                       │
│                                        │                                           │
│ Wallet based Metrics                   │                                           │
│ Min/Max balance (wallet balance)       │ 1939.856 USDT / 2353.273 USDT             │
│ Min/Max balance dates (wallet balance) │ 2024-10-26 00:00:00 / 2024-12-03 12:00:00 │
│ Max % of account underwater (balance)  │ 7.20%                                     │
│ Absolute drawdown (wallet balance)     │ 150.593 USDT (7.20%)                      │
│ Drawdown duration                      │ 234 days 12:00:00                         │
│ Profit at drawdown start               │ 90.449 USDT                               │
│ Profit at drawdown end                 │ -60.144 USDT                              │
│ Drawdown start                         │ 2024-03-05 12:00:00                       │
│ Drawdown end                           │ 2024-10-26 00:00:00                       │
│ Sharpe (daily wallet balance)          │ 1.06                                      │
│ Sortino (daily wallet balance)         │ 1.05                                      │
│ Calmar (daily wallet balance)          │ 5.98                                      │
└────────────────────────────────────────┴───────────────────────────────────────────┘

Backtested 2024-01-01 00:00:00 -> 2025-07-01 00:00:00 | Max open trades : 5
                                                             STRATEGY SUMMARY                                                              
┏━━━━━━━━━━━━━━━━┳━━━━━━━━┳━━━━━━━━━━━━━━┳━━━━━━━━━━━━━━━━━┳━━━━━━━━━━━━━━┳━━━━━━━━━━━━━━━━━┳━━━━━━━━━━━━━━━━━━━━━━━━┳━━━━━━━━━━━━━━━━━━━━┓
┃       Strategy ┃ Trades ┃ Avg Profit % ┃ Tot Profit USDT ┃ Tot Profit % ┃    Avg Duration ┃  Win  Draw  Loss  Win% ┃           Drawdown ┃
┡━━━━━━━━━━━━━━━━╇━━━━━━━━╇━━━━━━━━━━━━━━╇━━━━━━━━━━━━━━━━━╇━━━━━━━━━━━━━━╇━━━━━━━━━━━━━━━━━╇━━━━━━━━━━━━━━━━━━━━━━━━╇━━━━━━━━━━━━━━━━━━━━┩
│ TrendVolTarget │     57 │         7.40 │         246.126 │        12.31 │ 9 days, 7:01:00 │   23     0    34  40.4 │ 76.762 USDT  3.81% │
└────────────────┴────────┴──────────────┴─────────────────┴──────────────┴─────────────────┴────────────────────────┴────────────────────┘
