2026-09-28 20:16:13,388 - freqtrade - INFO - freqtrade 2026.8
2026-09-28 20:16:13,552 - numexpr.utils - INFO - NumExpr defaulting to 12 threads.
2026-09-28 20:16:14,650 - freqtrade.configuration.load_config - INFO - Using config: user_data/config.json ...
2026-09-28 20:16:14,651 - freqtrade.loggers - INFO - Enabling colorized output.
2026-09-28 20:16:14,651 - freqtrade.loggers - INFO - Logfile configured
2026-09-28 20:16:14,651 - freqtrade.loggers - INFO - Verbosity set to 0
2026-09-28 20:16:14,652 - freqtrade.configuration.configuration - INFO - Parameter -i/--timeframe detected ... Using timeframe: 4h ...
2026-09-28 20:16:14,652 - freqtrade.configuration.configuration - INFO - Using max_open_trades: 5 ...
2026-09-28 20:16:14,652 - freqtrade.configuration.configuration - INFO - Parameter --fee detected, setting fee to: 0.001 ...
2026-09-28 20:16:14,652 - freqtrade.configuration.configuration - INFO - Parameter --timerange detected: 20250701-20251230 ...
2026-09-28 20:16:14,663 - freqtrade.configuration.configuration - INFO - Using user-data directory: /freqtrade/user_data ...
2026-09-28 20:16:14,663 - freqtrade.configuration.configuration - INFO - Using data directory: /freqtrade/user_data/data/binance ...
2026-09-28 20:16:14,663 - freqtrade.configuration.configuration - INFO - Parameter --export detected: trades ...
2026-09-28 20:16:14,663 - freqtrade.configuration.configuration - INFO - Parameter --cache=none detected ...
2026-09-28 20:16:14,664 - freqtrade.configuration.configuration - INFO - Filter trades by timerange: 20250701-20251230
2026-09-28 20:16:14,664 - freqtrade.exchange.check_exchange - INFO - Checking exchange...
2026-09-28 20:16:14,669 - freqtrade.exchange.check_exchange - INFO - Exchange "binance" is officially supported by the Freqtrade development team.
2026-09-28 20:16:14,669 - freqtrade.configuration.configuration - INFO - Using pairlist from configuration.
2026-09-28 20:16:14,670 - freqtrade.configuration.config_validation - INFO - Validating configuration ...
2026-09-28 20:16:14,671 - freqtrade.commands.optimize_commands - INFO - Starting freqtrade in Backtesting mode
2026-09-28 20:16:14,671 - freqtrade.exchange.exchange - INFO - Instance is running with dry_run enabled
2026-09-28 20:16:14,671 - freqtrade.exchange.exchange - INFO - Using CCXT 4.5.76
2026-09-28 20:16:14,671 - freqtrade.exchange.exchange - INFO - Applying additional ccxt config: {'enableRateLimit': True}
2026-09-28 20:16:14,675 - freqtrade.exchange.exchange - INFO - Applying additional ccxt config: {'enableRateLimit': True}
2026-09-28 20:16:14,680 - freqtrade.exchange.exchange - INFO - Using Exchange "Binance"
2026-09-28 20:16:16,270 - freqtrade.resolvers.exchange_resolver - INFO - Using resolved exchange class 'Binance' ...
2026-09-28 20:16:16,277 - freqtrade.resolvers.iresolver - INFO - Using resolved strategy TrendVolTarget from '/freqtrade/user_data/strategies/TrendVolTarget.py'...
2026-09-28 20:16:16,277 - freqtrade.strategy.hyper - INFO - Loading parameters from file /freqtrade/user_data/strategies/TrendVolTarget.json
2026-09-28 20:16:16,278 - freqtrade.resolvers.strategy_resolver - INFO - Override strategy 'timeframe' with value from the configuration: 4h.
2026-09-28 20:16:16,278 - freqtrade.resolvers.strategy_resolver - INFO - Override strategy 'stoploss' with value from the configuration: -0.1.
2026-09-28 20:16:16,278 - freqtrade.resolvers.strategy_resolver - INFO - Override strategy 'stake_currency' with value from the configuration: USDT.
2026-09-28 20:16:16,278 - freqtrade.resolvers.strategy_resolver - INFO - Override strategy 'stake_amount' with value from the configuration: 100.
2026-09-28 20:16:16,278 - freqtrade.resolvers.strategy_resolver - INFO - Override strategy 'unfilledtimeout' with value from the configuration: {'entry': 10, 'exit': 30, 'exit_timeout_count': 0, 
'unit': 'minutes'}.
2026-09-28 20:16:16,279 - freqtrade.resolvers.strategy_resolver - INFO - Override strategy 'use_exit_signal' with value from the configuration: True.
2026-09-28 20:16:16,279 - freqtrade.resolvers.strategy_resolver - INFO - Override strategy 'exit_profit_only' with value from the configuration: False.
2026-09-28 20:16:16,279 - freqtrade.resolvers.strategy_resolver - INFO - Override strategy 'ignore_roi_if_entry_signal' with value from the configuration: False.
2026-09-28 20:16:16,279 - freqtrade.resolvers.strategy_resolver - INFO - Override strategy 'max_open_trades' with value from the configuration: 5.
2026-09-28 20:16:16,279 - freqtrade.resolvers.strategy_resolver - INFO - Strategy using minimal_roi: {'0': 100}
2026-09-28 20:16:16,279 - freqtrade.resolvers.strategy_resolver - INFO - Strategy using timeframe: 4h
2026-09-28 20:16:16,279 - freqtrade.resolvers.strategy_resolver - INFO - Strategy using stoploss: -0.1
2026-09-28 20:16:16,279 - freqtrade.resolvers.strategy_resolver - INFO - Strategy using trailing_stop: False
2026-09-28 20:16:16,280 - freqtrade.resolvers.strategy_resolver - INFO - Strategy using trailing_stop_positive_offset: 0.0
2026-09-28 20:16:16,280 - freqtrade.resolvers.strategy_resolver - INFO - Strategy using trailing_only_offset_is_reached: False
2026-09-28 20:16:16,280 - freqtrade.resolvers.strategy_resolver - INFO - Strategy using use_custom_stoploss: True
2026-09-28 20:16:16,280 - freqtrade.resolvers.strategy_resolver - INFO - Strategy using process_only_new_candles: True
2026-09-28 20:16:16,280 - freqtrade.resolvers.strategy_resolver - INFO - Strategy using order_types: {'entry': 'limit', 'exit': 'limit', 'stoploss': 'limit', 'stoploss_on_exchange': False, 
'stoploss_on_exchange_interval': 60}
2026-09-28 20:16:16,280 - freqtrade.resolvers.strategy_resolver - INFO - Strategy using order_time_in_force: {'entry': 'GTC', 'exit': 'GTC'}
2026-09-28 20:16:16,280 - freqtrade.resolvers.strategy_resolver - INFO - Strategy using stake_currency: USDT
2026-09-28 20:16:16,281 - freqtrade.resolvers.strategy_resolver - INFO - Strategy using stake_amount: 100
2026-09-28 20:16:16,281 - freqtrade.resolvers.strategy_resolver - INFO - Strategy using startup_candle_count: 300
2026-09-28 20:16:16,281 - freqtrade.resolvers.strategy_resolver - INFO - Strategy using unfilledtimeout: {'entry': 10, 'exit': 30, 'exit_timeout_count': 0, 'unit': 'minutes'}
2026-09-28 20:16:16,281 - freqtrade.resolvers.strategy_resolver - INFO - Strategy using use_exit_signal: True
2026-09-28 20:16:16,281 - freqtrade.resolvers.strategy_resolver - INFO - Strategy using exit_profit_only: False
2026-09-28 20:16:16,281 - freqtrade.resolvers.strategy_resolver - INFO - Strategy using ignore_roi_if_entry_signal: False
2026-09-28 20:16:16,281 - freqtrade.resolvers.strategy_resolver - INFO - Strategy using exit_profit_offset: 0.0
2026-09-28 20:16:16,281 - freqtrade.resolvers.strategy_resolver - INFO - Strategy using disable_dataframe_checks: False
2026-09-28 20:16:16,282 - freqtrade.resolvers.strategy_resolver - INFO - Strategy using ignore_buying_expired_candle_after: 0
2026-09-28 20:16:16,282 - freqtrade.resolvers.strategy_resolver - INFO - Strategy using position_adjustment_enable: False
2026-09-28 20:16:16,282 - freqtrade.resolvers.strategy_resolver - INFO - Strategy using max_entry_position_adjustment: -1
2026-09-28 20:16:16,282 - freqtrade.resolvers.strategy_resolver - INFO - Strategy using max_open_trades: 5
2026-09-28 20:16:16,282 - freqtrade.configuration.config_validation - INFO - Validating configuration ...
2026-09-28 20:16:16,285 - freqtrade.resolvers.iresolver - INFO - Using resolved pairlist StaticPairList from '/freqtrade/freqtrade/plugins/pairlist/StaticPairList.py'...
2026-09-28 20:16:16,295 - freqtrade.optimize.backtesting - INFO - Using fee 0.1000% from config.
2026-09-28 20:16:16,446 - freqtrade.optimize.backtesting - INFO - Loading data from 2025-05-12 00:00:00 up to 2025-12-30 00:00:00 (232 days).
2026-09-28 20:16:16,600 - freqtrade.optimize.backtesting - INFO - Dataload complete. Calculating indicators
2026-09-28 20:16:16,601 - freqtrade.optimize.backtesting - INFO - Running backtesting for Strategy TrendVolTarget
2026-09-28 20:16:16,601 - freqtrade.strategy.hyper - INFO - Strategy Parameter: atr_stop = 5.7
2026-09-28 20:16:16,601 - freqtrade.strategy.hyper - INFO - Strategy Parameter: entry_len = 202
2026-09-28 20:16:16,601 - freqtrade.strategy.hyper - INFO - Strategy Parameter: vol_floor = 0.026
2026-09-28 20:16:16,638 - freqtrade.optimize.backtesting - INFO - Backtesting with data from 2025-07-01 00:00:00 up to 2025-12-30 00:00:00 (182 days).
backtest ━━━━━━━━━━━━━━━━━━━━━━━━━━━━━━━━━━━━━━━━━━━━━━━━━━━━━━━━━━━━━━━━━━━━━━━━━━━━━━━━━━━━━━━━━━━━━━━━━━━━━━━━━━━━━━━━━━━━━━━━━━━━━━━━━━━━━━━━━━━━━━━━━━━━━━━━━━━━ 4/4       100% • 0:00:00 • 0:00:00
backtest ━━━━━━━━━━━━━━━━━━━━━━━━━━━━━━━━━━━━━━━━━━━━━━━━━━━━━━━━━━━━━━━━━━━━━━━━━━━━━━━━━━━━━━━━━━━━━━━━━━━━━━━━━━━━━━━━━━━━━━━━━━━━━━━━━━━━━━━━━━━━━━━━━━━━━━━━━━━━ 1092/1092 100% • 0:00:00 • 0:00:00
2026-09-28 20:16:17,180 - freqtrade.misc - INFO - dumping json to "/freqtrade/user_data/backtest_results/backtest-result-2026-09-28_23-16-17.meta.json"
Result for strategy TrendVolTarget
                                                BACKTESTING REPORT                                                 
┏━━━━━━━━━━━┳━━━━━━━━┳━━━━━━━━━━━━━━┳━━━━━━━━━━━━━━━━━┳━━━━━━━━━━━━━━┳━━━━━━━━━━━━━━━━━━━┳━━━━━━━━━━━━━━━━━━━━━━━━┓
┃      Pair ┃ Trades ┃ Avg Profit % ┃ Tot Profit USDT ┃ Tot Profit % ┃      Avg Duration ┃  Win  Draw  Loss  Win% ┃
┡━━━━━━━━━━━╇━━━━━━━━╇━━━━━━━━━━━━━━╇━━━━━━━━━━━━━━━━━╇━━━━━━━━━━━━━━╇━━━━━━━━━━━━━━━━━━━╇━━━━━━━━━━━━━━━━━━━━━━━━┩
│  ZEC/USDT │      4 │         43.3 │          63.269 │         3.16 │ 13 days, 12:00:00 │    3     0     1  75.0 │
│  XLM/USDT │      1 │        19.49 │          11.614 │         0.58 │ 11 days, 20:00:00 │    1     0     0   100 │
│ ALGO/USDT │      1 │        15.12 │           9.905 │          0.5 │  10 days, 4:00:00 │    1     0     0   100 │
│ LINK/USDT │      1 │        12.57 │           9.478 │         0.47 │ 16 days, 16:00:00 │    1     0     0   100 │
│ HBAR/USDT │      1 │         7.72 │           4.777 │         0.24 │  10 days, 4:00:00 │    1     0     0   100 │
│ AVAX/USDT │      2 │          1.9 │           3.171 │         0.16 │   9 days, 4:00:00 │    1     0     1  50.0 │
│  BTC/USDT │      0 │          0.0 │           0.000 │          0.0 │              0:00 │    0     0     0     0 │
│  ETH/USDT │      0 │          0.0 │           0.000 │          0.0 │              0:00 │    0     0     0     0 │
│  BNB/USDT │      0 │          0.0 │           0.000 │          0.0 │              0:00 │    0     0     0     0 │
│  XRP/USDT │      0 │          0.0 │           0.000 │          0.0 │              0:00 │    0     0     0     0 │
│  SOL/USDT │      0 │          0.0 │           0.000 │          0.0 │              0:00 │    0     0     0     0 │
│ DOGE/USDT │      0 │          0.0 │           0.000 │          0.0 │              0:00 │    0     0     0     0 │
│  TRX/USDT │      0 │          0.0 │           0.000 │          0.0 │              0:00 │    0     0     0     0 │
│ NEAR/USDT │      0 │          0.0 │           0.000 │          0.0 │              0:00 │    0     0     0     0 │
│  UNI/USDT │      2 │        -3.95 │          -5.388 │        -0.27 │  10 days, 6:00:00 │    1     0     1  50.0 │
│  LTC/USDT │      1 │        -6.45 │          -5.544 │        -0.28 │ 12 days, 12:00:00 │    0     0     1     0 │
│  ADA/USDT │      1 │       -13.39 │          -9.175 │        -0.46 │  5 days, 12:00:00 │    0     0     1     0 │
│     TOTAL │     14 │        14.58 │          82.109 │         4.11 │  11 days, 9:43:00 │    9     0     5  64.3 │
└───────────┴────────┴──────────────┴─────────────────┴──────────────┴───────────────────┴────────────────────────┘
                                         LEFT OPEN TRADES REPORT                                          
┏━━━━━━━┳━━━━━━━━┳━━━━━━━━━━━━━━┳━━━━━━━━━━━━━━━━━┳━━━━━━━━━━━━━━┳━━━━━━━━━━━━━━┳━━━━━━━━━━━━━━━━━━━━━━━━┓
┃  Pair ┃ Trades ┃ Avg Profit % ┃ Tot Profit USDT ┃ Tot Profit % ┃ Avg Duration ┃  Win  Draw  Loss  Win% ┃
┡━━━━━━━╇━━━━━━━━╇━━━━━━━━━━━━━━╇━━━━━━━━━━━━━━━━━╇━━━━━━━━━━━━━━╇━━━━━━━━━━━━━━╇━━━━━━━━━━━━━━━━━━━━━━━━┩
│ TOTAL │      0 │          0.0 │           0.000 │          0.0 │         0:00 │    0     0     0     0 │
└───────┴────────┴──────────────┴─────────────────┴──────────────┴──────────────┴────────────────────────┘
                                                  ENTER TAG STATS                                                  
┏━━━━━━━━━━━┳━━━━━━━━━┳━━━━━━━━━━━━━━┳━━━━━━━━━━━━━━━━━┳━━━━━━━━━━━━━━┳━━━━━━━━━━━━━━━━━━┳━━━━━━━━━━━━━━━━━━━━━━━━┓
┃ Enter Tag ┃ Entries ┃ Avg Profit % ┃ Tot Profit USDT ┃ Tot Profit % ┃     Avg Duration ┃  Win  Draw  Loss  Win% ┃
┡━━━━━━━━━━━╇━━━━━━━━━╇━━━━━━━━━━━━━━╇━━━━━━━━━━━━━━━━━╇━━━━━━━━━━━━━━╇━━━━━━━━━━━━━━━━━━╇━━━━━━━━━━━━━━━━━━━━━━━━┩
│     OTHER │      14 │        14.58 │          82.109 │         4.11 │ 11 days, 9:43:00 │    9     0     5  64.3 │
│     TOTAL │      14 │        14.58 │          82.109 │         4.11 │ 11 days, 9:43:00 │    9     0     5  64.3 │
└───────────┴─────────┴──────────────┴─────────────────┴──────────────┴──────────────────┴────────────────────────┘
                                                    EXIT REASON STATS                                                     
┏━━━━━━━━━━━━━━━━━━━━┳━━━━━━━┳━━━━━━━━━━━━━━┳━━━━━━━━━━━━━━━━━┳━━━━━━━━━━━━━━┳━━━━━━━━━━━━━━━━━━┳━━━━━━━━━━━━━━━━━━━━━━━━┓
┃        Exit Reason ┃ Exits ┃ Avg Profit % ┃ Tot Profit USDT ┃ Tot Profit % ┃     Avg Duration ┃  Win  Draw  Loss  Win% ┃
┡━━━━━━━━━━━━━━━━━━━━╇━━━━━━━╇━━━━━━━━━━━━━━╇━━━━━━━━━━━━━━━━━╇━━━━━━━━━━━━━━╇━━━━━━━━━━━━━━━━━━╇━━━━━━━━━━━━━━━━━━━━━━━━┩
│ trailing_stop_loss │    14 │        14.58 │          82.109 │         4.11 │ 11 days, 9:43:00 │    9     0     5  64.3 │
│              TOTAL │    14 │        14.58 │          82.109 │         4.11 │ 11 days, 9:43:00 │    9     0     5  64.3 │
└────────────────────┴───────┴──────────────┴─────────────────┴──────────────┴──────────────────┴────────────────────────┘
                                                            MIXED TAG STATS                                                            
┏━━━━━━━━━━━┳━━━━━━━━━━━━━━━━━━━━┳━━━━━━━━┳━━━━━━━━━━━━━━┳━━━━━━━━━━━━━━━━━┳━━━━━━━━━━━━━━┳━━━━━━━━━━━━━━━━━━┳━━━━━━━━━━━━━━━━━━━━━━━━┓
┃ Enter Tag ┃        Exit Reason ┃ Trades ┃ Avg Profit % ┃ Tot Profit USDT ┃ Tot Profit % ┃     Avg Duration ┃  Win  Draw  Loss  Win% ┃
┡━━━━━━━━━━━╇━━━━━━━━━━━━━━━━━━━━╇━━━━━━━━╇━━━━━━━━━━━━━━╇━━━━━━━━━━━━━━━━━╇━━━━━━━━━━━━━━╇━━━━━━━━━━━━━━━━━━╇━━━━━━━━━━━━━━━━━━━━━━━━┩
│           │ trailing_stop_loss │     14 │        14.58 │          82.109 │         4.11 │ 11 days, 9:43:00 │    9     0     5  64.3 │
│     TOTAL │                    │     14 │        14.58 │          82.109 │         4.11 │ 11 days, 9:43:00 │    9     0     5  64.3 │
└───────────┴────────────────────┴────────┴──────────────┴─────────────────┴──────────────┴──────────────────┴────────────────────────┘
                                   SUMMARY METRICS                                    
┏━━━━━━━━━━━━━━━━━━━━━━━━━━━━━━━━━━━━━━━━┳━━━━━━━━━━━━━━━━━━━━━━━━━━━━━━━━━━━━━━━━━━━┓
┃ Metric                                 ┃ Value                                     ┃
┡━━━━━━━━━━━━━━━━━━━━━━━━━━━━━━━━━━━━━━━━╇━━━━━━━━━━━━━━━━━━━━━━━━━━━━━━━━━━━━━━━━━━━┩
│ Backtesting from                       │ 2025-07-01 00:00:00                       │
│ Backtesting to                         │ 2025-12-30 00:00:00                       │
│ Trading Mode                           │ Spot                                      │
│ Max open trades                        │ 5                                         │
│                                        │                                           │
│ Total/Daily Avg Trades                 │ 14 / 0.08                                 │
│ Starting balance                       │ 2000 USDT                                 │
│ Final balance                          │ 2082.109 USDT                             │
│ Absolute profit                        │ 82.109 USDT                               │
│ Total profit %                         │ 4.11%                                     │
│ CAGR %                                 │ 8.40%                                     │
│ Sharpe (closed trades)                 │ 0.73                                      │
│ Sortino (closed trades)                │ 2.91                                      │
│ Calmar (closed trades)                 │ 37.42                                     │
│ SQN                                    │ 1.79                                      │
│ Mean profit p-value                    │ 0.09744                                   │
│ Profit factor                          │ 3.81                                      │
│ Expectancy (Ratio)                     │ 5.86 (1.00)                               │
│ Avg. daily profit                      │ 0.451 USDT                                │
│ Avg. stake amount                      │ 63.327 USDT                               │
│ Market change                          │ 64.00%                                    │
│ Total trade volume                     │ 1858.975 USDT                             │
│                                        │                                           │
│ Best Pair                              │ ZEC/USDT 3.16%                            │
│ Worst Pair                             │ ADA/USDT -0.46%                           │
│ Best trade                             │ ZEC/USDT 74.02%                           │
│ Worst trade                            │ UNI/USDT -13.42%                          │
│ Best day                               │ 36.78 USDT                                │
│ Worst day                              │ -14.246 USDT                              │
│ Days win/draw/lose                     │ 6 / 99 / 4                                │
│ Min/Max/Avg. Duration Winners          │ 6d 20:00 / 27d 16:00 / 13d 15:07          │
│ Min/Max/Avg. Duration Losers           │ 4d 00:00 / 12d 12:00 / 7d 09:36           │
│ Max Consecutive Wins / Loss            │ 5 / 3                                     │
│ Rejected Entry signals                 │ 29                                        │
│ Entry/Exit Timeouts                    │ 0 / 0                                     │
│                                        │                                           │
│ Min/Max balance (closed trades)        │ 2010.365 USDT / 2082.109 USDT             │
│ Max % of account underwater            │ 1.15%                                     │
│ Absolute drawdown                      │ 23.421 USDT (1.15%)                       │
│ Drawdown duration                      │ 20 days 08:00:00                          │
│ Profit at drawdown start               │ 33.786 USDT                               │
│ Profit at drawdown end                 │ 10.365 USDT                               │
│ Drawdown start                         │ 2025-07-30 08:00:00                       │
│ Drawdown end                           │ 2025-08-19 16:00:00                       │
│                                        │                                           │
│ Wallet based Metrics                   │                                           │
│ Min/Max balance (wallet balance)       │ 1998.834 USDT / 2097.108 USDT             │
│ Min/Max balance dates (wallet balance) │ 2025-07-12 00:00:00 / 2025-11-07 20:00:00 │
│ Max % of account underwater (balance)  │ 3.18%                                     │
│ Absolute drawdown (wallet balance)     │ 65.838 USDT (3.18%)                       │
│ Drawdown duration                      │ 66 days 20:00:00                          │
│ Profit at drawdown start               │ 73.297 USDT                               │
│ Profit at drawdown end                 │ 7.46 USDT                                 │
│ Drawdown start                         │ 2025-07-21 16:00:00                       │
│ Drawdown end                           │ 2025-09-26 12:00:00                       │
│ Sharpe (daily wallet balance)          │ 1.63                                      │
│ Sortino (daily wallet balance)         │ 1.78                                      │
│ Calmar (daily wallet balance)          │ 13.65                                     │
└────────────────────────────────────────┴───────────────────────────────────────────┘

Backtested 2025-07-01 00:00:00 -> 2025-12-30 00:00:00 | Max open trades : 5
                                                              STRATEGY SUMMARY                                                              
┏━━━━━━━━━━━━━━━━┳━━━━━━━━┳━━━━━━━━━━━━━━┳━━━━━━━━━━━━━━━━━┳━━━━━━━━━━━━━━┳━━━━━━━━━━━━━━━━━━┳━━━━━━━━━━━━━━━━━━━━━━━━┳━━━━━━━━━━━━━━━━━━━━┓
┃       Strategy ┃ Trades ┃ Avg Profit % ┃ Tot Profit USDT ┃ Tot Profit % ┃     Avg Duration ┃  Win  Draw  Loss  Win% ┃           Drawdown ┃
┡━━━━━━━━━━━━━━━━╇━━━━━━━━╇━━━━━━━━━━━━━━╇━━━━━━━━━━━━━━━━━╇━━━━━━━━━━━━━━╇━━━━━━━━━━━━━━━━━━╇━━━━━━━━━━━━━━━━━━━━━━━━╇━━━━━━━━━━━━━━━━━━━━┩
│ TrendVolTarget │     14 │        14.58 │          82.109 │         4.11 │ 11 days, 9:43:00 │    9     0     5  64.3 │ 23.421 USDT  1.15% │
└────────────────┴────────┴──────────────┴─────────────────┴──────────────┴──────────────────┴────────────────────────┴────────────────────┘
