2026-09-28 20:09:55,036 - freqtrade - INFO - freqtrade 2026.8
2026-09-28 20:09:55,204 - numexpr.utils - INFO - NumExpr defaulting to 12 threads.
2026-09-28 20:09:56,316 - freqtrade.configuration.load_config - INFO - Using config: user_data/config.json ...
2026-09-28 20:09:56,317 - freqtrade.loggers - INFO - Enabling colorized output.
2026-09-28 20:09:56,318 - freqtrade.loggers - INFO - Logfile configured
2026-09-28 20:09:56,318 - freqtrade.loggers - INFO - Verbosity set to 0
2026-09-28 20:09:56,318 - freqtrade.configuration.configuration - INFO - Parameter -i/--timeframe detected ... Using timeframe: 4h ...
2026-09-28 20:09:56,318 - freqtrade.configuration.configuration - INFO - Using max_open_trades: 5 ...
2026-09-28 20:09:56,318 - freqtrade.configuration.configuration - INFO - Parameter --fee detected, setting fee to: 0.001 ...
2026-09-28 20:09:56,319 - freqtrade.configuration.configuration - INFO - Parameter --timerange detected: 20210702-20221231 ...
2026-09-28 20:09:56,332 - freqtrade.configuration.configuration - INFO - Using user-data directory: /freqtrade/user_data ...
2026-09-28 20:09:56,332 - freqtrade.configuration.configuration - INFO - Using data directory: /freqtrade/user_data/data/binance ...
2026-09-28 20:09:56,332 - freqtrade.configuration.configuration - INFO - Parameter --export detected: trades ...
2026-09-28 20:09:56,332 - freqtrade.configuration.configuration - INFO - Parameter --cache=none detected ...
2026-09-28 20:09:56,333 - freqtrade.configuration.configuration - INFO - Filter trades by timerange: 20210702-20221231
2026-09-28 20:09:56,334 - freqtrade.exchange.check_exchange - INFO - Checking exchange...
2026-09-28 20:09:56,339 - freqtrade.exchange.check_exchange - INFO - Exchange "binance" is officially supported by the Freqtrade development team.
2026-09-28 20:09:56,340 - freqtrade.configuration.configuration - INFO - Using pairlist from configuration.
2026-09-28 20:09:56,340 - freqtrade.configuration.config_validation - INFO - Validating configuration ...
2026-09-28 20:09:56,341 - freqtrade.commands.optimize_commands - INFO - Starting freqtrade in Backtesting mode
2026-09-28 20:09:56,341 - freqtrade.exchange.exchange - INFO - Instance is running with dry_run enabled
2026-09-28 20:09:56,342 - freqtrade.exchange.exchange - INFO - Using CCXT 4.5.76
2026-09-28 20:09:56,342 - freqtrade.exchange.exchange - INFO - Applying additional ccxt config: {'enableRateLimit': True}
2026-09-28 20:09:56,346 - freqtrade.exchange.exchange - INFO - Applying additional ccxt config: {'enableRateLimit': True}
2026-09-28 20:09:56,352 - freqtrade.exchange.exchange - INFO - Using Exchange "Binance"
2026-09-28 20:09:57,961 - freqtrade.resolvers.exchange_resolver - INFO - Using resolved exchange class 'Binance' ...
2026-09-28 20:09:57,968 - freqtrade.resolvers.iresolver - INFO - Using resolved strategy TrendVolTarget from '/freqtrade/user_data/strategies/TrendVolTarget.py'...
2026-09-28 20:09:57,969 - freqtrade.strategy.hyper - INFO - Loading parameters from file /freqtrade/user_data/strategies/TrendVolTarget.json
2026-09-28 20:09:57,969 - freqtrade.resolvers.strategy_resolver - INFO - Override strategy 'timeframe' with value from the configuration: 4h.
2026-09-28 20:09:57,969 - freqtrade.resolvers.strategy_resolver - INFO - Override strategy 'stoploss' with value from the configuration: -0.1.
2026-09-28 20:09:57,970 - freqtrade.resolvers.strategy_resolver - INFO - Override strategy 'stake_currency' with value from the configuration: USDT.
2026-09-28 20:09:57,970 - freqtrade.resolvers.strategy_resolver - INFO - Override strategy 'stake_amount' with value from the configuration: 100.
2026-09-28 20:09:57,970 - freqtrade.resolvers.strategy_resolver - INFO - Override strategy 'unfilledtimeout' with value from the configuration: {'entry': 10, 'exit': 30, 'exit_timeout_count': 0, 
'unit': 'minutes'}.
2026-09-28 20:09:57,970 - freqtrade.resolvers.strategy_resolver - INFO - Override strategy 'use_exit_signal' with value from the configuration: True.
2026-09-28 20:09:57,971 - freqtrade.resolvers.strategy_resolver - INFO - Override strategy 'exit_profit_only' with value from the configuration: False.
2026-09-28 20:09:57,971 - freqtrade.resolvers.strategy_resolver - INFO - Override strategy 'ignore_roi_if_entry_signal' with value from the configuration: False.
2026-09-28 20:09:57,971 - freqtrade.resolvers.strategy_resolver - INFO - Override strategy 'max_open_trades' with value from the configuration: 5.
2026-09-28 20:09:57,971 - freqtrade.resolvers.strategy_resolver - INFO - Strategy using minimal_roi: {'0': 100}
2026-09-28 20:09:57,971 - freqtrade.resolvers.strategy_resolver - INFO - Strategy using timeframe: 4h
2026-09-28 20:09:57,972 - freqtrade.resolvers.strategy_resolver - INFO - Strategy using stoploss: -0.1
2026-09-28 20:09:57,972 - freqtrade.resolvers.strategy_resolver - INFO - Strategy using trailing_stop: False
2026-09-28 20:09:57,972 - freqtrade.resolvers.strategy_resolver - INFO - Strategy using trailing_stop_positive_offset: 0.0
2026-09-28 20:09:57,972 - freqtrade.resolvers.strategy_resolver - INFO - Strategy using trailing_only_offset_is_reached: False
2026-09-28 20:09:57,973 - freqtrade.resolvers.strategy_resolver - INFO - Strategy using use_custom_stoploss: True
2026-09-28 20:09:57,973 - freqtrade.resolvers.strategy_resolver - INFO - Strategy using process_only_new_candles: True
2026-09-28 20:09:57,973 - freqtrade.resolvers.strategy_resolver - INFO - Strategy using order_types: {'entry': 'limit', 'exit': 'limit', 'stoploss': 'limit', 'stoploss_on_exchange': False, 
'stoploss_on_exchange_interval': 60}
2026-09-28 20:09:57,973 - freqtrade.resolvers.strategy_resolver - INFO - Strategy using order_time_in_force: {'entry': 'GTC', 'exit': 'GTC'}
2026-09-28 20:09:57,973 - freqtrade.resolvers.strategy_resolver - INFO - Strategy using stake_currency: USDT
2026-09-28 20:09:57,973 - freqtrade.resolvers.strategy_resolver - INFO - Strategy using stake_amount: 100
2026-09-28 20:09:57,974 - freqtrade.resolvers.strategy_resolver - INFO - Strategy using startup_candle_count: 300
2026-09-28 20:09:57,974 - freqtrade.resolvers.strategy_resolver - INFO - Strategy using unfilledtimeout: {'entry': 10, 'exit': 30, 'exit_timeout_count': 0, 'unit': 'minutes'}
2026-09-28 20:09:57,974 - freqtrade.resolvers.strategy_resolver - INFO - Strategy using use_exit_signal: True
2026-09-28 20:09:57,974 - freqtrade.resolvers.strategy_resolver - INFO - Strategy using exit_profit_only: False
2026-09-28 20:09:57,974 - freqtrade.resolvers.strategy_resolver - INFO - Strategy using ignore_roi_if_entry_signal: False
2026-09-28 20:09:57,974 - freqtrade.resolvers.strategy_resolver - INFO - Strategy using exit_profit_offset: 0.0
2026-09-28 20:09:57,974 - freqtrade.resolvers.strategy_resolver - INFO - Strategy using disable_dataframe_checks: False
2026-09-28 20:09:57,975 - freqtrade.resolvers.strategy_resolver - INFO - Strategy using ignore_buying_expired_candle_after: 0
2026-09-28 20:09:57,975 - freqtrade.resolvers.strategy_resolver - INFO - Strategy using position_adjustment_enable: False
2026-09-28 20:09:57,975 - freqtrade.resolvers.strategy_resolver - INFO - Strategy using max_entry_position_adjustment: -1
2026-09-28 20:09:57,975 - freqtrade.resolvers.strategy_resolver - INFO - Strategy using max_open_trades: 5
2026-09-28 20:09:57,975 - freqtrade.configuration.config_validation - INFO - Validating configuration ...
2026-09-28 20:09:57,979 - freqtrade.resolvers.iresolver - INFO - Using resolved pairlist StaticPairList from '/freqtrade/freqtrade/plugins/pairlist/StaticPairList.py'...
2026-09-28 20:09:57,988 - freqtrade.optimize.backtesting - INFO - Using fee 0.1000% from config.
2026-09-28 20:09:58,171 - freqtrade.optimize.backtesting - INFO - Loading data from 2021-05-13 00:00:00 up to 2022-12-31 00:00:00 (597 days).
2026-09-28 20:09:58,487 - freqtrade.optimize.backtesting - INFO - Dataload complete. Calculating indicators
2026-09-28 20:09:58,488 - freqtrade.optimize.backtesting - INFO - Running backtesting for Strategy TrendVolTarget
2026-09-28 20:09:58,488 - freqtrade.strategy.hyper - INFO - Strategy Parameter: atr_stop = 5.1
2026-09-28 20:09:58,489 - freqtrade.strategy.hyper - INFO - Strategy Parameter: entry_len = 179
2026-09-28 20:09:58,489 - freqtrade.strategy.hyper - INFO - Strategy Parameter: vol_floor = 0.011
2026-09-28 20:09:58,527 - freqtrade.optimize.backtesting - INFO - Backtesting with data from 2021-07-02 00:00:00 up to 2022-12-31 00:00:00 (547 days).
backtest ━━━━━━━━━━━━━━━━━━━━━━━━━━━━━━━━━━━━━━━━━━━━━━━━━━━━━━━━━━━━━━━━━━━━━━━━━━━━━━━━━━━━━━━━━━━━━━━━━━━━━━━━━━━━━━━━━━━━━━━━━━━━━━━━━━━━━━━━━━━━━━━━━━━━━━━━━━━━ 4/4       100% • 0:00:00 • 0:00:00
backtest ━━━━━━━━━━━━━━━━━━━━━━━━━━━━━━━━━━━━━━━━━━━━━━━━━━━━━━━━━━━━━━━━━━━━━━━━━━━━━━━━━━━━━━━━━━━━━━━━━━━━━━━━━━━━━━━━━━━━━━━━━━━━━━━━━━━━━━━━━━━━━━━━━━━━━━━━━━━━ 3282/3282 100% • 0:00:01 • 0:00:00
2026-09-28 20:10:00,046 - freqtrade.misc - INFO - dumping json to "/freqtrade/user_data/backtest_results/backtest-result-2026-09-28_23-10-00.meta.json"
Result for strategy TrendVolTarget
                                                BACKTESTING REPORT                                                 
┏━━━━━━━━━━━┳━━━━━━━━┳━━━━━━━━━━━━━━┳━━━━━━━━━━━━━━━━━┳━━━━━━━━━━━━━━┳━━━━━━━━━━━━━━━━━━━┳━━━━━━━━━━━━━━━━━━━━━━━━┓
┃      Pair ┃ Trades ┃ Avg Profit % ┃ Tot Profit USDT ┃ Tot Profit % ┃      Avg Duration ┃  Win  Draw  Loss  Win% ┃
┡━━━━━━━━━━━╇━━━━━━━━╇━━━━━━━━━━━━━━╇━━━━━━━━━━━━━━━━━╇━━━━━━━━━━━━━━╇━━━━━━━━━━━━━━━━━━━╇━━━━━━━━━━━━━━━━━━━━━━━━┩
│  BNB/USDT │      7 │         8.62 │          56.507 │         2.83 │  13 days, 2:17:00 │    4     0     3  57.1 │
│  ETH/USDT │      7 │         8.13 │          39.404 │         1.97 │ 15 days, 20:00:00 │    6     0     1  85.7 │
│  ADA/USDT │      1 │        50.03 │          36.479 │         1.82 │ 26 days, 12:00:00 │    1     0     0   100 │
│ DOGE/USDT │      4 │         2.39 │          29.467 │         1.47 │  3 days, 22:00:00 │    1     0     3  25.0 │
│  XRP/USDT │      2 │        17.01 │          21.573 │         1.08 │  9 days, 16:00:00 │    2     0     0   100 │
│ NEAR/USDT │      6 │          0.7 │           7.231 │         0.36 │   8 days, 9:20:00 │    3     0     3  50.0 │
│  ZEC/USDT │      4 │         4.91 │           5.371 │         0.27 │  8 days, 21:00:00 │    2     0     2  50.0 │
│  SOL/USDT │      6 │          4.6 │           1.451 │         0.07 │  5 days, 22:40:00 │    2     0     4  33.3 │
│ ALGO/USDT │      2 │         3.82 │           0.118 │         0.01 │  6 days, 10:00:00 │    1     0     1  50.0 │
│ AVAX/USDT │      8 │         1.21 │          -2.022 │         -0.1 │  6 days, 12:30:00 │    3     0     5  37.5 │
│ LINK/USDT │      6 │        -0.91 │          -2.587 │        -0.13 │  10 days, 3:20:00 │    2     0     4  33.3 │
│  BTC/USDT │      3 │         -0.9 │          -3.853 │        -0.19 │  9 days, 18:40:00 │    1     0     2  33.3 │
│ HBAR/USDT │      3 │        -1.34 │          -3.994 │         -0.2 │   7 days, 1:20:00 │    2     0     1  66.7 │
│  XLM/USDT │      2 │        -8.48 │         -11.697 │        -0.58 │  3 days, 16:00:00 │    0     0     2     0 │
│  TRX/USDT │      5 │        -7.16 │         -20.443 │        -1.02 │   5 days, 2:24:00 │    0     0     5     0 │
│  LTC/USDT │      5 │        -6.54 │         -21.199 │        -1.06 │   7 days, 0:48:00 │    0     0     5     0 │
│  UNI/USDT │      8 │        -7.72 │         -42.728 │        -2.14 │  6 days, 17:00:00 │    1     0     7  12.5 │
│     TOTAL │     79 │         1.52 │          89.076 │         4.45 │  8 days, 15:39:00 │   31     0    48  39.2 │
└───────────┴────────┴──────────────┴─────────────────┴──────────────┴───────────────────┴────────────────────────┘
                                         LEFT OPEN TRADES REPORT                                          
┏━━━━━━━┳━━━━━━━━┳━━━━━━━━━━━━━━┳━━━━━━━━━━━━━━━━━┳━━━━━━━━━━━━━━┳━━━━━━━━━━━━━━┳━━━━━━━━━━━━━━━━━━━━━━━━┓
┃  Pair ┃ Trades ┃ Avg Profit % ┃ Tot Profit USDT ┃ Tot Profit % ┃ Avg Duration ┃  Win  Draw  Loss  Win% ┃
┡━━━━━━━╇━━━━━━━━╇━━━━━━━━━━━━━━╇━━━━━━━━━━━━━━━━━╇━━━━━━━━━━━━━━╇━━━━━━━━━━━━━━╇━━━━━━━━━━━━━━━━━━━━━━━━┩
│ TOTAL │      0 │          0.0 │           0.000 │          0.0 │         0:00 │    0     0     0     0 │
└───────┴────────┴──────────────┴─────────────────┴──────────────┴──────────────┴────────────────────────┘
                                                  ENTER TAG STATS                                                  
┏━━━━━━━━━━━┳━━━━━━━━━┳━━━━━━━━━━━━━━┳━━━━━━━━━━━━━━━━━┳━━━━━━━━━━━━━━┳━━━━━━━━━━━━━━━━━━┳━━━━━━━━━━━━━━━━━━━━━━━━┓
┃ Enter Tag ┃ Entries ┃ Avg Profit % ┃ Tot Profit USDT ┃ Tot Profit % ┃     Avg Duration ┃  Win  Draw  Loss  Win% ┃
┡━━━━━━━━━━━╇━━━━━━━━━╇━━━━━━━━━━━━━━╇━━━━━━━━━━━━━━━━━╇━━━━━━━━━━━━━━╇━━━━━━━━━━━━━━━━━━╇━━━━━━━━━━━━━━━━━━━━━━━━┩
│     OTHER │      79 │         1.52 │          89.076 │         4.45 │ 8 days, 15:39:00 │   31     0    48  39.2 │
│     TOTAL │      79 │         1.52 │          89.076 │         4.45 │ 8 days, 15:39:00 │   31     0    48  39.2 │
└───────────┴─────────┴──────────────┴─────────────────┴──────────────┴──────────────────┴────────────────────────┘
                                                    EXIT REASON STATS                                                     
┏━━━━━━━━━━━━━━━━━━━━┳━━━━━━━┳━━━━━━━━━━━━━━┳━━━━━━━━━━━━━━━━━┳━━━━━━━━━━━━━━┳━━━━━━━━━━━━━━━━━━┳━━━━━━━━━━━━━━━━━━━━━━━━┓
┃        Exit Reason ┃ Exits ┃ Avg Profit % ┃ Tot Profit USDT ┃ Tot Profit % ┃     Avg Duration ┃  Win  Draw  Loss  Win% ┃
┡━━━━━━━━━━━━━━━━━━━━╇━━━━━━━╇━━━━━━━━━━━━━━╇━━━━━━━━━━━━━━━━━╇━━━━━━━━━━━━━━╇━━━━━━━━━━━━━━━━━━╇━━━━━━━━━━━━━━━━━━━━━━━━┩
│ trailing_stop_loss │    79 │         1.52 │          89.076 │         4.45 │ 8 days, 15:39:00 │   31     0    48  39.2 │
│              TOTAL │    79 │         1.52 │          89.076 │         4.45 │ 8 days, 15:39:00 │   31     0    48  39.2 │
└────────────────────┴───────┴──────────────┴─────────────────┴──────────────┴──────────────────┴────────────────────────┘
                                                            MIXED TAG STATS                                                            
┏━━━━━━━━━━━┳━━━━━━━━━━━━━━━━━━━━┳━━━━━━━━┳━━━━━━━━━━━━━━┳━━━━━━━━━━━━━━━━━┳━━━━━━━━━━━━━━┳━━━━━━━━━━━━━━━━━━┳━━━━━━━━━━━━━━━━━━━━━━━━┓
┃ Enter Tag ┃        Exit Reason ┃ Trades ┃ Avg Profit % ┃ Tot Profit USDT ┃ Tot Profit % ┃     Avg Duration ┃  Win  Draw  Loss  Win% ┃
┡━━━━━━━━━━━╇━━━━━━━━━━━━━━━━━━━━╇━━━━━━━━╇━━━━━━━━━━━━━━╇━━━━━━━━━━━━━━━━━╇━━━━━━━━━━━━━━╇━━━━━━━━━━━━━━━━━━╇━━━━━━━━━━━━━━━━━━━━━━━━┩
│           │ trailing_stop_loss │     79 │         1.52 │          89.076 │         4.45 │ 8 days, 15:39:00 │   31     0    48  39.2 │
│     TOTAL │                    │     79 │         1.52 │          89.076 │         4.45 │ 8 days, 15:39:00 │   31     0    48  39.2 │
└───────────┴────────────────────┴────────┴──────────────┴─────────────────┴──────────────┴──────────────────┴────────────────────────┘
                                   SUMMARY METRICS                                    
┏━━━━━━━━━━━━━━━━━━━━━━━━━━━━━━━━━━━━━━━━┳━━━━━━━━━━━━━━━━━━━━━━━━━━━━━━━━━━━━━━━━━━━┓
┃ Metric                                 ┃ Value                                     ┃
┡━━━━━━━━━━━━━━━━━━━━━━━━━━━━━━━━━━━━━━━━╇━━━━━━━━━━━━━━━━━━━━━━━━━━━━━━━━━━━━━━━━━━━┩
│ Backtesting from                       │ 2021-07-02 00:00:00                       │
│ Backtesting to                         │ 2022-12-31 00:00:00                       │
│ Trading Mode                           │ Spot                                      │
│ Max open trades                        │ 5                                         │
│                                        │                                           │
│ Total/Daily Avg Trades                 │ 79 / 0.14                                 │
│ Starting balance                       │ 2000 USDT                                 │
│ Final balance                          │ 2089.076 USDT                             │
│ Absolute profit                        │ 89.076 USDT                               │
│ Total profit %                         │ 4.45%                                     │
│ CAGR %                                 │ 2.95%                                     │
│ Sharpe (closed trades)                 │ 0.29                                      │
│ Sortino (closed trades)                │ 1.29                                      │
│ Calmar (closed trades)                 │ 3.08                                      │
│ SQN                                    │ 0.93                                      │
│ Mean profit p-value                    │ 0.3569                                    │
│ Profit factor                          │ 1.36                                      │
│ Expectancy (Ratio)                     │ 1.13 (0.22)                               │
│ Avg. daily profit                      │ 0.163 USDT                                │
│ Avg. stake amount                      │ 63.166 USDT                               │
│ Market change                          │ -53.68%                                   │
│ Total trade volume                     │ 10089.536 USDT                            │
│                                        │                                           │
│ Best Pair                              │ BNB/USDT 2.83%                            │
│ Worst Pair                             │ UNI/USDT -2.14%                           │
│ Best trade                             │ SOL/USDT 83.12%                           │
│ Worst trade                            │ SOL/USDT -25.32%                          │
│ Best day                               │ 76.453 USDT                               │
│ Worst day                              │ -18.836 USDT                              │
│ Days win/draw/lose                     │ 20 / 441 / 30                             │
│ Min/Max/Avg. Duration Winners          │ 2d 08:00 / 38d 08:00 / 13d 06:58          │
│ Min/Max/Avg. Duration Losers           │ 0d 08:00 / 13d 12:00 / 5d 15:45           │
│ Max Consecutive Wins / Loss            │ 8 / 8                                     │
│ Rejected Entry signals                 │ 245                                       │
│ Entry/Exit Timeouts                    │ 0 / 0                                     │
│                                        │                                           │
│ Min/Max balance (closed trades)        │ 1994.386 USDT / 2144.504 USDT             │
│ Max % of account underwater            │ 5.05%                                     │
│ Absolute drawdown                      │ 108.277 USDT (5.05%)                      │
│ Drawdown duration                      │ 385 days 04:00:00                         │
│ Profit at drawdown start               │ 144.504 USDT                              │
│ Profit at drawdown end                 │ 36.227 USDT                               │
│ Drawdown start                         │ 2021-09-07 12:00:00                       │
│ Drawdown end                           │ 2022-09-27 16:00:00                       │
│                                        │                                           │
│ Wallet based Metrics                   │                                           │
│ Min/Max balance (wallet balance)       │ 1982.905 USDT / 2169.155 USDT             │
│ Min/Max balance dates (wallet balance) │ 2021-08-04 08:00:00 / 2021-09-07 04:00:00 │
│ Max % of account underwater (balance)  │ 6.50%                                     │
│ Absolute drawdown (wallet balance)     │ 141.058 USDT (6.50%)                      │
│ Drawdown duration                      │ 416 days 04:00:00                         │
│ Profit at drawdown start               │ 169.155 USDT                              │
│ Profit at drawdown end                 │ 28.097 USDT                               │
│ Drawdown start                         │ 2021-09-07 04:00:00                       │
│ Drawdown end                           │ 2022-10-28 08:00:00                       │
│ Sharpe (daily wallet balance)          │ 0.54                                      │
│ Sortino (daily wallet balance)         │ 0.56                                      │
│ Calmar (daily wallet balance)          │ 2.40                                      │
└────────────────────────────────────────┴───────────────────────────────────────────┘

Backtested 2021-07-02 00:00:00 -> 2022-12-31 00:00:00 | Max open trades : 5
                                                              STRATEGY SUMMARY                                                               
┏━━━━━━━━━━━━━━━━┳━━━━━━━━┳━━━━━━━━━━━━━━┳━━━━━━━━━━━━━━━━━┳━━━━━━━━━━━━━━┳━━━━━━━━━━━━━━━━━━┳━━━━━━━━━━━━━━━━━━━━━━━━┳━━━━━━━━━━━━━━━━━━━━━┓
┃       Strategy ┃ Trades ┃ Avg Profit % ┃ Tot Profit USDT ┃ Tot Profit % ┃     Avg Duration ┃  Win  Draw  Loss  Win% ┃            Drawdown ┃
┡━━━━━━━━━━━━━━━━╇━━━━━━━━╇━━━━━━━━━━━━━━╇━━━━━━━━━━━━━━━━━╇━━━━━━━━━━━━━━╇━━━━━━━━━━━━━━━━━━╇━━━━━━━━━━━━━━━━━━━━━━━━╇━━━━━━━━━━━━━━━━━━━━━┩
│ TrendVolTarget │     79 │         1.52 │          89.076 │         4.45 │ 8 days, 15:39:00 │   31     0    48  39.2 │ 108.277 USDT  5.05% │
└────────────────┴────────┴──────────────┴─────────────────┴──────────────┴──────────────────┴────────────────────────┴─────────────────────┘
