2026-09-28 20:13:49,989 - freqtrade - INFO - freqtrade 2026.8
2026-09-28 20:13:50,158 - numexpr.utils - INFO - NumExpr defaulting to 12 threads.
2026-09-28 20:13:51,273 - freqtrade.configuration.load_config - INFO - Using config: user_data/config.json ...
2026-09-28 20:13:51,275 - freqtrade.loggers - INFO - Enabling colorized output.
2026-09-28 20:13:51,275 - freqtrade.loggers - INFO - Logfile configured
2026-09-28 20:13:51,275 - freqtrade.loggers - INFO - Verbosity set to 0
2026-09-28 20:13:51,276 - freqtrade.configuration.configuration - INFO - Parameter -i/--timeframe detected ... Using timeframe: 4h ...
2026-09-28 20:13:51,276 - freqtrade.configuration.configuration - INFO - Using max_open_trades: 5 ...
2026-09-28 20:13:51,276 - freqtrade.configuration.configuration - INFO - Parameter --fee detected, setting fee to: 0.001 ...
2026-09-28 20:13:51,276 - freqtrade.configuration.configuration - INFO - Parameter --timerange detected: 20241230-20250630 ...
2026-09-28 20:13:51,286 - freqtrade.configuration.configuration - INFO - Using user-data directory: /freqtrade/user_data ...
2026-09-28 20:13:51,286 - freqtrade.configuration.configuration - INFO - Using data directory: /freqtrade/user_data/data/binance ...
2026-09-28 20:13:51,286 - freqtrade.configuration.configuration - INFO - Parameter --export detected: trades ...
2026-09-28 20:13:51,287 - freqtrade.configuration.configuration - INFO - Parameter --cache=none detected ...
2026-09-28 20:13:51,287 - freqtrade.configuration.configuration - INFO - Filter trades by timerange: 20241230-20250630
2026-09-28 20:13:51,287 - freqtrade.exchange.check_exchange - INFO - Checking exchange...
2026-09-28 20:13:51,294 - freqtrade.exchange.check_exchange - INFO - Exchange "binance" is officially supported by the Freqtrade development team.
2026-09-28 20:13:51,295 - freqtrade.configuration.configuration - INFO - Using pairlist from configuration.
2026-09-28 20:13:51,295 - freqtrade.configuration.config_validation - INFO - Validating configuration ...
2026-09-28 20:13:51,297 - freqtrade.commands.optimize_commands - INFO - Starting freqtrade in Backtesting mode
2026-09-28 20:13:51,297 - freqtrade.exchange.exchange - INFO - Instance is running with dry_run enabled
2026-09-28 20:13:51,298 - freqtrade.exchange.exchange - INFO - Using CCXT 4.5.76
2026-09-28 20:13:51,298 - freqtrade.exchange.exchange - INFO - Applying additional ccxt config: {'enableRateLimit': True}
2026-09-28 20:13:51,302 - freqtrade.exchange.exchange - INFO - Applying additional ccxt config: {'enableRateLimit': True}
2026-09-28 20:13:51,307 - freqtrade.exchange.exchange - INFO - Using Exchange "Binance"
2026-09-28 20:13:52,898 - freqtrade.resolvers.exchange_resolver - INFO - Using resolved exchange class 'Binance' ...
2026-09-28 20:13:52,907 - freqtrade.resolvers.iresolver - INFO - Using resolved strategy TrendVolTarget from '/freqtrade/user_data/strategies/TrendVolTarget.py'...
2026-09-28 20:13:52,907 - freqtrade.strategy.hyper - INFO - Found no parameter file.
2026-09-28 20:13:52,907 - freqtrade.resolvers.strategy_resolver - INFO - Override strategy 'timeframe' with value from the configuration: 4h.
2026-09-28 20:13:52,907 - freqtrade.resolvers.strategy_resolver - INFO - Override strategy 'stoploss' with value from the configuration: -0.1.
2026-09-28 20:13:52,908 - freqtrade.resolvers.strategy_resolver - INFO - Override strategy 'stake_currency' with value from the configuration: USDT.
2026-09-28 20:13:52,908 - freqtrade.resolvers.strategy_resolver - INFO - Override strategy 'stake_amount' with value from the configuration: 100.
2026-09-28 20:13:52,908 - freqtrade.resolvers.strategy_resolver - INFO - Override strategy 'unfilledtimeout' with value from the configuration: {'entry': 10, 'exit': 30, 'exit_timeout_count': 0, 
'unit': 'minutes'}.
2026-09-28 20:13:52,908 - freqtrade.resolvers.strategy_resolver - INFO - Override strategy 'use_exit_signal' with value from the configuration: True.
2026-09-28 20:13:52,908 - freqtrade.resolvers.strategy_resolver - INFO - Override strategy 'exit_profit_only' with value from the configuration: False.
2026-09-28 20:13:52,908 - freqtrade.resolvers.strategy_resolver - INFO - Override strategy 'ignore_roi_if_entry_signal' with value from the configuration: False.
2026-09-28 20:13:52,909 - freqtrade.resolvers.strategy_resolver - INFO - Override strategy 'max_open_trades' with value from the configuration: 5.
2026-09-28 20:13:52,909 - freqtrade.resolvers.strategy_resolver - INFO - Strategy using minimal_roi: {'0': 100}
2026-09-28 20:13:52,909 - freqtrade.resolvers.strategy_resolver - INFO - Strategy using timeframe: 4h
2026-09-28 20:13:52,909 - freqtrade.resolvers.strategy_resolver - INFO - Strategy using stoploss: -0.1
2026-09-28 20:13:52,909 - freqtrade.resolvers.strategy_resolver - INFO - Strategy using trailing_stop: False
2026-09-28 20:13:52,909 - freqtrade.resolvers.strategy_resolver - INFO - Strategy using trailing_stop_positive_offset: 0.0
2026-09-28 20:13:52,909 - freqtrade.resolvers.strategy_resolver - INFO - Strategy using trailing_only_offset_is_reached: False
2026-09-28 20:13:52,910 - freqtrade.resolvers.strategy_resolver - INFO - Strategy using use_custom_stoploss: True
2026-09-28 20:13:52,910 - freqtrade.resolvers.strategy_resolver - INFO - Strategy using process_only_new_candles: True
2026-09-28 20:13:52,910 - freqtrade.resolvers.strategy_resolver - INFO - Strategy using order_types: {'entry': 'limit', 'exit': 'limit', 'stoploss': 'limit', 'stoploss_on_exchange': False, 
'stoploss_on_exchange_interval': 60}
2026-09-28 20:13:52,910 - freqtrade.resolvers.strategy_resolver - INFO - Strategy using order_time_in_force: {'entry': 'GTC', 'exit': 'GTC'}
2026-09-28 20:13:52,910 - freqtrade.resolvers.strategy_resolver - INFO - Strategy using stake_currency: USDT
2026-09-28 20:13:52,910 - freqtrade.resolvers.strategy_resolver - INFO - Strategy using stake_amount: 100
2026-09-28 20:13:52,911 - freqtrade.resolvers.strategy_resolver - INFO - Strategy using startup_candle_count: 300
2026-09-28 20:13:52,911 - freqtrade.resolvers.strategy_resolver - INFO - Strategy using unfilledtimeout: {'entry': 10, 'exit': 30, 'exit_timeout_count': 0, 'unit': 'minutes'}
2026-09-28 20:13:52,911 - freqtrade.resolvers.strategy_resolver - INFO - Strategy using use_exit_signal: True
2026-09-28 20:13:52,911 - freqtrade.resolvers.strategy_resolver - INFO - Strategy using exit_profit_only: False
2026-09-28 20:13:52,911 - freqtrade.resolvers.strategy_resolver - INFO - Strategy using ignore_roi_if_entry_signal: False
2026-09-28 20:13:52,911 - freqtrade.resolvers.strategy_resolver - INFO - Strategy using exit_profit_offset: 0.0
2026-09-28 20:13:52,911 - freqtrade.resolvers.strategy_resolver - INFO - Strategy using disable_dataframe_checks: False
2026-09-28 20:13:52,912 - freqtrade.resolvers.strategy_resolver - INFO - Strategy using ignore_buying_expired_candle_after: 0
2026-09-28 20:13:52,912 - freqtrade.resolvers.strategy_resolver - INFO - Strategy using position_adjustment_enable: False
2026-09-28 20:13:52,912 - freqtrade.resolvers.strategy_resolver - INFO - Strategy using max_entry_position_adjustment: -1
2026-09-28 20:13:52,912 - freqtrade.resolvers.strategy_resolver - INFO - Strategy using max_open_trades: 5
2026-09-28 20:13:52,912 - freqtrade.configuration.config_validation - INFO - Validating configuration ...
2026-09-28 20:13:52,915 - freqtrade.resolvers.iresolver - INFO - Using resolved pairlist StaticPairList from '/freqtrade/freqtrade/plugins/pairlist/StaticPairList.py'...
2026-09-28 20:13:52,925 - freqtrade.optimize.backtesting - INFO - Using fee 0.1000% from config.
2026-09-28 20:13:53,079 - freqtrade.optimize.backtesting - INFO - Loading data from 2024-11-10 00:00:00 up to 2025-06-30 00:00:00 (232 days).
2026-09-28 20:13:53,236 - freqtrade.optimize.backtesting - INFO - Dataload complete. Calculating indicators
2026-09-28 20:13:53,237 - freqtrade.optimize.backtesting - INFO - Running backtesting for Strategy TrendVolTarget
2026-09-28 20:13:53,237 - freqtrade.strategy.hyper - INFO - No params for sell found, using default values.
2026-09-28 20:13:53,238 - freqtrade.strategy.hyper - INFO - Strategy Parameter(default): atr_stop = 3.5
2026-09-28 20:13:53,238 - freqtrade.strategy.hyper - INFO - No params for buy found, using default values.
2026-09-28 20:13:53,238 - freqtrade.strategy.hyper - INFO - Strategy Parameter(default): entry_len = 120
2026-09-28 20:13:53,238 - freqtrade.strategy.hyper - INFO - Strategy Parameter(default): vol_floor = 0.012
2026-09-28 20:13:53,274 - freqtrade.optimize.backtesting - INFO - Backtesting with data from 2024-12-30 00:00:00 up to 2025-06-30 00:00:00 (182 days).
backtest ━━━━━━━━━━━━━━━━━━━━━━━━━━━━━━━━━━━━━━━━━━━━━━━━━━━━━━━━━━━━━━━━━━━━━━━━━━━━━━━━━━━━━━━━━━━━━━━━━━━━━━━━━━━━━━━━━━━━━━━━━━━━━━━━━━━━━━━━━━━━━━━━━━━━━━━━━━━━ 4/4       100% • 0:00:00 • 0:00:00
backtest ━━━━━━━━━━━━━━━━━━━━━━━━━━━━━━━━━━━━━━━━━━━━━━━━━━━━━━━━━━━━━━━━━━━━━━━━━━━━━━━━━━━━━━━━━━━━━━━━━━━━━━━━━━━━━━━━━━━━━━━━━━━━━━━━━━━━━━━━━━━━━━━━━━━━━━━━━━━━ 1092/1092 100% • 0:00:00 • 0:00:00
2026-09-28 20:13:53,821 - freqtrade.misc - INFO - dumping json to "/freqtrade/user_data/backtest_results/backtest-result-2026-09-28_23-13-53.meta.json"
Result for strategy TrendVolTarget
                                                BACKTESTING REPORT                                                
┏━━━━━━━━━━━┳━━━━━━━━┳━━━━━━━━━━━━━━┳━━━━━━━━━━━━━━━━━┳━━━━━━━━━━━━━━┳━━━━━━━━━━━━━━━━━━┳━━━━━━━━━━━━━━━━━━━━━━━━┓
┃      Pair ┃ Trades ┃ Avg Profit % ┃ Tot Profit USDT ┃ Tot Profit % ┃     Avg Duration ┃  Win  Draw  Loss  Win% ┃
┡━━━━━━━━━━━╇━━━━━━━━╇━━━━━━━━━━━━━━╇━━━━━━━━━━━━━━━━━╇━━━━━━━━━━━━━━╇━━━━━━━━━━━━━━━━━━╇━━━━━━━━━━━━━━━━━━━━━━━━┩
│  ETH/USDT │      4 │         0.95 │           8.819 │         0.44 │ 2 days, 11:00:00 │    1     0     3  25.0 │
│ NEAR/USDT │      1 │        11.34 │           8.398 │         0.42 │  1 day, 16:00:00 │    1     0     0   100 │
│ LINK/USDT │      1 │         4.49 │           4.084 │          0.2 │ 3 days, 20:00:00 │    1     0     0   100 │
│ ALGO/USDT │      1 │         3.75 │           2.149 │         0.11 │  5 days, 0:00:00 │    1     0     0   100 │
│  SOL/USDT │      3 │         0.25 │           1.114 │         0.06 │  5 days, 4:00:00 │    2     0     1  66.7 │
│  LTC/USDT │      2 │         1.32 │           1.006 │         0.05 │  5 days, 8:00:00 │    1     0     1  50.0 │
│  BNB/USDT │      0 │          0.0 │           0.000 │          0.0 │             0:00 │    0     0     0     0 │
│  ADA/USDT │      0 │          0.0 │           0.000 │          0.0 │             0:00 │    0     0     0     0 │
│ DOGE/USDT │      0 │          0.0 │           0.000 │          0.0 │             0:00 │    0     0     0     0 │
│ AVAX/USDT │      1 │        -2.32 │          -1.378 │        -0.07 │  5 days, 8:00:00 │    0     0     1     0 │
│  UNI/USDT │      1 │        -3.02 │          -1.472 │        -0.07 │  2 days, 0:00:00 │    0     0     1     0 │
│  XRP/USDT │      3 │        -0.45 │          -3.072 │        -0.15 │  3 days, 2:40:00 │    1     0     2  33.3 │
│  XLM/USDT │      1 │       -10.44 │          -5.045 │        -0.25 │ 2 days, 16:00:00 │    0     0     1     0 │
│ HBAR/USDT │      1 │        -9.87 │          -5.378 │        -0.27 │  1 day, 12:00:00 │    0     0     1     0 │
│  ZEC/USDT │      3 │        -3.97 │          -7.609 │        -0.38 │   1 day, 2:40:00 │    0     0     3     0 │
│  BTC/USDT │      4 │        -2.06 │         -10.817 │        -0.54 │ 4 days, 12:00:00 │    1     0     3  25.0 │
│  TRX/USDT │      3 │        -2.71 │         -11.229 │        -0.56 │  3 days, 6:40:00 │    0     0     3     0 │
│     TOTAL │     29 │        -0.98 │         -20.430 │        -1.02 │  3 days, 9:31:00 │    9     0    20  31.0 │
└───────────┴────────┴──────────────┴─────────────────┴──────────────┴──────────────────┴────────────────────────┘
                                         LEFT OPEN TRADES REPORT                                          
┏━━━━━━━┳━━━━━━━━┳━━━━━━━━━━━━━━┳━━━━━━━━━━━━━━━━━┳━━━━━━━━━━━━━━┳━━━━━━━━━━━━━━┳━━━━━━━━━━━━━━━━━━━━━━━━┓
┃  Pair ┃ Trades ┃ Avg Profit % ┃ Tot Profit USDT ┃ Tot Profit % ┃ Avg Duration ┃  Win  Draw  Loss  Win% ┃
┡━━━━━━━╇━━━━━━━━╇━━━━━━━━━━━━━━╇━━━━━━━━━━━━━━━━━╇━━━━━━━━━━━━━━╇━━━━━━━━━━━━━━╇━━━━━━━━━━━━━━━━━━━━━━━━┩
│ TOTAL │      0 │          0.0 │           0.000 │          0.0 │         0:00 │    0     0     0     0 │
└───────┴────────┴──────────────┴─────────────────┴──────────────┴──────────────┴────────────────────────┘
                                                 ENTER TAG STATS                                                  
┏━━━━━━━━━━━┳━━━━━━━━━┳━━━━━━━━━━━━━━┳━━━━━━━━━━━━━━━━━┳━━━━━━━━━━━━━━┳━━━━━━━━━━━━━━━━━┳━━━━━━━━━━━━━━━━━━━━━━━━┓
┃ Enter Tag ┃ Entries ┃ Avg Profit % ┃ Tot Profit USDT ┃ Tot Profit % ┃    Avg Duration ┃  Win  Draw  Loss  Win% ┃
┡━━━━━━━━━━━╇━━━━━━━━━╇━━━━━━━━━━━━━━╇━━━━━━━━━━━━━━━━━╇━━━━━━━━━━━━━━╇━━━━━━━━━━━━━━━━━╇━━━━━━━━━━━━━━━━━━━━━━━━┩
│     OTHER │      29 │        -0.98 │         -20.430 │        -1.02 │ 3 days, 9:31:00 │    9     0    20  31.0 │
│     TOTAL │      29 │        -0.98 │         -20.430 │        -1.02 │ 3 days, 9:31:00 │    9     0    20  31.0 │
└───────────┴─────────┴──────────────┴─────────────────┴──────────────┴─────────────────┴────────────────────────┘
                                                    EXIT REASON STATS                                                    
┏━━━━━━━━━━━━━━━━━━━━┳━━━━━━━┳━━━━━━━━━━━━━━┳━━━━━━━━━━━━━━━━━┳━━━━━━━━━━━━━━┳━━━━━━━━━━━━━━━━━┳━━━━━━━━━━━━━━━━━━━━━━━━┓
┃        Exit Reason ┃ Exits ┃ Avg Profit % ┃ Tot Profit USDT ┃ Tot Profit % ┃    Avg Duration ┃  Win  Draw  Loss  Win% ┃
┡━━━━━━━━━━━━━━━━━━━━╇━━━━━━━╇━━━━━━━━━━━━━━╇━━━━━━━━━━━━━━━━━╇━━━━━━━━━━━━━━╇━━━━━━━━━━━━━━━━━╇━━━━━━━━━━━━━━━━━━━━━━━━┩
│ trailing_stop_loss │    29 │        -0.98 │         -20.430 │        -1.02 │ 3 days, 9:31:00 │    9     0    20  31.0 │
│              TOTAL │    29 │        -0.98 │         -20.430 │        -1.02 │ 3 days, 9:31:00 │    9     0    20  31.0 │
└────────────────────┴───────┴──────────────┴─────────────────┴──────────────┴─────────────────┴────────────────────────┘
                                                           MIXED TAG STATS                                                            
┏━━━━━━━━━━━┳━━━━━━━━━━━━━━━━━━━━┳━━━━━━━━┳━━━━━━━━━━━━━━┳━━━━━━━━━━━━━━━━━┳━━━━━━━━━━━━━━┳━━━━━━━━━━━━━━━━━┳━━━━━━━━━━━━━━━━━━━━━━━━┓
┃ Enter Tag ┃        Exit Reason ┃ Trades ┃ Avg Profit % ┃ Tot Profit USDT ┃ Tot Profit % ┃    Avg Duration ┃  Win  Draw  Loss  Win% ┃
┡━━━━━━━━━━━╇━━━━━━━━━━━━━━━━━━━━╇━━━━━━━━╇━━━━━━━━━━━━━━╇━━━━━━━━━━━━━━━━━╇━━━━━━━━━━━━━━╇━━━━━━━━━━━━━━━━━╇━━━━━━━━━━━━━━━━━━━━━━━━┩
│           │ trailing_stop_loss │     29 │        -0.98 │         -20.430 │        -1.02 │ 3 days, 9:31:00 │    9     0    20  31.0 │
│     TOTAL │                    │     29 │        -0.98 │         -20.430 │        -1.02 │ 3 days, 9:31:00 │    9     0    20  31.0 │
└───────────┴────────────────────┴────────┴──────────────┴─────────────────┴──────────────┴─────────────────┴────────────────────────┘
                                   SUMMARY METRICS                                    
┏━━━━━━━━━━━━━━━━━━━━━━━━━━━━━━━━━━━━━━━━┳━━━━━━━━━━━━━━━━━━━━━━━━━━━━━━━━━━━━━━━━━━━┓
┃ Metric                                 ┃ Value                                     ┃
┡━━━━━━━━━━━━━━━━━━━━━━━━━━━━━━━━━━━━━━━━╇━━━━━━━━━━━━━━━━━━━━━━━━━━━━━━━━━━━━━━━━━━━┩
│ Backtesting from                       │ 2024-12-30 00:00:00                       │
│ Backtesting to                         │ 2025-06-30 00:00:00                       │
│ Trading Mode                           │ Spot                                      │
│ Max open trades                        │ 5                                         │
│                                        │                                           │
│ Total/Daily Avg Trades                 │ 29 / 0.16                                 │
│ Starting balance                       │ 2000 USDT                                 │
│ Final balance                          │ 1979.57 USDT                              │
│ Absolute profit                        │ -20.43 USDT                               │
│ Total profit %                         │ -1.02%                                    │
│ CAGR %                                 │ -2.04%                                    │
│ Sharpe (closed trades)                 │ -0.37                                     │
│ Sortino (closed trades)                │ -0.99                                     │
│ Calmar (closed trades)                 │ -5.31                                     │
│ SQN                                    │ -0.63                                     │
│ Mean profit p-value                    │ 0.5309                                    │
│ Profit factor                          │ 0.74                                      │
│ Expectancy (Ratio)                     │ -0.70 (-0.18)                             │
│ Avg. daily profit                      │ -0.112 USDT                               │
│ Avg. stake amount                      │ 90.891 USDT                               │
│ Market change                          │ -27.34%                                   │
│ Total trade volume                     │ 5261.739 USDT                             │
│                                        │                                           │
│ Best Pair                              │ ETH/USDT 0.44%                            │
│ Worst Pair                             │ TRX/USDT -0.56%                           │
│ Best trade                             │ ETH/USDT 16.12%                           │
│ Worst trade                            │ XLM/USDT -10.44%                          │
│ Best day                               │ 19.844 USDT                               │
│ Worst day                              │ -9.924 USDT                               │
│ Days win/draw/lose                     │ 7 / 131 / 13                              │
│ Min/Max/Avg. Duration Winners          │ 1d 00:00 / 11d 20:00 / 5d 13:47           │
│ Min/Max/Avg. Duration Losers           │ 0d 08:00 / 6d 04:00 / 2d 10:00            │
│ Max Consecutive Wins / Loss            │ 4 / 11                                    │
│ Rejected Entry signals                 │ 30                                        │
│ Entry/Exit Timeouts                    │ 0 / 0                                     │
│                                        │                                           │
│ Min/Max balance (closed trades)        │ 1979.124 USDT / 2020.335 USDT             │
│ Max % of account underwater            │ 2.02%                                     │
│ Absolute drawdown                      │ 40.766 USDT (2.02%)                       │
│ Drawdown duration                      │ 28 days 08:00:00                          │
│ Profit at drawdown start               │ 20.335 USDT                               │
│ Profit at drawdown end                 │ -20.43 USDT                               │
│ Drawdown start                         │ 2025-05-15 12:00:00                       │
│ Drawdown end                           │ 2025-06-12 20:00:00                       │
│                                        │                                           │
│ Wallet based Metrics                   │                                           │
│ Min/Max balance (wallet balance)       │ 1977.198 USDT / 2049.119 USDT             │
│ Min/Max balance dates (wallet balance) │ 2025-05-07 20:00:00 / 2025-05-11 00:00:00 │
│ Max % of account underwater (balance)  │ 3.39%                                     │
│ Absolute drawdown (wallet balance)     │ 69.549 USDT (3.39%)                       │
│ Drawdown duration                      │ 33 days 00:00:00                          │
│ Profit at drawdown start               │ 49.119 USDT                               │
│ Profit at drawdown end                 │ -20.43 USDT                               │
│ Drawdown start                         │ 2025-05-11 00:00:00                       │
│ Drawdown end                           │ 2025-06-13 00:00:00                       │
│ Sharpe (daily wallet balance)          │ -0.52                                     │
│ Sortino (daily wallet balance)         │ -0.51                                     │
│ Calmar (daily wallet balance)          │ -3.18                                     │
└────────────────────────────────────────┴───────────────────────────────────────────┘

Backtested 2024-12-30 00:00:00 -> 2025-06-30 00:00:00 | Max open trades : 5
                                                             STRATEGY SUMMARY                                                              
┏━━━━━━━━━━━━━━━━┳━━━━━━━━┳━━━━━━━━━━━━━━┳━━━━━━━━━━━━━━━━━┳━━━━━━━━━━━━━━┳━━━━━━━━━━━━━━━━━┳━━━━━━━━━━━━━━━━━━━━━━━━┳━━━━━━━━━━━━━━━━━━━━┓
┃       Strategy ┃ Trades ┃ Avg Profit % ┃ Tot Profit USDT ┃ Tot Profit % ┃    Avg Duration ┃  Win  Draw  Loss  Win% ┃           Drawdown ┃
┡━━━━━━━━━━━━━━━━╇━━━━━━━━╇━━━━━━━━━━━━━━╇━━━━━━━━━━━━━━━━━╇━━━━━━━━━━━━━━╇━━━━━━━━━━━━━━━━━╇━━━━━━━━━━━━━━━━━━━━━━━━╇━━━━━━━━━━━━━━━━━━━━┩
│ TrendVolTarget │     29 │        -0.98 │         -20.430 │        -1.02 │ 3 days, 9:31:00 │    9     0    20  31.0 │ 40.766 USDT  2.02% │
└────────────────┴────────┴──────────────┴─────────────────┴──────────────┴─────────────────┴────────────────────────┴────────────────────┘
