2026-09-28 20:10:06,882 - freqtrade - INFO - freqtrade 2026.8
2026-09-28 20:10:07,049 - numexpr.utils - INFO - NumExpr defaulting to 12 threads.
2026-09-28 20:10:08,164 - freqtrade.configuration.load_config - INFO - Using config: user_data/config.json ...
2026-09-28 20:10:08,166 - freqtrade.loggers - INFO - Enabling colorized output.
2026-09-28 20:10:08,166 - freqtrade.loggers - INFO - Logfile configured
2026-09-28 20:10:08,166 - freqtrade.loggers - INFO - Verbosity set to 0
2026-09-28 20:10:08,166 - freqtrade.configuration.configuration - INFO - Parameter -i/--timeframe detected ... Using timeframe: 4h ...
2026-09-28 20:10:08,166 - freqtrade.configuration.configuration - INFO - Using max_open_trades: 5 ...
2026-09-28 20:10:08,166 - freqtrade.configuration.configuration - INFO - Parameter --fee detected, setting fee to: 0.001 ...
2026-09-28 20:10:08,167 - freqtrade.configuration.configuration - INFO - Parameter --timerange detected: 20230702-20231231 ...
2026-09-28 20:10:08,177 - freqtrade.configuration.configuration - INFO - Using user-data directory: /freqtrade/user_data ...
2026-09-28 20:10:08,177 - freqtrade.configuration.configuration - INFO - Using data directory: /freqtrade/user_data/data/binance ...
2026-09-28 20:10:08,177 - freqtrade.configuration.configuration - INFO - Parameter --export detected: trades ...
2026-09-28 20:10:08,177 - freqtrade.configuration.configuration - INFO - Parameter --cache=none detected ...
2026-09-28 20:10:08,177 - freqtrade.configuration.configuration - INFO - Filter trades by timerange: 20230702-20231231
2026-09-28 20:10:08,178 - freqtrade.exchange.check_exchange - INFO - Checking exchange...
2026-09-28 20:10:08,183 - freqtrade.exchange.check_exchange - INFO - Exchange "binance" is officially supported by the Freqtrade development team.
2026-09-28 20:10:08,183 - freqtrade.configuration.configuration - INFO - Using pairlist from configuration.
2026-09-28 20:10:08,184 - freqtrade.configuration.config_validation - INFO - Validating configuration ...
2026-09-28 20:10:08,185 - freqtrade.commands.optimize_commands - INFO - Starting freqtrade in Backtesting mode
2026-09-28 20:10:08,185 - freqtrade.exchange.exchange - INFO - Instance is running with dry_run enabled
2026-09-28 20:10:08,185 - freqtrade.exchange.exchange - INFO - Using CCXT 4.5.76
2026-09-28 20:10:08,185 - freqtrade.exchange.exchange - INFO - Applying additional ccxt config: {'enableRateLimit': True}
2026-09-28 20:10:08,189 - freqtrade.exchange.exchange - INFO - Applying additional ccxt config: {'enableRateLimit': True}
2026-09-28 20:10:08,194 - freqtrade.exchange.exchange - INFO - Using Exchange "Binance"
2026-09-28 20:10:10,078 - freqtrade.resolvers.exchange_resolver - INFO - Using resolved exchange class 'Binance' ...
2026-09-28 20:10:10,088 - freqtrade.resolvers.iresolver - INFO - Using resolved strategy TrendVolTarget from '/freqtrade/user_data/strategies/TrendVolTarget.py'...
2026-09-28 20:10:10,088 - freqtrade.strategy.hyper - INFO - Found no parameter file.
2026-09-28 20:10:10,088 - freqtrade.resolvers.strategy_resolver - INFO - Override strategy 'timeframe' with value from the configuration: 4h.
2026-09-28 20:10:10,089 - freqtrade.resolvers.strategy_resolver - INFO - Override strategy 'stoploss' with value from the configuration: -0.1.
2026-09-28 20:10:10,089 - freqtrade.resolvers.strategy_resolver - INFO - Override strategy 'stake_currency' with value from the configuration: USDT.
2026-09-28 20:10:10,089 - freqtrade.resolvers.strategy_resolver - INFO - Override strategy 'stake_amount' with value from the configuration: 100.
2026-09-28 20:10:10,089 - freqtrade.resolvers.strategy_resolver - INFO - Override strategy 'unfilledtimeout' with value from the configuration: {'entry': 10, 'exit': 30, 'exit_timeout_count': 0, 
'unit': 'minutes'}.
2026-09-28 20:10:10,089 - freqtrade.resolvers.strategy_resolver - INFO - Override strategy 'use_exit_signal' with value from the configuration: True.
2026-09-28 20:10:10,090 - freqtrade.resolvers.strategy_resolver - INFO - Override strategy 'exit_profit_only' with value from the configuration: False.
2026-09-28 20:10:10,090 - freqtrade.resolvers.strategy_resolver - INFO - Override strategy 'ignore_roi_if_entry_signal' with value from the configuration: False.
2026-09-28 20:10:10,090 - freqtrade.resolvers.strategy_resolver - INFO - Override strategy 'max_open_trades' with value from the configuration: 5.
2026-09-28 20:10:10,090 - freqtrade.resolvers.strategy_resolver - INFO - Strategy using minimal_roi: {'0': 100}
2026-09-28 20:10:10,090 - freqtrade.resolvers.strategy_resolver - INFO - Strategy using timeframe: 4h
2026-09-28 20:10:10,091 - freqtrade.resolvers.strategy_resolver - INFO - Strategy using stoploss: -0.1
2026-09-28 20:10:10,091 - freqtrade.resolvers.strategy_resolver - INFO - Strategy using trailing_stop: False
2026-09-28 20:10:10,091 - freqtrade.resolvers.strategy_resolver - INFO - Strategy using trailing_stop_positive_offset: 0.0
2026-09-28 20:10:10,091 - freqtrade.resolvers.strategy_resolver - INFO - Strategy using trailing_only_offset_is_reached: False
2026-09-28 20:10:10,091 - freqtrade.resolvers.strategy_resolver - INFO - Strategy using use_custom_stoploss: True
2026-09-28 20:10:10,092 - freqtrade.resolvers.strategy_resolver - INFO - Strategy using process_only_new_candles: True
2026-09-28 20:10:10,092 - freqtrade.resolvers.strategy_resolver - INFO - Strategy using order_types: {'entry': 'limit', 'exit': 'limit', 'stoploss': 'limit', 'stoploss_on_exchange': False, 
'stoploss_on_exchange_interval': 60}
2026-09-28 20:10:10,092 - freqtrade.resolvers.strategy_resolver - INFO - Strategy using order_time_in_force: {'entry': 'GTC', 'exit': 'GTC'}
2026-09-28 20:10:10,092 - freqtrade.resolvers.strategy_resolver - INFO - Strategy using stake_currency: USDT
2026-09-28 20:10:10,092 - freqtrade.resolvers.strategy_resolver - INFO - Strategy using stake_amount: 100
2026-09-28 20:10:10,092 - freqtrade.resolvers.strategy_resolver - INFO - Strategy using startup_candle_count: 300
2026-09-28 20:10:10,092 - freqtrade.resolvers.strategy_resolver - INFO - Strategy using unfilledtimeout: {'entry': 10, 'exit': 30, 'exit_timeout_count': 0, 'unit': 'minutes'}
2026-09-28 20:10:10,092 - freqtrade.resolvers.strategy_resolver - INFO - Strategy using use_exit_signal: True
2026-09-28 20:10:10,092 - freqtrade.resolvers.strategy_resolver - INFO - Strategy using exit_profit_only: False
2026-09-28 20:10:10,093 - freqtrade.resolvers.strategy_resolver - INFO - Strategy using ignore_roi_if_entry_signal: False
2026-09-28 20:10:10,093 - freqtrade.resolvers.strategy_resolver - INFO - Strategy using exit_profit_offset: 0.0
2026-09-28 20:10:10,093 - freqtrade.resolvers.strategy_resolver - INFO - Strategy using disable_dataframe_checks: False
2026-09-28 20:10:10,093 - freqtrade.resolvers.strategy_resolver - INFO - Strategy using ignore_buying_expired_candle_after: 0
2026-09-28 20:10:10,093 - freqtrade.resolvers.strategy_resolver - INFO - Strategy using position_adjustment_enable: False
2026-09-28 20:10:10,093 - freqtrade.resolvers.strategy_resolver - INFO - Strategy using max_entry_position_adjustment: -1
2026-09-28 20:10:10,094 - freqtrade.resolvers.strategy_resolver - INFO - Strategy using max_open_trades: 5
2026-09-28 20:10:10,094 - freqtrade.configuration.config_validation - INFO - Validating configuration ...
2026-09-28 20:10:10,096 - freqtrade.resolvers.iresolver - INFO - Using resolved pairlist StaticPairList from '/freqtrade/freqtrade/plugins/pairlist/StaticPairList.py'...
2026-09-28 20:10:10,106 - freqtrade.optimize.backtesting - INFO - Using fee 0.1000% from config.
2026-09-28 20:10:10,245 - freqtrade.optimize.backtesting - INFO - Loading data from 2023-05-13 00:00:00 up to 2023-12-31 00:00:00 (232 days).
2026-09-28 20:10:10,397 - freqtrade.optimize.backtesting - INFO - Dataload complete. Calculating indicators
2026-09-28 20:10:10,398 - freqtrade.optimize.backtesting - INFO - Running backtesting for Strategy TrendVolTarget
2026-09-28 20:10:10,398 - freqtrade.strategy.hyper - INFO - No params for sell found, using default values.
2026-09-28 20:10:10,398 - freqtrade.strategy.hyper - INFO - Strategy Parameter(default): atr_stop = 3.5
2026-09-28 20:10:10,399 - freqtrade.strategy.hyper - INFO - No params for buy found, using default values.
2026-09-28 20:10:10,399 - freqtrade.strategy.hyper - INFO - Strategy Parameter(default): entry_len = 120
2026-09-28 20:10:10,399 - freqtrade.strategy.hyper - INFO - Strategy Parameter(default): vol_floor = 0.012
2026-09-28 20:10:10,435 - freqtrade.optimize.backtesting - INFO - Backtesting with data from 2023-07-02 00:00:00 up to 2023-12-31 00:00:00 (182 days).
backtest ━━━━━━━━━━━━━━━━━━━━━━━━━━━━━━━━━━━━━━━━━━━━━━━━━━━━━━━━━━━━━━━━━━━━━━━━━━━━━━━━━━━━━━━━━━━━━━━━━━━━━━━━━━━━━━━━━━━━━━━━━━━━━━━━━━━━━━━━━━━━━━━━━━━━━━━━━━━━ 4/4       100% • 0:00:00 • 0:00:00
backtest ━━━━━━━━━━━━━━━━━━━━━━━━━━━━━━━━━━━━━━━━━━━━━━━━━━━━━━━━━━━━━━━━━━━━━━━━━━━━━━━━━━━━━━━━━━━━━━━━━━━━━━━━━━━━━━━━━━━━━━━━━━━━━━━━━━━━━━━━━━━━━━━━━━━━━━━━━━━━ 1092/1092 100% • 0:00:00 • 0:00:00
2026-09-28 20:10:11,276 - freqtrade.misc - INFO - dumping json to "/freqtrade/user_data/backtest_results/backtest-result-2026-09-28_23-10-11.meta.json"
Result for strategy TrendVolTarget
                                                BACKTESTING REPORT                                                
┏━━━━━━━━━━━┳━━━━━━━━┳━━━━━━━━━━━━━━┳━━━━━━━━━━━━━━━━━┳━━━━━━━━━━━━━━┳━━━━━━━━━━━━━━━━━━┳━━━━━━━━━━━━━━━━━━━━━━━━┓
┃      Pair ┃ Trades ┃ Avg Profit % ┃ Tot Profit USDT ┃ Tot Profit % ┃     Avg Duration ┃  Win  Draw  Loss  Win% ┃
┡━━━━━━━━━━━╇━━━━━━━━╇━━━━━━━━━━━━━━╇━━━━━━━━━━━━━━━━━╇━━━━━━━━━━━━━━╇━━━━━━━━━━━━━━━━━━╇━━━━━━━━━━━━━━━━━━━━━━━━┩
│  SOL/USDT │     12 │         6.39 │          93.265 │         4.66 │ 2 days, 18:40:00 │    5     0     7  41.7 │
│  BNB/USDT │      4 │         2.35 │           8.668 │         0.43 │ 2 days, 19:00:00 │    2     0     2  50.0 │
│  BTC/USDT │      5 │         0.43 │           7.411 │         0.37 │  1 day, 16:00:00 │    1     0     4  20.0 │
│  XRP/USDT │      2 │         4.21 │           6.897 │         0.34 │ 4 days, 18:00:00 │    1     0     1  50.0 │
│ NEAR/USDT │      8 │        -0.45 │           4.689 │         0.23 │  3 days, 7:30:00 │    4     0     4  50.0 │
│  ADA/USDT │      8 │        -0.52 │           1.704 │         0.09 │  1 day, 20:30:00 │    3     0     5  37.5 │
│ AVAX/USDT │      8 │        -0.22 │           0.746 │         0.04 │  2 days, 6:30:00 │    2     0     6  25.0 │
│  LTC/USDT │      0 │          0.0 │           0.000 │          0.0 │             0:00 │    0     0     0     0 │
│  ETH/USDT │      6 │        -0.46 │          -3.012 │        -0.15 │  3 days, 5:20:00 │    2     0     4  33.3 │
│  TRX/USDT │      2 │        -4.27 │          -7.966 │         -0.4 │  1 day, 22:00:00 │    0     0     2     0 │
│ HBAR/USDT │      5 │        -2.88 │         -10.649 │        -0.53 │  3 days, 4:48:00 │    1     0     4  20.0 │
│  ZEC/USDT │      2 │        -4.96 │         -11.229 │        -0.56 │  1 day, 18:00:00 │    0     0     2     0 │
│ LINK/USDT │     10 │        -1.88 │         -11.701 │        -0.59 │ 2 days, 17:12:00 │    3     0     7  30.0 │
│  UNI/USDT │      6 │        -3.14 │         -14.930 │        -0.75 │ 3 days, 10:40:00 │    1     0     5  16.7 │
│ ALGO/USDT │      6 │        -4.04 │         -17.957 │         -0.9 │   1 day, 4:40:00 │    0     0     6     0 │
│ DOGE/USDT │      6 │        -3.93 │         -18.916 │        -0.95 │ 2 days, 14:00:00 │    1     0     5  16.7 │
│  XLM/USDT │      3 │        -9.94 │         -20.683 │        -1.03 │  1 day, 13:20:00 │    0     0     3     0 │
│     TOTAL │     93 │        -0.69 │           6.336 │         0.32 │ 2 days, 13:51:00 │   26     0    67  28.0 │
└───────────┴────────┴──────────────┴─────────────────┴──────────────┴──────────────────┴────────────────────────┘
                                             LEFT OPEN TRADES REPORT                                             
┏━━━━━━━━━━┳━━━━━━━━┳━━━━━━━━━━━━━━┳━━━━━━━━━━━━━━━━━┳━━━━━━━━━━━━━━┳━━━━━━━━━━━━━━━━━━┳━━━━━━━━━━━━━━━━━━━━━━━━┓
┃     Pair ┃ Trades ┃ Avg Profit % ┃ Tot Profit USDT ┃ Tot Profit % ┃     Avg Duration ┃  Win  Draw  Loss  Win% ┃
┡━━━━━━━━━━╇━━━━━━━━╇━━━━━━━━━━━━━━╇━━━━━━━━━━━━━━━━━╇━━━━━━━━━━━━━━╇━━━━━━━━━━━━━━━━━━╇━━━━━━━━━━━━━━━━━━━━━━━━┩
│ BNB/USDT │      1 │         9.05 │           8.782 │         0.44 │ 4 days, 12:00:00 │    1     0     0   100 │
│ UNI/USDT │      1 │        -7.13 │          -4.678 │        -0.23 │ 2 days, 16:00:00 │    0     0     1     0 │
│    TOTAL │      2 │         0.96 │           4.104 │         0.21 │ 3 days, 14:00:00 │    1     0     1  50.0 │
└──────────┴────────┴──────────────┴─────────────────┴──────────────┴──────────────────┴────────────────────────┘
                                                  ENTER TAG STATS                                                  
┏━━━━━━━━━━━┳━━━━━━━━━┳━━━━━━━━━━━━━━┳━━━━━━━━━━━━━━━━━┳━━━━━━━━━━━━━━┳━━━━━━━━━━━━━━━━━━┳━━━━━━━━━━━━━━━━━━━━━━━━┓
┃ Enter Tag ┃ Entries ┃ Avg Profit % ┃ Tot Profit USDT ┃ Tot Profit % ┃     Avg Duration ┃  Win  Draw  Loss  Win% ┃
┡━━━━━━━━━━━╇━━━━━━━━━╇━━━━━━━━━━━━━━╇━━━━━━━━━━━━━━━━━╇━━━━━━━━━━━━━━╇━━━━━━━━━━━━━━━━━━╇━━━━━━━━━━━━━━━━━━━━━━━━┩
│     OTHER │      93 │        -0.69 │           6.336 │         0.32 │ 2 days, 13:51:00 │   26     0    67  28.0 │
│     TOTAL │      93 │        -0.69 │           6.336 │         0.32 │ 2 days, 13:51:00 │   26     0    67  28.0 │
└───────────┴─────────┴──────────────┴─────────────────┴──────────────┴──────────────────┴────────────────────────┘
                                                    EXIT REASON STATS                                                     
┏━━━━━━━━━━━━━━━━━━━━┳━━━━━━━┳━━━━━━━━━━━━━━┳━━━━━━━━━━━━━━━━━┳━━━━━━━━━━━━━━┳━━━━━━━━━━━━━━━━━━┳━━━━━━━━━━━━━━━━━━━━━━━━┓
┃        Exit Reason ┃ Exits ┃ Avg Profit % ┃ Tot Profit USDT ┃ Tot Profit % ┃     Avg Duration ┃  Win  Draw  Loss  Win% ┃
┡━━━━━━━━━━━━━━━━━━━━╇━━━━━━━╇━━━━━━━━━━━━━━╇━━━━━━━━━━━━━━━━━╇━━━━━━━━━━━━━━╇━━━━━━━━━━━━━━━━━━╇━━━━━━━━━━━━━━━━━━━━━━━━┩
│ trailing_stop_loss │    90 │        -0.63 │           8.680 │         0.43 │ 2 days, 14:00:00 │   25     0    65  27.8 │
│         force_exit │     2 │         0.96 │           4.104 │         0.21 │ 3 days, 14:00:00 │    1     0     1  50.0 │
│          stop_loss │     1 │        -8.56 │          -6.448 │        -0.32 │          0:00:00 │    0     0     1     0 │
│              TOTAL │    93 │        -0.69 │           6.336 │         0.32 │ 2 days, 13:51:00 │   26     0    67  28.0 │
└────────────────────┴───────┴──────────────┴─────────────────┴──────────────┴──────────────────┴────────────────────────┘
                                                            MIXED TAG STATS                                                            
┏━━━━━━━━━━━┳━━━━━━━━━━━━━━━━━━━━┳━━━━━━━━┳━━━━━━━━━━━━━━┳━━━━━━━━━━━━━━━━━┳━━━━━━━━━━━━━━┳━━━━━━━━━━━━━━━━━━┳━━━━━━━━━━━━━━━━━━━━━━━━┓
┃ Enter Tag ┃        Exit Reason ┃ Trades ┃ Avg Profit % ┃ Tot Profit USDT ┃ Tot Profit % ┃     Avg Duration ┃  Win  Draw  Loss  Win% ┃
┡━━━━━━━━━━━╇━━━━━━━━━━━━━━━━━━━━╇━━━━━━━━╇━━━━━━━━━━━━━━╇━━━━━━━━━━━━━━━━━╇━━━━━━━━━━━━━━╇━━━━━━━━━━━━━━━━━━╇━━━━━━━━━━━━━━━━━━━━━━━━┩
│           │ trailing_stop_loss │     90 │        -0.63 │           8.680 │         0.43 │ 2 days, 14:00:00 │   25     0    65  27.8 │
│           │         force_exit │      2 │         0.96 │           4.104 │         0.21 │ 3 days, 14:00:00 │    1     0     1  50.0 │
│           │          stop_loss │      1 │        -8.56 │          -6.448 │        -0.32 │          0:00:00 │    0     0     1     0 │
│     TOTAL │                    │     93 │        -0.69 │           6.336 │         0.32 │ 2 days, 13:51:00 │   26     0    67  28.0 │
└───────────┴────────────────────┴────────┴──────────────┴─────────────────┴──────────────┴──────────────────┴────────────────────────┘
                                   SUMMARY METRICS                                    
┏━━━━━━━━━━━━━━━━━━━━━━━━━━━━━━━━━━━━━━━━┳━━━━━━━━━━━━━━━━━━━━━━━━━━━━━━━━━━━━━━━━━━━┓
┃ Metric                                 ┃ Value                                     ┃
┡━━━━━━━━━━━━━━━━━━━━━━━━━━━━━━━━━━━━━━━━╇━━━━━━━━━━━━━━━━━━━━━━━━━━━━━━━━━━━━━━━━━━━┩
│ Backtesting from                       │ 2023-07-02 00:00:00                       │
│ Backtesting to                         │ 2023-12-31 00:00:00                       │
│ Trading Mode                           │ Spot                                      │
│ Max open trades                        │ 5                                         │
│                                        │                                           │
│ Total/Daily Avg Trades                 │ 93 / 0.51                                 │
│ Starting balance                       │ 2000 USDT                                 │
│ Final balance                          │ 2006.336 USDT                             │
│ Absolute profit                        │ 6.336 USDT                                │
│ Total profit %                         │ 0.32%                                     │
│ CAGR %                                 │ 0.64%                                     │
│ Sharpe (closed trades)                 │ 0.06                                      │
│ Sortino (closed trades)                │ 0.33                                      │
│ Calmar (closed trades)                 │ 0.96                                      │
│ SQN                                    │ 0.06                                      │
│ Mean profit p-value                    │ 0.9521                                    │
│ Profit factor                          │ 1.02                                      │
│ Expectancy (Ratio)                     │ 0.07 (0.02)                               │
│ Avg. daily profit                      │ 0.035 USDT                                │
│ Avg. stake amount                      │ 88.196 USDT                               │
│ Market change                          │ 81.90%                                    │
│ Total trade volume                     │ 16443.644 USDT                            │
│                                        │                                           │
│ Best Pair                              │ SOL/USDT 4.66%                            │
│ Worst Pair                             │ XLM/USDT -1.03%                           │
│ Best trade                             │ SOL/USDT 68.37%                           │
│ Worst trade                            │ XLM/USDT -18.08%                          │
│ Best day                               │ 94.935 USDT                               │
│ Worst day                              │ -15.056 USDT                              │
│ Days win/draw/lose                     │ 15 / 133 / 32                             │
│ Min/Max/Avg. Duration Winners          │ 0d 04:00 / 12d 20:00 / 3d 23:14           │
│ Min/Max/Avg. Duration Losers           │ 0d 00:00 / 8d 20:00 / 2d 00:54            │
│ Max Consecutive Wins / Loss            │ 5 / 13                                    │
│ Rejected Entry signals                 │ 79                                        │
│ Entry/Exit Timeouts                    │ 0 / 0                                     │
│                                        │                                           │
│ Min/Max balance (closed trades)        │ 1940.897 USDT / 2046.936 USDT             │
│ Max % of account underwater            │ 3.47%                                     │
│ Absolute drawdown                      │ 71.039 USDT (3.47%)                       │
│ Drawdown duration                      │ 24 days 20:00:00                          │
│ Profit at drawdown start               │ 46.936 USDT                               │
│ Profit at drawdown end                 │ -24.103 USDT                              │
│ Drawdown start                         │ 2023-11-09 12:00:00                       │
│ Drawdown end                           │ 2023-12-04 08:00:00                       │
│                                        │                                           │
│ Wallet based Metrics                   │                                           │
│ Min/Max balance (wallet balance)       │ 1939.725 USDT / 2066.4 USDT               │
│ Min/Max balance dates (wallet balance) │ 2023-10-20 00:00:00 / 2023-11-06 20:00:00 │
│ Max % of account underwater (balance)  │ 4.41%                                     │
│ Absolute drawdown (wallet balance)     │ 91.025 USDT (4.41%)                       │
│ Drawdown duration                      │ 28 days 16:00:00                          │
│ Profit at drawdown start               │ 66.4 USDT                                 │
│ Profit at drawdown end                 │ -24.626 USDT                              │
│ Drawdown start                         │ 2023-11-06 20:00:00                       │
│ Drawdown end                           │ 2023-12-05 12:00:00                       │
│ Sharpe (daily wallet balance)          │ 0.15                                      │
│ Sortino (daily wallet balance)         │ 0.19                                      │
│ Calmar (daily wallet balance)          │ 0.80                                      │
└────────────────────────────────────────┴───────────────────────────────────────────┘

Backtested 2023-07-02 00:00:00 -> 2023-12-31 00:00:00 | Max open trades : 5
                                                              STRATEGY SUMMARY                                                              
┏━━━━━━━━━━━━━━━━┳━━━━━━━━┳━━━━━━━━━━━━━━┳━━━━━━━━━━━━━━━━━┳━━━━━━━━━━━━━━┳━━━━━━━━━━━━━━━━━━┳━━━━━━━━━━━━━━━━━━━━━━━━┳━━━━━━━━━━━━━━━━━━━━┓
┃       Strategy ┃ Trades ┃ Avg Profit % ┃ Tot Profit USDT ┃ Tot Profit % ┃     Avg Duration ┃  Win  Draw  Loss  Win% ┃           Drawdown ┃
┡━━━━━━━━━━━━━━━━╇━━━━━━━━╇━━━━━━━━━━━━━━╇━━━━━━━━━━━━━━━━━╇━━━━━━━━━━━━━━╇━━━━━━━━━━━━━━━━━━╇━━━━━━━━━━━━━━━━━━━━━━━━╇━━━━━━━━━━━━━━━━━━━━┩
│ TrendVolTarget │     93 │        -0.69 │           6.336 │         0.32 │ 2 days, 13:51:00 │   26     0    67  28.0 │ 71.039 USDT  3.47% │
└────────────────┴────────┴──────────────┴─────────────────┴──────────────┴──────────────────┴────────────────────────┴────────────────────┘
