2026-09-28 20:11:16,674 - freqtrade - INFO - freqtrade 2026.8
2026-09-28 20:11:16,839 - numexpr.utils - INFO - NumExpr defaulting to 12 threads.
2026-09-28 20:11:17,943 - freqtrade.configuration.load_config - INFO - Using config: user_data/config.json ...
2026-09-28 20:11:17,945 - freqtrade.loggers - INFO - Enabling colorized output.
2026-09-28 20:11:17,945 - freqtrade.loggers - INFO - Logfile configured
2026-09-28 20:11:17,945 - freqtrade.loggers - INFO - Verbosity set to 0
2026-09-28 20:11:17,945 - freqtrade.configuration.configuration - INFO - Parameter -i/--timeframe detected ... Using timeframe: 4h ...
2026-09-28 20:11:17,946 - freqtrade.configuration.configuration - INFO - Using max_open_trades: 5 ...
2026-09-28 20:11:17,946 - freqtrade.configuration.configuration - INFO - Parameter --fee detected, setting fee to: 0.001 ...
2026-09-28 20:11:17,946 - freqtrade.configuration.configuration - INFO - Parameter --timerange detected: 20231231-20240630 ...
2026-09-28 20:11:17,956 - freqtrade.configuration.configuration - INFO - Using user-data directory: /freqtrade/user_data ...
2026-09-28 20:11:17,956 - freqtrade.configuration.configuration - INFO - Using data directory: /freqtrade/user_data/data/binance ...
2026-09-28 20:11:17,957 - freqtrade.configuration.configuration - INFO - Parameter --export detected: trades ...
2026-09-28 20:11:17,957 - freqtrade.configuration.configuration - INFO - Parameter --cache=none detected ...
2026-09-28 20:11:17,957 - freqtrade.configuration.configuration - INFO - Filter trades by timerange: 20231231-20240630
2026-09-28 20:11:17,958 - freqtrade.exchange.check_exchange - INFO - Checking exchange...
2026-09-28 20:11:17,963 - freqtrade.exchange.check_exchange - INFO - Exchange "binance" is officially supported by the Freqtrade development team.
2026-09-28 20:11:17,963 - freqtrade.configuration.configuration - INFO - Using pairlist from configuration.
2026-09-28 20:11:17,963 - freqtrade.configuration.config_validation - INFO - Validating configuration ...
2026-09-28 20:11:17,964 - freqtrade.commands.optimize_commands - INFO - Starting freqtrade in Backtesting mode
2026-09-28 20:11:17,965 - freqtrade.exchange.exchange - INFO - Instance is running with dry_run enabled
2026-09-28 20:11:17,965 - freqtrade.exchange.exchange - INFO - Using CCXT 4.5.76
2026-09-28 20:11:17,965 - freqtrade.exchange.exchange - INFO - Applying additional ccxt config: {'enableRateLimit': True}
2026-09-28 20:11:17,969 - freqtrade.exchange.exchange - INFO - Applying additional ccxt config: {'enableRateLimit': True}
2026-09-28 20:11:17,973 - freqtrade.exchange.exchange - INFO - Using Exchange "Binance"
2026-09-28 20:11:19,757 - freqtrade.resolvers.exchange_resolver - INFO - Using resolved exchange class 'Binance' ...
2026-09-28 20:11:19,766 - freqtrade.resolvers.iresolver - INFO - Using resolved strategy TrendVolTarget from '/freqtrade/user_data/strategies/TrendVolTarget.py'...
2026-09-28 20:11:19,766 - freqtrade.strategy.hyper - INFO - Found no parameter file.
2026-09-28 20:11:19,767 - freqtrade.resolvers.strategy_resolver - INFO - Override strategy 'timeframe' with value from the configuration: 4h.
2026-09-28 20:11:19,767 - freqtrade.resolvers.strategy_resolver - INFO - Override strategy 'stoploss' with value from the configuration: -0.1.
2026-09-28 20:11:19,767 - freqtrade.resolvers.strategy_resolver - INFO - Override strategy 'stake_currency' with value from the configuration: USDT.
2026-09-28 20:11:19,767 - freqtrade.resolvers.strategy_resolver - INFO - Override strategy 'stake_amount' with value from the configuration: 100.
2026-09-28 20:11:19,767 - freqtrade.resolvers.strategy_resolver - INFO - Override strategy 'unfilledtimeout' with value from the configuration: {'entry': 10, 'exit': 30, 'exit_timeout_count': 0, 
'unit': 'minutes'}.
2026-09-28 20:11:19,768 - freqtrade.resolvers.strategy_resolver - INFO - Override strategy 'use_exit_signal' with value from the configuration: True.
2026-09-28 20:11:19,768 - freqtrade.resolvers.strategy_resolver - INFO - Override strategy 'exit_profit_only' with value from the configuration: False.
2026-09-28 20:11:19,768 - freqtrade.resolvers.strategy_resolver - INFO - Override strategy 'ignore_roi_if_entry_signal' with value from the configuration: False.
2026-09-28 20:11:19,768 - freqtrade.resolvers.strategy_resolver - INFO - Override strategy 'max_open_trades' with value from the configuration: 5.
2026-09-28 20:11:19,768 - freqtrade.resolvers.strategy_resolver - INFO - Strategy using minimal_roi: {'0': 100}
2026-09-28 20:11:19,769 - freqtrade.resolvers.strategy_resolver - INFO - Strategy using timeframe: 4h
2026-09-28 20:11:19,769 - freqtrade.resolvers.strategy_resolver - INFO - Strategy using stoploss: -0.1
2026-09-28 20:11:19,769 - freqtrade.resolvers.strategy_resolver - INFO - Strategy using trailing_stop: False
2026-09-28 20:11:19,769 - freqtrade.resolvers.strategy_resolver - INFO - Strategy using trailing_stop_positive_offset: 0.0
2026-09-28 20:11:19,769 - freqtrade.resolvers.strategy_resolver - INFO - Strategy using trailing_only_offset_is_reached: False
2026-09-28 20:11:19,769 - freqtrade.resolvers.strategy_resolver - INFO - Strategy using use_custom_stoploss: True
2026-09-28 20:11:19,770 - freqtrade.resolvers.strategy_resolver - INFO - Strategy using process_only_new_candles: True
2026-09-28 20:11:19,770 - freqtrade.resolvers.strategy_resolver - INFO - Strategy using order_types: {'entry': 'limit', 'exit': 'limit', 'stoploss': 'limit', 'stoploss_on_exchange': False, 
'stoploss_on_exchange_interval': 60}
2026-09-28 20:11:19,770 - freqtrade.resolvers.strategy_resolver - INFO - Strategy using order_time_in_force: {'entry': 'GTC', 'exit': 'GTC'}
2026-09-28 20:11:19,770 - freqtrade.resolvers.strategy_resolver - INFO - Strategy using stake_currency: USDT
2026-09-28 20:11:19,770 - freqtrade.resolvers.strategy_resolver - INFO - Strategy using stake_amount: 100
2026-09-28 20:11:19,771 - freqtrade.resolvers.strategy_resolver - INFO - Strategy using startup_candle_count: 300
2026-09-28 20:11:19,771 - freqtrade.resolvers.strategy_resolver - INFO - Strategy using unfilledtimeout: {'entry': 10, 'exit': 30, 'exit_timeout_count': 0, 'unit': 'minutes'}
2026-09-28 20:11:19,771 - freqtrade.resolvers.strategy_resolver - INFO - Strategy using use_exit_signal: True
2026-09-28 20:11:19,771 - freqtrade.resolvers.strategy_resolver - INFO - Strategy using exit_profit_only: False
2026-09-28 20:11:19,771 - freqtrade.resolvers.strategy_resolver - INFO - Strategy using ignore_roi_if_entry_signal: False
2026-09-28 20:11:19,771 - freqtrade.resolvers.strategy_resolver - INFO - Strategy using exit_profit_offset: 0.0
2026-09-28 20:11:19,772 - freqtrade.resolvers.strategy_resolver - INFO - Strategy using disable_dataframe_checks: False
2026-09-28 20:11:19,772 - freqtrade.resolvers.strategy_resolver - INFO - Strategy using ignore_buying_expired_candle_after: 0
2026-09-28 20:11:19,772 - freqtrade.resolvers.strategy_resolver - INFO - Strategy using position_adjustment_enable: False
2026-09-28 20:11:19,772 - freqtrade.resolvers.strategy_resolver - INFO - Strategy using max_entry_position_adjustment: -1
2026-09-28 20:11:19,772 - freqtrade.resolvers.strategy_resolver - INFO - Strategy using max_open_trades: 5
2026-09-28 20:11:19,772 - freqtrade.configuration.config_validation - INFO - Validating configuration ...
2026-09-28 20:11:19,776 - freqtrade.resolvers.iresolver - INFO - Using resolved pairlist StaticPairList from '/freqtrade/freqtrade/plugins/pairlist/StaticPairList.py'...
2026-09-28 20:11:19,787 - freqtrade.optimize.backtesting - INFO - Using fee 0.1000% from config.
2026-09-28 20:11:19,930 - freqtrade.optimize.backtesting - INFO - Loading data from 2023-11-11 00:00:00 up to 2024-06-30 00:00:00 (232 days).
2026-09-28 20:11:20,082 - freqtrade.optimize.backtesting - INFO - Dataload complete. Calculating indicators
2026-09-28 20:11:20,083 - freqtrade.optimize.backtesting - INFO - Running backtesting for Strategy TrendVolTarget
2026-09-28 20:11:20,083 - freqtrade.strategy.hyper - INFO - No params for sell found, using default values.
2026-09-28 20:11:20,084 - freqtrade.strategy.hyper - INFO - Strategy Parameter(default): atr_stop = 3.5
2026-09-28 20:11:20,084 - freqtrade.strategy.hyper - INFO - No params for buy found, using default values.
2026-09-28 20:11:20,084 - freqtrade.strategy.hyper - INFO - Strategy Parameter(default): entry_len = 120
2026-09-28 20:11:20,084 - freqtrade.strategy.hyper - INFO - Strategy Parameter(default): vol_floor = 0.012
2026-09-28 20:11:20,119 - freqtrade.optimize.backtesting - INFO - Backtesting with data from 2023-12-31 00:00:00 up to 2024-06-30 00:00:00 (182 days).
backtest ━━━━━━━━━━━━━━━━━━━━━━━━━━━━━━━━━━━━━━━━━━━━━━━━━━━━━━━━━━━━━━━━━━━━━━━━━━━━━━━━━━━━━━━━━━━━━━━━━━━━━━━━━━━━━━━━━━━━━━━━━━━━━━━━━━━━━━━━━━━━━━━━━━━━━━━━━━━━ 4/4       100% • 0:00:00 • 0:00:00
backtest ━━━━━━━━━━━━━━━━━━━━━━━━━━━━━━━━━━━━━━━━━━━━━━━━━━━━━━━━━━━━━━━━━━━━━━━━━━━━━━━━━━━━━━━━━━━━━━━━━━━━━━━━━━━━━━━━━━━━━━━━━━━━━━━━━━━━━━━━━━━━━━━━━━━━━━━━━━━━ 1092/1092 100% • 0:00:00 • 0:00:00
2026-09-28 20:11:20,855 - freqtrade.misc - INFO - dumping json to "/freqtrade/user_data/backtest_results/backtest-result-2026-09-28_23-11-20.meta.json"
Result for strategy TrendVolTarget
                                                BACKTESTING REPORT                                                
┏━━━━━━━━━━━┳━━━━━━━━┳━━━━━━━━━━━━━━┳━━━━━━━━━━━━━━━━━┳━━━━━━━━━━━━━━┳━━━━━━━━━━━━━━━━━━┳━━━━━━━━━━━━━━━━━━━━━━━━┓
┃      Pair ┃ Trades ┃ Avg Profit % ┃ Tot Profit USDT ┃ Tot Profit % ┃     Avg Duration ┃  Win  Draw  Loss  Win% ┃
┡━━━━━━━━━━━╇━━━━━━━━╇━━━━━━━━━━━━━━╇━━━━━━━━━━━━━━━━━╇━━━━━━━━━━━━━━╇━━━━━━━━━━━━━━━━━━╇━━━━━━━━━━━━━━━━━━━━━━━━┩
│  BNB/USDT │      5 │         6.54 │          29.174 │         1.46 │ 3 days, 23:12:00 │    3     0     2  60.0 │
│  ETH/USDT │      8 │         -0.5 │          15.885 │         0.79 │ 3 days, 15:00:00 │    1     0     7  12.5 │
│ DOGE/USDT │      3 │         3.57 │           5.506 │         0.28 │  1 day, 12:00:00 │    3     0     0   100 │
│  SOL/USDT │      5 │         0.67 │           1.661 │         0.08 │ 4 days, 10:24:00 │    3     0     2  60.0 │
│ NEAR/USDT │      5 │         0.84 │           0.128 │         0.01 │  3 days, 0:00:00 │    2     0     3  40.0 │
│  LTC/USDT │      3 │        -1.11 │          -0.556 │        -0.03 │  2 days, 1:20:00 │    1     0     2  33.3 │
│  XRP/USDT │      1 │        -1.74 │          -1.755 │        -0.09 │ 4 days, 20:00:00 │    0     0     1     0 │
│  ADA/USDT │      2 │        -0.74 │          -2.052 │         -0.1 │  4 days, 4:00:00 │    1     0     1  50.0 │
│  TRX/USDT │      1 │        -1.73 │          -2.650 │        -0.13 │   1 day, 8:00:00 │    0     0     1     0 │
│ AVAX/USDT │      3 │        -4.98 │          -4.462 │        -0.22 │  4 days, 2:40:00 │    1     0     2  33.3 │
│  XLM/USDT │      2 │        -0.29 │          -4.731 │        -0.24 │         16:00:00 │    1     0     1  50.0 │
│ HBAR/USDT │      2 │        -4.48 │          -5.479 │        -0.27 │  2 days, 4:00:00 │    0     0     2     0 │
│  ZEC/USDT │      3 │         -2.8 │          -6.384 │        -0.32 │  6 days, 2:40:00 │    0     0     3     0 │
│ ALGO/USDT │      4 │        -3.13 │          -7.225 │        -0.36 │  3 days, 0:00:00 │    1     0     3  25.0 │
│  UNI/USDT │      5 │        -3.72 │          -8.963 │        -0.45 │ 2 days, 12:48:00 │    1     0     4  20.0 │
│ LINK/USDT │      4 │         -4.9 │         -14.424 │        -0.72 │ 4 days, 13:00:00 │    1     0     3  25.0 │
│  BTC/USDT │      9 │        -2.49 │         -28.504 │        -1.43 │  1 day, 23:07:00 │    1     0     8  11.1 │
│     TOTAL │     65 │        -1.04 │         -34.832 │        -1.74 │  3 days, 4:48:00 │   20     0    45  30.8 │
└───────────┴────────┴──────────────┴─────────────────┴──────────────┴──────────────────┴────────────────────────┘
                                         LEFT OPEN TRADES REPORT                                          
┏━━━━━━━┳━━━━━━━━┳━━━━━━━━━━━━━━┳━━━━━━━━━━━━━━━━━┳━━━━━━━━━━━━━━┳━━━━━━━━━━━━━━┳━━━━━━━━━━━━━━━━━━━━━━━━┓
┃  Pair ┃ Trades ┃ Avg Profit % ┃ Tot Profit USDT ┃ Tot Profit % ┃ Avg Duration ┃  Win  Draw  Loss  Win% ┃
┡━━━━━━━╇━━━━━━━━╇━━━━━━━━━━━━━━╇━━━━━━━━━━━━━━━━━╇━━━━━━━━━━━━━━╇━━━━━━━━━━━━━━╇━━━━━━━━━━━━━━━━━━━━━━━━┩
│ TOTAL │      0 │          0.0 │           0.000 │          0.0 │         0:00 │    0     0     0     0 │
└───────┴────────┴──────────────┴─────────────────┴──────────────┴──────────────┴────────────────────────┘
                                                 ENTER TAG STATS                                                  
┏━━━━━━━━━━━┳━━━━━━━━━┳━━━━━━━━━━━━━━┳━━━━━━━━━━━━━━━━━┳━━━━━━━━━━━━━━┳━━━━━━━━━━━━━━━━━┳━━━━━━━━━━━━━━━━━━━━━━━━┓
┃ Enter Tag ┃ Entries ┃ Avg Profit % ┃ Tot Profit USDT ┃ Tot Profit % ┃    Avg Duration ┃  Win  Draw  Loss  Win% ┃
┡━━━━━━━━━━━╇━━━━━━━━━╇━━━━━━━━━━━━━━╇━━━━━━━━━━━━━━━━━╇━━━━━━━━━━━━━━╇━━━━━━━━━━━━━━━━━╇━━━━━━━━━━━━━━━━━━━━━━━━┩
│     OTHER │      65 │        -1.04 │         -34.832 │        -1.74 │ 3 days, 4:48:00 │   20     0    45  30.8 │
│     TOTAL │      65 │        -1.04 │         -34.832 │        -1.74 │ 3 days, 4:48:00 │   20     0    45  30.8 │
└───────────┴─────────┴──────────────┴─────────────────┴──────────────┴─────────────────┴────────────────────────┘
                                                    EXIT REASON STATS                                                    
┏━━━━━━━━━━━━━━━━━━━━┳━━━━━━━┳━━━━━━━━━━━━━━┳━━━━━━━━━━━━━━━━━┳━━━━━━━━━━━━━━┳━━━━━━━━━━━━━━━━━┳━━━━━━━━━━━━━━━━━━━━━━━━┓
┃        Exit Reason ┃ Exits ┃ Avg Profit % ┃ Tot Profit USDT ┃ Tot Profit % ┃    Avg Duration ┃  Win  Draw  Loss  Win% ┃
┡━━━━━━━━━━━━━━━━━━━━╇━━━━━━━╇━━━━━━━━━━━━━━╇━━━━━━━━━━━━━━━━━╇━━━━━━━━━━━━━━╇━━━━━━━━━━━━━━━━━╇━━━━━━━━━━━━━━━━━━━━━━━━┩
│ trailing_stop_loss │    65 │        -1.04 │         -34.832 │        -1.74 │ 3 days, 4:48:00 │   20     0    45  30.8 │
│              TOTAL │    65 │        -1.04 │         -34.832 │        -1.74 │ 3 days, 4:48:00 │   20     0    45  30.8 │
└────────────────────┴───────┴──────────────┴─────────────────┴──────────────┴─────────────────┴────────────────────────┘
                                                           MIXED TAG STATS                                                            
┏━━━━━━━━━━━┳━━━━━━━━━━━━━━━━━━━━┳━━━━━━━━┳━━━━━━━━━━━━━━┳━━━━━━━━━━━━━━━━━┳━━━━━━━━━━━━━━┳━━━━━━━━━━━━━━━━━┳━━━━━━━━━━━━━━━━━━━━━━━━┓
┃ Enter Tag ┃        Exit Reason ┃ Trades ┃ Avg Profit % ┃ Tot Profit USDT ┃ Tot Profit % ┃    Avg Duration ┃  Win  Draw  Loss  Win% ┃
┡━━━━━━━━━━━╇━━━━━━━━━━━━━━━━━━━━╇━━━━━━━━╇━━━━━━━━━━━━━━╇━━━━━━━━━━━━━━━━━╇━━━━━━━━━━━━━━╇━━━━━━━━━━━━━━━━━╇━━━━━━━━━━━━━━━━━━━━━━━━┩
│           │ trailing_stop_loss │     65 │        -1.04 │         -34.832 │        -1.74 │ 3 days, 4:48:00 │   20     0    45  30.8 │
│     TOTAL │                    │     65 │        -1.04 │         -34.832 │        -1.74 │ 3 days, 4:48:00 │   20     0    45  30.8 │
└───────────┴────────────────────┴────────┴──────────────┴─────────────────┴──────────────┴─────────────────┴────────────────────────┘
                                   SUMMARY METRICS                                    
┏━━━━━━━━━━━━━━━━━━━━━━━━━━━━━━━━━━━━━━━━┳━━━━━━━━━━━━━━━━━━━━━━━━━━━━━━━━━━━━━━━━━━━┓
┃ Metric                                 ┃ Value                                     ┃
┡━━━━━━━━━━━━━━━━━━━━━━━━━━━━━━━━━━━━━━━━╇━━━━━━━━━━━━━━━━━━━━━━━━━━━━━━━━━━━━━━━━━━━┩
│ Backtesting from                       │ 2023-12-31 00:00:00                       │
│ Backtesting to                         │ 2024-06-30 00:00:00                       │
│ Trading Mode                           │ Spot                                      │
│ Max open trades                        │ 5                                         │
│                                        │                                           │
│ Total/Daily Avg Trades                 │ 65 / 0.36                                 │
│ Starting balance                       │ 2000 USDT                                 │
│ Final balance                          │ 1965.168 USDT                             │
│ Absolute profit                        │ -34.832 USDT                              │
│ Total profit %                         │ -1.74%                                    │
│ CAGR %                                 │ -3.46%                                    │
│ Sharpe (closed trades)                 │ -0.51                                     │
│ Sortino (closed trades)                │ -1.86                                     │
│ Calmar (closed trades)                 │ -6.23                                     │
│ SQN                                    │ -0.60                                     │
│ Mean profit p-value                    │ 0.5485                                    │
│ Profit factor                          │ 0.78                                      │
│ Expectancy (Ratio)                     │ -0.54 (-0.15)                             │
│ Avg. daily profit                      │ -0.191 USDT                               │
│ Avg. stake amount                      │ 87.842 USDT                               │
│ Market change                          │ 6.47%                                     │
│ Total trade volume                     │ 11407.46 USDT                             │
│                                        │                                           │
│ Best Pair                              │ BNB/USDT 1.46%                            │
│ Worst Pair                             │ BTC/USDT -1.43%                           │
│ Best trade                             │ BNB/USDT 30.36%                           │
│ Worst trade                            │ AVAX/USDT -14.45%                         │
│ Best day                               │ 40.904 USDT                               │
│ Worst day                              │ -21.991 USDT                              │
│ Days win/draw/lose                     │ 12 / 131 / 24                             │
│ Min/Max/Avg. Duration Winners          │ 1d 00:00 / 16d 00:00 / 5d 00:48           │
│ Min/Max/Avg. Duration Losers           │ 0d 00:00 / 9d 00:00 / 2d 09:15            │
│ Max Consecutive Wins / Loss            │ 7 / 9                                     │
│ Rejected Entry signals                 │ 66                                        │
│ Entry/Exit Timeouts                    │ 0 / 0                                     │
│                                        │                                           │
│ Min/Max balance (closed trades)        │ 1941.326 USDT / 2010.115 USDT             │
│ Max % of account underwater            │ 2.93%                                     │
│ Absolute drawdown                      │ 58.674 USDT (2.93%)                       │
│ Drawdown duration                      │ 52 days 16:00:00                          │
│ Profit at drawdown start               │ 0 USDT                                    │
│ Profit at drawdown end                 │ -58.674 USDT                              │
│ Drawdown start                         │ 2024-01-03 08:00:00                       │
│ Drawdown end                           │ 2024-02-25 00:00:00                       │
│                                        │                                           │
│ Wallet based Metrics                   │                                           │
│ Min/Max balance (wallet balance)       │ 1957.306 USDT / 2033.937 USDT             │
│ Min/Max balance dates (wallet balance) │ 2024-05-24 08:00:00 / 2024-03-05 04:00:00 │
│ Max % of account underwater (balance)  │ 3.77%                                     │
│ Absolute drawdown (wallet balance)     │ 76.631 USDT (3.77%)                       │
│ Drawdown duration                      │ 80 days 04:00:00                          │
│ Profit at drawdown start               │ 33.937 USDT                               │
│ Profit at drawdown end                 │ -42.694 USDT                              │
│ Drawdown start                         │ 2024-03-05 04:00:00                       │
│ Drawdown end                           │ 2024-05-24 08:00:00                       │
│ Sharpe (daily wallet balance)          │ -0.55                                     │
│ Sortino (daily wallet balance)         │ -0.53                                     │
│ Calmar (daily wallet balance)          │ -4.88                                     │
└────────────────────────────────────────┴───────────────────────────────────────────┘

Backtested 2023-12-31 00:00:00 -> 2024-06-30 00:00:00 | Max open trades : 5
                                                             STRATEGY SUMMARY                                                              
┏━━━━━━━━━━━━━━━━┳━━━━━━━━┳━━━━━━━━━━━━━━┳━━━━━━━━━━━━━━━━━┳━━━━━━━━━━━━━━┳━━━━━━━━━━━━━━━━━┳━━━━━━━━━━━━━━━━━━━━━━━━┳━━━━━━━━━━━━━━━━━━━━┓
┃       Strategy ┃ Trades ┃ Avg Profit % ┃ Tot Profit USDT ┃ Tot Profit % ┃    Avg Duration ┃  Win  Draw  Loss  Win% ┃           Drawdown ┃
┡━━━━━━━━━━━━━━━━╇━━━━━━━━╇━━━━━━━━━━━━━━╇━━━━━━━━━━━━━━━━━╇━━━━━━━━━━━━━━╇━━━━━━━━━━━━━━━━━╇━━━━━━━━━━━━━━━━━━━━━━━━╇━━━━━━━━━━━━━━━━━━━━┩
│ TrendVolTarget │     65 │        -1.04 │         -34.832 │        -1.74 │ 3 days, 4:48:00 │   20     0    45  30.8 │ 58.674 USDT  2.93% │
└────────────────┴────────┴──────────────┴─────────────────┴──────────────┴─────────────────┴────────────────────────┴────────────────────┘
