2026-09-28 20:07:17,414 - freqtrade - INFO - freqtrade 2026.8
2026-09-28 20:07:17,587 - numexpr.utils - INFO - NumExpr defaulting to 12 threads.
2026-09-28 20:07:18,723 - freqtrade.configuration.load_config - INFO - Using config: user_data/config.json ...
2026-09-28 20:07:18,725 - freqtrade.loggers - INFO - Enabling colorized output.
2026-09-28 20:07:18,725 - freqtrade.loggers - INFO - Logfile configured
2026-09-28 20:07:18,725 - freqtrade.loggers - INFO - Verbosity set to 0
2026-09-28 20:07:18,725 - freqtrade.configuration.configuration - INFO - Parameter -i/--timeframe detected ... Using timeframe: 1d ...
2026-09-28 20:07:18,725 - freqtrade.configuration.configuration - INFO - Using max_open_trades: 5 ...
2026-09-28 20:07:18,726 - freqtrade.configuration.configuration - INFO - Parameter --fee detected, setting fee to: 0.001 ...
2026-09-28 20:07:18,726 - freqtrade.configuration.configuration - INFO - Parameter --timerange detected: 20250701-20251230 ...
2026-09-28 20:07:18,736 - freqtrade.configuration.configuration - INFO - Using user-data directory: /freqtrade/user_data ...
2026-09-28 20:07:18,736 - freqtrade.configuration.configuration - INFO - Using data directory: /freqtrade/user_data/data/binance ...
2026-09-28 20:07:18,737 - freqtrade.configuration.configuration - INFO - Parameter --export detected: trades ...
2026-09-28 20:07:18,737 - freqtrade.configuration.configuration - INFO - Parameter --cache=none detected ...
2026-09-28 20:07:18,737 - freqtrade.configuration.configuration - INFO - Filter trades by timerange: 20250701-20251230
2026-09-28 20:07:18,738 - freqtrade.exchange.check_exchange - INFO - Checking exchange...
2026-09-28 20:07:18,744 - freqtrade.exchange.check_exchange - INFO - Exchange "binance" is officially supported by the Freqtrade development team.
2026-09-28 20:07:18,744 - freqtrade.configuration.configuration - INFO - Using pairlist from configuration.
2026-09-28 20:07:18,745 - freqtrade.configuration.config_validation - INFO - Validating configuration ...
2026-09-28 20:07:18,746 - freqtrade.commands.optimize_commands - INFO - Starting freqtrade in Backtesting mode
2026-09-28 20:07:18,746 - freqtrade.exchange.exchange - INFO - Instance is running with dry_run enabled
2026-09-28 20:07:18,747 - freqtrade.exchange.exchange - INFO - Using CCXT 4.5.76
2026-09-28 20:07:18,747 - freqtrade.exchange.exchange - INFO - Applying additional ccxt config: {'enableRateLimit': True}
2026-09-28 20:07:18,751 - freqtrade.exchange.exchange - INFO - Applying additional ccxt config: {'enableRateLimit': True}
2026-09-28 20:07:18,756 - freqtrade.exchange.exchange - INFO - Using Exchange "Binance"
2026-09-28 20:07:20,168 - freqtrade.resolvers.exchange_resolver - INFO - Using resolved exchange class 'Binance' ...
2026-09-28 20:07:20,176 - freqtrade.resolvers.iresolver - INFO - Using resolved strategy XSMomentum from '/freqtrade/user_data/strategies/XSMomentum.py'...
2026-09-28 20:07:20,176 - freqtrade.strategy.hyper - INFO - Found no parameter file.
2026-09-28 20:07:20,176 - freqtrade.resolvers.strategy_resolver - INFO - Override strategy 'timeframe' with value from the configuration: 1d.
2026-09-28 20:07:20,177 - freqtrade.resolvers.strategy_resolver - INFO - Override strategy 'stoploss' with value from the configuration: -0.1.
2026-09-28 20:07:20,177 - freqtrade.resolvers.strategy_resolver - INFO - Override strategy 'stake_currency' with value from the configuration: USDT.
2026-09-28 20:07:20,177 - freqtrade.resolvers.strategy_resolver - INFO - Override strategy 'stake_amount' with value from the configuration: 100.
2026-09-28 20:07:20,177 - freqtrade.resolvers.strategy_resolver - INFO - Override strategy 'unfilledtimeout' with value from the configuration: {'entry': 10, 'exit': 30, 'exit_timeout_count': 0, 
'unit': 'minutes'}.
2026-09-28 20:07:20,177 - freqtrade.resolvers.strategy_resolver - INFO - Override strategy 'use_exit_signal' with value from the configuration: True.
2026-09-28 20:07:20,178 - freqtrade.resolvers.strategy_resolver - INFO - Override strategy 'exit_profit_only' with value from the configuration: False.
2026-09-28 20:07:20,178 - freqtrade.resolvers.strategy_resolver - INFO - Override strategy 'ignore_roi_if_entry_signal' with value from the configuration: False.
2026-09-28 20:07:20,178 - freqtrade.resolvers.strategy_resolver - INFO - Override strategy 'max_open_trades' with value from the configuration: 5.
2026-09-28 20:07:20,178 - freqtrade.resolvers.strategy_resolver - INFO - Strategy using minimal_roi: {'0': 100}
2026-09-28 20:07:20,178 - freqtrade.resolvers.strategy_resolver - INFO - Strategy using timeframe: 1d
2026-09-28 20:07:20,178 - freqtrade.resolvers.strategy_resolver - INFO - Strategy using stoploss: -0.1
2026-09-28 20:07:20,179 - freqtrade.resolvers.strategy_resolver - INFO - Strategy using trailing_stop: False
2026-09-28 20:07:20,179 - freqtrade.resolvers.strategy_resolver - INFO - Strategy using trailing_stop_positive_offset: 0.0
2026-09-28 20:07:20,179 - freqtrade.resolvers.strategy_resolver - INFO - Strategy using trailing_only_offset_is_reached: False
2026-09-28 20:07:20,179 - freqtrade.resolvers.strategy_resolver - INFO - Strategy using use_custom_stoploss: False
2026-09-28 20:07:20,179 - freqtrade.resolvers.strategy_resolver - INFO - Strategy using process_only_new_candles: True
2026-09-28 20:07:20,180 - freqtrade.resolvers.strategy_resolver - INFO - Strategy using order_types: {'entry': 'limit', 'exit': 'limit', 'stoploss': 'limit', 'stoploss_on_exchange': False, 
'stoploss_on_exchange_interval': 60}
2026-09-28 20:07:20,180 - freqtrade.resolvers.strategy_resolver - INFO - Strategy using order_time_in_force: {'entry': 'GTC', 'exit': 'GTC'}
2026-09-28 20:07:20,180 - freqtrade.resolvers.strategy_resolver - INFO - Strategy using stake_currency: USDT
2026-09-28 20:07:20,180 - freqtrade.resolvers.strategy_resolver - INFO - Strategy using stake_amount: 100
2026-09-28 20:07:20,180 - freqtrade.resolvers.strategy_resolver - INFO - Strategy using startup_candle_count: 120
2026-09-28 20:07:20,181 - freqtrade.resolvers.strategy_resolver - INFO - Strategy using unfilledtimeout: {'entry': 10, 'exit': 30, 'exit_timeout_count': 0, 'unit': 'minutes'}
2026-09-28 20:07:20,181 - freqtrade.resolvers.strategy_resolver - INFO - Strategy using use_exit_signal: True
2026-09-28 20:07:20,181 - freqtrade.resolvers.strategy_resolver - INFO - Strategy using exit_profit_only: False
2026-09-28 20:07:20,181 - freqtrade.resolvers.strategy_resolver - INFO - Strategy using ignore_roi_if_entry_signal: False
2026-09-28 20:07:20,182 - freqtrade.resolvers.strategy_resolver - INFO - Strategy using exit_profit_offset: 0.0
2026-09-28 20:07:20,182 - freqtrade.resolvers.strategy_resolver - INFO - Strategy using disable_dataframe_checks: False
2026-09-28 20:07:20,182 - freqtrade.resolvers.strategy_resolver - INFO - Strategy using ignore_buying_expired_candle_after: 0
2026-09-28 20:07:20,182 - freqtrade.resolvers.strategy_resolver - INFO - Strategy using position_adjustment_enable: False
2026-09-28 20:07:20,182 - freqtrade.resolvers.strategy_resolver - INFO - Strategy using max_entry_position_adjustment: -1
2026-09-28 20:07:20,182 - freqtrade.resolvers.strategy_resolver - INFO - Strategy using max_open_trades: 5
2026-09-28 20:07:20,183 - freqtrade.configuration.config_validation - INFO - Validating configuration ...
2026-09-28 20:07:20,186 - freqtrade.resolvers.iresolver - INFO - Using resolved pairlist StaticPairList from '/freqtrade/freqtrade/plugins/pairlist/StaticPairList.py'...
2026-09-28 20:07:20,197 - freqtrade.optimize.backtesting - INFO - Using fee 0.1000% from config.
2026-09-28 20:07:20,336 - freqtrade.optimize.backtesting - INFO - Loading data from 2025-03-03 00:00:00 up to 2025-12-30 00:00:00 (302 days).
2026-09-28 20:07:20,408 - freqtrade.optimize.backtesting - INFO - Dataload complete. Calculating indicators
2026-09-28 20:07:20,408 - freqtrade.optimize.backtesting - INFO - Running backtesting for Strategy XSMomentum
2026-09-28 20:07:20,409 - freqtrade.strategy.hyper - INFO - No params for buy found, using default values.
2026-09-28 20:07:20,409 - freqtrade.strategy.hyper - INFO - Strategy Parameter(default): lookback = 40
2026-09-28 20:07:20,409 - freqtrade.strategy.hyper - INFO - Strategy Parameter(default): top_k = 3
2026-09-28 20:07:20,410 - freqtrade.data.dataprovider - INFO - Loading data for BTC/USDT 1d from 2025-03-03 00:00:00 to 2025-12-30 00:00:00
2026-09-28 20:07:20,418 - freqtrade.data.dataprovider - INFO - Loading data for ETH/USDT 1d from 2025-03-03 00:00:00 to 2025-12-30 00:00:00
2026-09-28 20:07:20,426 - freqtrade.data.dataprovider - INFO - Loading data for BNB/USDT 1d from 2025-03-03 00:00:00 to 2025-12-30 00:00:00
2026-09-28 20:07:20,434 - freqtrade.data.dataprovider - INFO - Loading data for XRP/USDT 1d from 2025-03-03 00:00:00 to 2025-12-30 00:00:00
2026-09-28 20:07:20,442 - freqtrade.data.dataprovider - INFO - Loading data for ADA/USDT 1d from 2025-03-03 00:00:00 to 2025-12-30 00:00:00
2026-09-28 20:07:20,449 - freqtrade.data.dataprovider - INFO - Loading data for SOL/USDT 1d from 2025-03-03 00:00:00 to 2025-12-30 00:00:00
2026-09-28 20:07:20,457 - freqtrade.data.dataprovider - INFO - Loading data for DOGE/USDT 1d from 2025-03-03 00:00:00 to 2025-12-30 00:00:00
2026-09-28 20:07:20,466 - freqtrade.data.dataprovider - INFO - Loading data for LTC/USDT 1d from 2025-03-03 00:00:00 to 2025-12-30 00:00:00
2026-09-28 20:07:20,473 - freqtrade.data.dataprovider - INFO - Loading data for LINK/USDT 1d from 2025-03-03 00:00:00 to 2025-12-30 00:00:00
2026-09-28 20:07:20,481 - freqtrade.data.dataprovider - INFO - Loading data for XLM/USDT 1d from 2025-03-03 00:00:00 to 2025-12-30 00:00:00
2026-09-28 20:07:20,489 - freqtrade.data.dataprovider - INFO - Loading data for TRX/USDT 1d from 2025-03-03 00:00:00 to 2025-12-30 00:00:00
2026-09-28 20:07:20,496 - freqtrade.data.dataprovider - INFO - Loading data for AVAX/USDT 1d from 2025-03-03 00:00:00 to 2025-12-30 00:00:00
2026-09-28 20:07:20,504 - freqtrade.data.dataprovider - INFO - Loading data for ALGO/USDT 1d from 2025-03-03 00:00:00 to 2025-12-30 00:00:00
2026-09-28 20:07:20,512 - freqtrade.data.dataprovider - INFO - Loading data for UNI/USDT 1d from 2025-03-03 00:00:00 to 2025-12-30 00:00:00
2026-09-28 20:07:20,520 - freqtrade.data.dataprovider - INFO - Loading data for NEAR/USDT 1d from 2025-03-03 00:00:00 to 2025-12-30 00:00:00
2026-09-28 20:07:20,527 - freqtrade.data.dataprovider - INFO - Loading data for HBAR/USDT 1d from 2025-03-03 00:00:00 to 2025-12-30 00:00:00
2026-09-28 20:07:20,535 - freqtrade.data.dataprovider - INFO - Loading data for ZEC/USDT 1d from 2025-03-03 00:00:00 to 2025-12-30 00:00:00
2026-09-28 20:07:20,775 - freqtrade.optimize.backtesting - INFO - Backtesting with data from 2025-07-01 00:00:00 up to 2025-12-30 00:00:00 (182 days).
backtest ━━━━━━━━━━━━━━━━━━━━━━━━━━━━━━━━━━━━━━━━━━━━━━━━━━━━━━━━━━━━━━━━━━━━━━━━━━━━━━━━━━━━━━━━━━━━━━━━━━━━━━━━━━━━━━━━━━━━━━━━━━━━━━━━━━━━━━━━━━━━━━━━━━━━━━━━━━━━━━ 4/4     100% • 0:00:00 • 0:00:00
backtest ━━━━━━━━━━━━━━━━━━━━━━━━━━━━━━━━━━━━━━━━━━━━━━━━━━━━━━━━━━━━━━━━━━━━━━━━━━━━━━━━━━━━━━━━━━━━━━━━━━━━━━━━━━━━━━━━━━━━━━━━━━━━━━━━━━━━━━━━━━━━━━━━━━━━━━━━━━━━━━ 182/182 100% • 0:00:00 • 0:00:00
2026-09-28 20:07:21,276 - freqtrade.misc - INFO - dumping json to "/freqtrade/user_data/backtest_results/backtest-result-2026-09-28_23-07-21.meta.json"
Result for strategy XSMomentum
                                                BACKTESTING REPORT                                                
┏━━━━━━━━━━━┳━━━━━━━━┳━━━━━━━━━━━━━━┳━━━━━━━━━━━━━━━━━┳━━━━━━━━━━━━━━┳━━━━━━━━━━━━━━━━━━┳━━━━━━━━━━━━━━━━━━━━━━━━┓
┃      Pair ┃ Trades ┃ Avg Profit % ┃ Tot Profit USDT ┃ Tot Profit % ┃     Avg Duration ┃  Win  Draw  Loss  Win% ┃
┡━━━━━━━━━━━╇━━━━━━━━╇━━━━━━━━━━━━━━╇━━━━━━━━━━━━━━━━━╇━━━━━━━━━━━━━━╇━━━━━━━━━━━━━━━━━━╇━━━━━━━━━━━━━━━━━━━━━━━━┩
│  ZEC/USDT │      4 │       171.08 │         468.671 │        23.43 │ 25 days, 6:00:00 │    2     0     2  50.0 │
│  XRP/USDT │      2 │         13.3 │          30.986 │         1.55 │ 9 days, 12:00:00 │    1     0     1  50.0 │
│  ETH/USDT │      7 │         4.07 │          29.909 │          1.5 │ 8 days, 20:34:00 │    6     0     1  85.7 │
│  BNB/USDT │      9 │         2.04 │          20.281 │         1.01 │  9 days, 5:20:00 │    7     0     2  77.8 │
│  UNI/USDT │      6 │         1.84 │          19.318 │         0.97 │ 7 days, 16:00:00 │    2     0     4  33.3 │
│  TRX/USDT │     11 │         0.82 │          14.380 │         0.72 │ 4 days, 19:38:00 │    5     0     6  45.5 │
│ ALGO/USDT │      2 │         5.53 │           6.360 │         0.32 │  1 day, 12:00:00 │    1     0     1  50.0 │
│  XLM/USDT │      2 │         4.16 │           5.083 │         0.25 │ 7 days, 12:00:00 │    1     0     1  50.0 │
│ DOGE/USDT │      0 │          0.0 │           0.000 │          0.0 │             0:00 │    0     0     0     0 │
│  SOL/USDT │      2 │        -0.06 │          -0.533 │        -0.03 │ 7 days, 12:00:00 │    1     0     1  50.0 │
│ HBAR/USDT │      4 │        -2.85 │          -5.600 │        -0.28 │  1 day, 12:00:00 │    1     0     3  25.0 │
│ LINK/USDT │      5 │        -2.25 │          -5.956 │         -0.3 │  6 days, 9:36:00 │    2     0     3  40.0 │
│  ADA/USDT │      1 │       -10.18 │          -7.906 │         -0.4 │  3 days, 0:00:00 │    0     0     1     0 │
│ AVAX/USDT │      3 │        -5.11 │         -10.475 │        -0.52 │ 4 days, 16:00:00 │    1     0     2  33.3 │
│  BTC/USDT │      8 │        -1.46 │         -20.188 │        -1.01 │ 4 days, 21:00:00 │    3     0     5  37.5 │
│  LTC/USDT │     12 │        -2.56 │         -20.631 │        -1.03 │  1 day, 16:00:00 │    3     0     9  25.0 │
│ NEAR/USDT │      7 │        -6.67 │         -21.266 │        -1.06 │  2 days, 6:51:00 │    0     0     7     0 │
│     TOTAL │     85 │         7.76 │         502.431 │        25.12 │  6 days, 4:48:00 │   36     0    49  42.4 │
└───────────┴────────┴──────────────┴─────────────────┴──────────────┴──────────────────┴────────────────────────┘
                                            LEFT OPEN TRADES REPORT                                             
┏━━━━━━━━━━┳━━━━━━━━┳━━━━━━━━━━━━━━┳━━━━━━━━━━━━━━━━━┳━━━━━━━━━━━━━━┳━━━━━━━━━━━━━━━━━┳━━━━━━━━━━━━━━━━━━━━━━━━┓
┃     Pair ┃ Trades ┃ Avg Profit % ┃ Tot Profit USDT ┃ Tot Profit % ┃    Avg Duration ┃  Win  Draw  Loss  Win% ┃
┡━━━━━━━━━━╇━━━━━━━━╇━━━━━━━━━━━━━━╇━━━━━━━━━━━━━━━━━╇━━━━━━━━━━━━━━╇━━━━━━━━━━━━━━━━━╇━━━━━━━━━━━━━━━━━━━━━━━━┩
│ ETH/USDT │      1 │        -2.33 │          -2.214 │        -0.11 │ 8 days, 0:00:00 │    0     0     1     0 │
│    TOTAL │      1 │        -2.33 │          -2.214 │        -0.11 │ 8 days, 0:00:00 │    0     0     1     0 │
└──────────┴────────┴──────────────┴─────────────────┴──────────────┴─────────────────┴────────────────────────┘
                                                 ENTER TAG STATS                                                  
┏━━━━━━━━━━━┳━━━━━━━━━┳━━━━━━━━━━━━━━┳━━━━━━━━━━━━━━━━━┳━━━━━━━━━━━━━━┳━━━━━━━━━━━━━━━━━┳━━━━━━━━━━━━━━━━━━━━━━━━┓
┃ Enter Tag ┃ Entries ┃ Avg Profit % ┃ Tot Profit USDT ┃ Tot Profit % ┃    Avg Duration ┃  Win  Draw  Loss  Win% ┃
┡━━━━━━━━━━━╇━━━━━━━━━╇━━━━━━━━━━━━━━╇━━━━━━━━━━━━━━━━━╇━━━━━━━━━━━━━━╇━━━━━━━━━━━━━━━━━╇━━━━━━━━━━━━━━━━━━━━━━━━┩
│     OTHER │      85 │         7.76 │         502.431 │        25.12 │ 6 days, 4:48:00 │   36     0    49  42.4 │
│     TOTAL │      85 │         7.76 │         502.431 │        25.12 │ 6 days, 4:48:00 │   36     0    49  42.4 │
└───────────┴─────────┴──────────────┴─────────────────┴──────────────┴─────────────────┴────────────────────────┘
                                                 EXIT REASON STATS                                                 
┏━━━━━━━━━━━━━┳━━━━━━━┳━━━━━━━━━━━━━━┳━━━━━━━━━━━━━━━━━┳━━━━━━━━━━━━━━┳━━━━━━━━━━━━━━━━━━┳━━━━━━━━━━━━━━━━━━━━━━━━┓
┃ Exit Reason ┃ Exits ┃ Avg Profit % ┃ Tot Profit USDT ┃ Tot Profit % ┃     Avg Duration ┃  Win  Draw  Loss  Win% ┃
┡━━━━━━━━━━━━━╇━━━━━━━╇━━━━━━━━━━━━━━╇━━━━━━━━━━━━━━━━━╇━━━━━━━━━━━━━━╇━━━━━━━━━━━━━━━━━━╇━━━━━━━━━━━━━━━━━━━━━━━━┩
│ exit_signal │    68 │        12.13 │         601.416 │        30.07 │ 6 days, 16:35:00 │   36     0    32  52.9 │
│  force_exit │     1 │        -2.33 │          -2.214 │        -0.11 │  8 days, 0:00:00 │    0     0     1     0 │
│   stop_loss │    16 │       -10.17 │         -96.771 │        -4.84 │  4 days, 0:00:00 │    0     0    16     0 │
│       TOTAL │    85 │         7.76 │         502.431 │        25.12 │  6 days, 4:48:00 │   36     0    49  42.4 │
└─────────────┴───────┴──────────────┴─────────────────┴──────────────┴──────────────────┴────────────────────────┘
                                                        MIXED TAG STATS                                                         
┏━━━━━━━━━━━┳━━━━━━━━━━━━━┳━━━━━━━━┳━━━━━━━━━━━━━━┳━━━━━━━━━━━━━━━━━┳━━━━━━━━━━━━━━┳━━━━━━━━━━━━━━━━━━┳━━━━━━━━━━━━━━━━━━━━━━━━┓
┃ Enter Tag ┃ Exit Reason ┃ Trades ┃ Avg Profit % ┃ Tot Profit USDT ┃ Tot Profit % ┃     Avg Duration ┃  Win  Draw  Loss  Win% ┃
┡━━━━━━━━━━━╇━━━━━━━━━━━━━╇━━━━━━━━╇━━━━━━━━━━━━━━╇━━━━━━━━━━━━━━━━━╇━━━━━━━━━━━━━━╇━━━━━━━━━━━━━━━━━━╇━━━━━━━━━━━━━━━━━━━━━━━━┩
│           │ exit_signal │     68 │        12.13 │         601.416 │        30.07 │ 6 days, 16:35:00 │   36     0    32  52.9 │
│           │  force_exit │      1 │        -2.33 │          -2.214 │        -0.11 │  8 days, 0:00:00 │    0     0     1     0 │
│           │   stop_loss │     16 │       -10.17 │         -96.771 │        -4.84 │  4 days, 0:00:00 │    0     0    16     0 │
│     TOTAL │             │     85 │         7.76 │         502.431 │        25.12 │  6 days, 4:48:00 │   36     0    49  42.4 │
└───────────┴─────────────┴────────┴──────────────┴─────────────────┴──────────────┴──────────────────┴────────────────────────┘
                                   SUMMARY METRICS                                    
┏━━━━━━━━━━━━━━━━━━━━━━━━━━━━━━━━━━━━━━━━┳━━━━━━━━━━━━━━━━━━━━━━━━━━━━━━━━━━━━━━━━━━━┓
┃ Metric                                 ┃ Value                                     ┃
┡━━━━━━━━━━━━━━━━━━━━━━━━━━━━━━━━━━━━━━━━╇━━━━━━━━━━━━━━━━━━━━━━━━━━━━━━━━━━━━━━━━━━━┩
│ Backtesting from                       │ 2025-07-01 00:00:00                       │
│ Backtesting to                         │ 2025-12-30 00:00:00                       │
│ Trading Mode                           │ Spot                                      │
│ Max open trades                        │ 5                                         │
│                                        │                                           │
│ Total/Daily Avg Trades                 │ 85 / 0.47                                 │
│ Starting balance                       │ 2000 USDT                                 │
│ Final balance                          │ 2502.431 USDT                             │
│ Absolute profit                        │ 502.431 USDT                              │
│ Total profit %                         │ 25.12%                                    │
│ CAGR %                                 │ 56.75%                                    │
│ Sharpe (closed trades)                 │ 1.04                                      │
│ Sortino (closed trades)                │ 15.03                                     │
│ Calmar (closed trades)                 │ 66.98                                     │
│ SQN                                    │ 1.07                                      │
│ Mean profit p-value                    │ 0.2872                                    │
│ Profit factor                          │ 3.83                                      │
│ Expectancy (Ratio)                     │ 5.91 (1.63)                               │
│ Avg. daily profit                      │ 2.761 USDT                                │
│ Avg. stake amount                      │ 97.6 USDT                                 │
│ Market change                          │ 68.19%                                    │
│ Total trade volume                     │ 17128.641 USDT                            │
│                                        │                                           │
│ Best Pair                              │ ZEC/USDT 23.43%                           │
│ Worst Pair                             │ NEAR/USDT -1.06%                          │
│ Best trade                             │ ZEC/USDT 673.21%                          │
│ Worst trade                            │ UNI/USDT -10.18%                          │
│ Best day                               │ 460.977 USDT                              │
│ Worst day                              │ -20.329 USDT                              │
│ Days win/draw/lose                     │ 33 / 105 / 42                             │
│ Min/Max/Avg. Duration Winners          │ 1d 00:00 / 86d 00:00 / 10d 00:40          │
│ Min/Max/Avg. Duration Losers           │ 0d 00:00 / 13d 00:00 / 3d 09:18           │
│ Max Consecutive Wins / Loss            │ 4 / 8                                     │
│ Rejected Entry signals                 │ 0                                         │
│ Entry/Exit Timeouts                    │ 0 / 0                                     │
│                                        │                                           │
│ Min/Max balance (closed trades)        │ 2004.504 USDT / 2506.017 USDT             │
│ Max % of account underwater            │ 3.94%                                     │
│ Absolute drawdown                      │ 82.746 USDT (3.94%)                       │
│ Drawdown duration                      │ 94 days 00:00:00                          │
│ Profit at drawdown start               │ 101.764 USDT                              │
│ Profit at drawdown end                 │ 19.018 USDT                               │
│ Drawdown start                         │ 2025-09-15 00:00:00                       │
│ Drawdown end                           │ 2025-12-18 00:00:00                       │
│                                        │                                           │
│ Wallet based Metrics                   │                                           │
│ Min/Max balance (wallet balance)       │ 2000 USDT / 2976.243 USDT                 │
│ Min/Max balance dates (wallet balance) │ 2025-07-02 00:00:00 / 2025-11-17 00:00:00 │
│ Max % of account underwater (balance)  │ 18.90%                                    │
│ Absolute drawdown (wallet balance)     │ 562.639 USDT (18.90%)                     │
│ Drawdown duration                      │ 16 days 00:00:00                          │
│ Profit at drawdown start               │ 976.243 USDT                              │
│ Profit at drawdown end                 │ 413.604 USDT                              │
│ Drawdown start                         │ 2025-11-17 00:00:00                       │
│ Drawdown end                           │ 2025-12-03 00:00:00                       │
│ Sharpe (daily wallet balance)          │ 1.72                                      │
│ Sortino (daily wallet balance)         │ 2.20                                      │
│ Calmar (daily wallet balance)          │ 14.04                                     │
└────────────────────────────────────────┴───────────────────────────────────────────┘

Backtested 2025-07-01 00:00:00 -> 2025-12-30 00:00:00 | Max open trades : 5
                                                           STRATEGY SUMMARY                                                            
┏━━━━━━━━━━━━┳━━━━━━━━┳━━━━━━━━━━━━━━┳━━━━━━━━━━━━━━━━━┳━━━━━━━━━━━━━━┳━━━━━━━━━━━━━━━━━┳━━━━━━━━━━━━━━━━━━━━━━━━┳━━━━━━━━━━━━━━━━━━━━┓
┃   Strategy ┃ Trades ┃ Avg Profit % ┃ Tot Profit USDT ┃ Tot Profit % ┃    Avg Duration ┃  Win  Draw  Loss  Win% ┃           Drawdown ┃
┡━━━━━━━━━━━━╇━━━━━━━━╇━━━━━━━━━━━━━━╇━━━━━━━━━━━━━━━━━╇━━━━━━━━━━━━━━╇━━━━━━━━━━━━━━━━━╇━━━━━━━━━━━━━━━━━━━━━━━━╇━━━━━━━━━━━━━━━━━━━━┩
│ XSMomentum │     85 │         7.76 │         502.431 │        25.12 │ 6 days, 4:48:00 │   36     0    49  42.4 │ 82.746 USDT  3.94% │
└────────────┴────────┴──────────────┴─────────────────┴──────────────┴─────────────────┴────────────────────────┴────────────────────┘
