2026-09-29 08:32:08,012 - freqtrade - INFO - freqtrade 2026.8
2026-09-29 08:32:08,178 - numexpr.utils - INFO - NumExpr defaulting to 12 threads.
2026-09-29 08:32:09,295 - freqtrade.configuration.load_config - INFO - Using config: user_data/config.json ...
2026-09-29 08:32:09,296 - freqtrade.loggers - INFO - Enabling colorized output.
2026-09-29 08:32:09,296 - freqtrade.loggers - INFO - Logfile configured
2026-09-29 08:32:09,296 - freqtrade.loggers - INFO - Verbosity set to 0
2026-09-29 08:32:09,297 - freqtrade.configuration.configuration - INFO - Parameter -i/--timeframe detected ... Using timeframe: 1d ...
2026-09-29 08:32:09,297 - freqtrade.configuration.configuration - INFO - Using max_open_trades: 5 ...
2026-09-29 08:32:09,297 - freqtrade.configuration.configuration - INFO - Parameter --fee detected, setting fee to: 0.001 ...
2026-09-29 08:32:09,297 - freqtrade.configuration.configuration - INFO - Parameter --timerange detected: 20230702-20231231 ...
2026-09-29 08:32:09,308 - freqtrade.configuration.configuration - INFO - Using user-data directory: /freqtrade/user_data ...
2026-09-29 08:32:09,308 - freqtrade.configuration.configuration - INFO - Using data directory: /freqtrade/user_data/data/binance ...
2026-09-29 08:32:09,308 - freqtrade.configuration.configuration - INFO - Parameter --export detected: trades ...
2026-09-29 08:32:09,308 - freqtrade.configuration.configuration - INFO - Parameter --cache=none detected ...
2026-09-29 08:32:09,309 - freqtrade.configuration.configuration - INFO - Filter trades by timerange: 20230702-20231231
2026-09-29 08:32:09,309 - freqtrade.exchange.check_exchange - INFO - Checking exchange...
2026-09-29 08:32:09,315 - freqtrade.exchange.check_exchange - INFO - Exchange "binance" is officially supported by the Freqtrade development team.
2026-09-29 08:32:09,316 - freqtrade.configuration.configuration - INFO - Using pairlist from configuration.
2026-09-29 08:32:09,316 - freqtrade.configuration.config_validation - INFO - Validating configuration ...
2026-09-29 08:32:09,317 - freqtrade.commands.optimize_commands - INFO - Starting freqtrade in Backtesting mode
2026-09-29 08:32:09,318 - freqtrade.exchange.exchange - INFO - Instance is running with dry_run enabled
2026-09-29 08:32:09,318 - freqtrade.exchange.exchange - INFO - Using CCXT 4.5.76
2026-09-29 08:32:09,318 - freqtrade.exchange.exchange - INFO - Applying additional ccxt config: {'enableRateLimit': True}
2026-09-29 08:32:09,323 - freqtrade.exchange.exchange - INFO - Applying additional ccxt config: {'enableRateLimit': True}
2026-09-29 08:32:09,328 - freqtrade.exchange.exchange - INFO - Using Exchange "Binance"
2026-09-29 08:32:16,508 - freqtrade.resolvers.exchange_resolver - INFO - Using resolved exchange class 'Binance' ...
2026-09-29 08:32:16,517 - freqtrade.resolvers.iresolver - INFO - Using resolved strategy XSMomentum from '/freqtrade/user_data/strategies/XSMomentum.py'...
2026-09-29 08:32:16,517 - freqtrade.strategy.hyper - INFO - Loading parameters from file /freqtrade/user_data/strategies/XSMomentum.json
2026-09-29 08:32:16,518 - freqtrade.resolvers.strategy_resolver - INFO - Override strategy 'timeframe' with value from the configuration: 1d.
2026-09-29 08:32:16,518 - freqtrade.resolvers.strategy_resolver - INFO - Override strategy 'stoploss' with value from the configuration: -0.1.
2026-09-29 08:32:16,518 - freqtrade.resolvers.strategy_resolver - INFO - Override strategy 'stake_currency' with value from the configuration: USDT.
2026-09-29 08:32:16,518 - freqtrade.resolvers.strategy_resolver - INFO - Override strategy 'stake_amount' with value from the configuration: 100.
2026-09-29 08:32:16,519 - freqtrade.resolvers.strategy_resolver - INFO - Override strategy 'unfilledtimeout' with value from the configuration: {'entry': 10, 'exit': 30, 'exit_timeout_count': 0, 
'unit': 'minutes'}.
2026-09-29 08:32:16,519 - freqtrade.resolvers.strategy_resolver - INFO - Override strategy 'use_exit_signal' with value from the configuration: True.
2026-09-29 08:32:16,519 - freqtrade.resolvers.strategy_resolver - INFO - Override strategy 'exit_profit_only' with value from the configuration: False.
2026-09-29 08:32:16,519 - freqtrade.resolvers.strategy_resolver - INFO - Override strategy 'ignore_roi_if_entry_signal' with value from the configuration: False.
2026-09-29 08:32:16,519 - freqtrade.resolvers.strategy_resolver - INFO - Override strategy 'max_open_trades' with value from the configuration: 5.
2026-09-29 08:32:16,520 - freqtrade.resolvers.strategy_resolver - INFO - Strategy using minimal_roi: {'0': 100}
2026-09-29 08:32:16,520 - freqtrade.resolvers.strategy_resolver - INFO - Strategy using timeframe: 1d
2026-09-29 08:32:16,520 - freqtrade.resolvers.strategy_resolver - INFO - Strategy using stoploss: -0.1
2026-09-29 08:32:16,520 - freqtrade.resolvers.strategy_resolver - INFO - Strategy using trailing_stop: False
2026-09-29 08:32:16,521 - freqtrade.resolvers.strategy_resolver - INFO - Strategy using trailing_stop_positive_offset: 0.0
2026-09-29 08:32:16,521 - freqtrade.resolvers.strategy_resolver - INFO - Strategy using trailing_only_offset_is_reached: False
2026-09-29 08:32:16,521 - freqtrade.resolvers.strategy_resolver - INFO - Strategy using use_custom_stoploss: False
2026-09-29 08:32:16,521 - freqtrade.resolvers.strategy_resolver - INFO - Strategy using process_only_new_candles: True
2026-09-29 08:32:16,521 - freqtrade.resolvers.strategy_resolver - INFO - Strategy using order_types: {'entry': 'limit', 'exit': 'limit', 'stoploss': 'limit', 'stoploss_on_exchange': False, 
'stoploss_on_exchange_interval': 60}
2026-09-29 08:32:16,522 - freqtrade.resolvers.strategy_resolver - INFO - Strategy using order_time_in_force: {'entry': 'GTC', 'exit': 'GTC'}
2026-09-29 08:32:16,522 - freqtrade.resolvers.strategy_resolver - INFO - Strategy using stake_currency: USDT
2026-09-29 08:32:16,522 - freqtrade.resolvers.strategy_resolver - INFO - Strategy using stake_amount: 100
2026-09-29 08:32:16,522 - freqtrade.resolvers.strategy_resolver - INFO - Strategy using startup_candle_count: 120
2026-09-29 08:32:16,522 - freqtrade.resolvers.strategy_resolver - INFO - Strategy using unfilledtimeout: {'entry': 10, 'exit': 30, 'exit_timeout_count': 0, 'unit': 'minutes'}
2026-09-29 08:32:16,522 - freqtrade.resolvers.strategy_resolver - INFO - Strategy using use_exit_signal: True
2026-09-29 08:32:16,523 - freqtrade.resolvers.strategy_resolver - INFO - Strategy using exit_profit_only: False
2026-09-29 08:32:16,523 - freqtrade.resolvers.strategy_resolver - INFO - Strategy using ignore_roi_if_entry_signal: False
2026-09-29 08:32:16,523 - freqtrade.resolvers.strategy_resolver - INFO - Strategy using exit_profit_offset: 0.0
2026-09-29 08:32:16,523 - freqtrade.resolvers.strategy_resolver - INFO - Strategy using disable_dataframe_checks: False
2026-09-29 08:32:16,523 - freqtrade.resolvers.strategy_resolver - INFO - Strategy using ignore_buying_expired_candle_after: 0
2026-09-29 08:32:16,523 - freqtrade.resolvers.strategy_resolver - INFO - Strategy using position_adjustment_enable: False
2026-09-29 08:32:16,523 - freqtrade.resolvers.strategy_resolver - INFO - Strategy using max_entry_position_adjustment: -1
2026-09-29 08:32:16,523 - freqtrade.resolvers.strategy_resolver - INFO - Strategy using max_open_trades: 5
2026-09-29 08:32:16,524 - freqtrade.configuration.config_validation - INFO - Validating configuration ...
2026-09-29 08:32:16,527 - freqtrade.resolvers.iresolver - INFO - Using resolved pairlist StaticPairList from '/freqtrade/freqtrade/plugins/pairlist/StaticPairList.py'...
2026-09-29 08:32:16,537 - freqtrade.optimize.backtesting - INFO - Using fee 0.1000% from config.
2026-09-29 08:32:16,700 - freqtrade.optimize.backtesting - INFO - Loading data from 2023-03-04 00:00:00 up to 2023-12-31 00:00:00 (302 days).
2026-09-29 08:32:16,787 - freqtrade.optimize.backtesting - INFO - Dataload complete. Calculating indicators
2026-09-29 08:32:16,788 - freqtrade.optimize.backtesting - INFO - Running backtesting for Strategy XSMomentum
2026-09-29 08:32:16,788 - freqtrade.strategy.hyper - INFO - Strategy Parameter: lookback = 78
2026-09-29 08:32:16,788 - freqtrade.strategy.hyper - INFO - Strategy Parameter: top_k = 2
2026-09-29 08:32:16,789 - freqtrade.data.dataprovider - INFO - Loading data for BTC/USDT 1d from 2023-03-04 00:00:00 to 2023-12-31 00:00:00
2026-09-29 08:32:16,799 - freqtrade.data.dataprovider - INFO - Loading data for ETH/USDT 1d from 2023-03-04 00:00:00 to 2023-12-31 00:00:00
2026-09-29 08:32:16,808 - freqtrade.data.dataprovider - INFO - Loading data for BNB/USDT 1d from 2023-03-04 00:00:00 to 2023-12-31 00:00:00
2026-09-29 08:32:16,817 - freqtrade.data.dataprovider - INFO - Loading data for XRP/USDT 1d from 2023-03-04 00:00:00 to 2023-12-31 00:00:00
2026-09-29 08:32:16,826 - freqtrade.data.dataprovider - INFO - Loading data for ADA/USDT 1d from 2023-03-04 00:00:00 to 2023-12-31 00:00:00
2026-09-29 08:32:16,835 - freqtrade.data.dataprovider - INFO - Loading data for SOL/USDT 1d from 2023-03-04 00:00:00 to 2023-12-31 00:00:00
2026-09-29 08:32:16,845 - freqtrade.data.dataprovider - INFO - Loading data for DOGE/USDT 1d from 2023-03-04 00:00:00 to 2023-12-31 00:00:00
2026-09-29 08:32:16,854 - freqtrade.data.dataprovider - INFO - Loading data for LTC/USDT 1d from 2023-03-04 00:00:00 to 2023-12-31 00:00:00
2026-09-29 08:32:16,863 - freqtrade.data.dataprovider - INFO - Loading data for LINK/USDT 1d from 2023-03-04 00:00:00 to 2023-12-31 00:00:00
2026-09-29 08:32:16,872 - freqtrade.data.dataprovider - INFO - Loading data for XLM/USDT 1d from 2023-03-04 00:00:00 to 2023-12-31 00:00:00
2026-09-29 08:32:16,882 - freqtrade.data.dataprovider - INFO - Loading data for TRX/USDT 1d from 2023-03-04 00:00:00 to 2023-12-31 00:00:00
2026-09-29 08:32:16,891 - freqtrade.data.dataprovider - INFO - Loading data for AVAX/USDT 1d from 2023-03-04 00:00:00 to 2023-12-31 00:00:00
2026-09-29 08:32:16,900 - freqtrade.data.dataprovider - INFO - Loading data for ALGO/USDT 1d from 2023-03-04 00:00:00 to 2023-12-31 00:00:00
2026-09-29 08:32:16,910 - freqtrade.data.dataprovider - INFO - Loading data for UNI/USDT 1d from 2023-03-04 00:00:00 to 2023-12-31 00:00:00
2026-09-29 08:32:16,919 - freqtrade.data.dataprovider - INFO - Loading data for NEAR/USDT 1d from 2023-03-04 00:00:00 to 2023-12-31 00:00:00
2026-09-29 08:32:16,928 - freqtrade.data.dataprovider - INFO - Loading data for HBAR/USDT 1d from 2023-03-04 00:00:00 to 2023-12-31 00:00:00
2026-09-29 08:32:16,937 - freqtrade.data.dataprovider - INFO - Loading data for ZEC/USDT 1d from 2023-03-04 00:00:00 to 2023-12-31 00:00:00
2026-09-29 08:32:17,185 - freqtrade.optimize.backtesting - INFO - Backtesting with data from 2023-07-02 00:00:00 up to 2023-12-31 00:00:00 (182 days).
backtest ━━━━━━━━━━━━━━━━━━━━━━━━━━━━━━━━━━━━━━━━━━━━━━━━━━━━━━━━━━━━━━━━━━━━━━━━━━━━━━━━━━━━━━━━━━━━━━━━━━━━━━━━━━━━━━━━━━━━━━━━━━━━━━━━━━━━━━━━━━━━━━━━━━━━━━━━━━━━━━ 4/4     100% • 0:00:00 • 0:00:00
backtest ━━━━━━━━━━━━━━━━━━━━━━━━━━━━━━━━━━━━━━━━━━━━━━━━━━━━━━━━━━━━━━━━━━━━━━━━━━━━━━━━━━━━━━━━━━━━━━━━━━━━━━━━━━━━━━━━━━━━━━━━━━━━━━━━━━━━━━━━━━━━━━━━━━━━━━━━━━━━━━ 182/182 100% • 0:00:00 • 0:00:00
2026-09-29 08:32:17,617 - freqtrade.misc - INFO - dumping json to "/freqtrade/user_data/backtest_results/backtest-result-2026-09-29_11-32-17.meta.json"
Result for strategy XSMomentum
                                                BACKTESTING REPORT                                                 
┏━━━━━━━━━━━┳━━━━━━━━┳━━━━━━━━━━━━━━┳━━━━━━━━━━━━━━━━━┳━━━━━━━━━━━━━━┳━━━━━━━━━━━━━━━━━━━┳━━━━━━━━━━━━━━━━━━━━━━━━┓
┃      Pair ┃ Trades ┃ Avg Profit % ┃ Tot Profit USDT ┃ Tot Profit % ┃      Avg Duration ┃  Win  Draw  Loss  Win% ┃
┡━━━━━━━━━━━╇━━━━━━━━╇━━━━━━━━━━━━━━╇━━━━━━━━━━━━━━━━━╇━━━━━━━━━━━━━━╇━━━━━━━━━━━━━━━━━━━╇━━━━━━━━━━━━━━━━━━━━━━━━┩
│  SOL/USDT │      7 │         25.6 │         126.631 │         6.33 │  10 days, 6:51:00 │    5     0     2  71.4 │
│  TRX/USDT │      5 │         4.56 │          44.316 │         2.22 │  18 days, 9:36:00 │    2     0     3  40.0 │
│ AVAX/USDT │      1 │        49.81 │          21.556 │         1.08 │  24 days, 0:00:00 │    1     0     0   100 │
│ LINK/USDT │      6 │         4.34 │          17.673 │         0.88 │ 10 days, 16:00:00 │    4     0     2  66.7 │
│  BTC/USDT │      3 │         0.03 │           0.711 │         0.04 │   4 days, 0:00:00 │    1     0     2  33.3 │
│  ETH/USDT │      0 │          0.0 │           0.000 │          0.0 │              0:00 │    0     0     0     0 │
│  BNB/USDT │      0 │          0.0 │           0.000 │          0.0 │              0:00 │    0     0     0     0 │
│  ADA/USDT │      0 │          0.0 │           0.000 │          0.0 │              0:00 │    0     0     0     0 │
│ DOGE/USDT │      0 │          0.0 │           0.000 │          0.0 │              0:00 │    0     0     0     0 │
│ ALGO/USDT │      0 │          0.0 │           0.000 │          0.0 │              0:00 │    0     0     0     0 │
│ NEAR/USDT │      0 │          0.0 │           0.000 │          0.0 │              0:00 │    0     0     0     0 │
│  ZEC/USDT │      0 │          0.0 │           0.000 │          0.0 │              0:00 │    0     0     0     0 │
│  XRP/USDT │      3 │        -0.51 │          -0.385 │        -0.02 │   4 days, 0:00:00 │    2     0     1  66.7 │
│  LTC/USDT │      1 │       -10.17 │          -4.858 │        -0.24 │   2 days, 0:00:00 │    0     0     1     0 │
│ HBAR/USDT │      6 │        -3.02 │         -11.328 │        -0.57 │  2 days, 16:00:00 │    1     0     5  16.7 │
│  XLM/USDT │      6 │        -4.71 │         -12.248 │        -0.61 │   9 days, 8:00:00 │    1     0     5  16.7 │
│  UNI/USDT │      2 │        -6.55 │         -12.772 │        -0.64 │  3 days, 12:00:00 │    0     0     2     0 │
│     TOTAL │     40 │         5.17 │         169.298 │         8.46 │  8 days, 22:12:00 │   17     0    23  42.5 │
└───────────┴────────┴──────────────┴─────────────────┴──────────────┴───────────────────┴────────────────────────┘
                                              LEFT OPEN TRADES REPORT                                              
┏━━━━━━━━━━━┳━━━━━━━━┳━━━━━━━━━━━━━━┳━━━━━━━━━━━━━━━━━┳━━━━━━━━━━━━━━┳━━━━━━━━━━━━━━━━━━━┳━━━━━━━━━━━━━━━━━━━━━━━━┓
┃      Pair ┃ Trades ┃ Avg Profit % ┃ Tot Profit USDT ┃ Tot Profit % ┃      Avg Duration ┃  Win  Draw  Loss  Win% ┃
┡━━━━━━━━━━━╇━━━━━━━━╇━━━━━━━━━━━━━━╇━━━━━━━━━━━━━━━━━╇━━━━━━━━━━━━━━╇━━━━━━━━━━━━━━━━━━━╇━━━━━━━━━━━━━━━━━━━━━━━━┩
│  SOL/USDT │      1 │       136.89 │          90.591 │         4.53 │  53 days, 0:00:00 │    1     0     0   100 │
│ AVAX/USDT │      1 │        49.81 │          21.556 │         1.08 │  24 days, 0:00:00 │    1     0     0   100 │
│     TOTAL │      2 │        93.35 │         112.147 │         5.61 │ 38 days, 12:00:00 │    2     0     0   100 │
└───────────┴────────┴──────────────┴─────────────────┴──────────────┴───────────────────┴────────────────────────┘
                                                  ENTER TAG STATS                                                  
┏━━━━━━━━━━━┳━━━━━━━━━┳━━━━━━━━━━━━━━┳━━━━━━━━━━━━━━━━━┳━━━━━━━━━━━━━━┳━━━━━━━━━━━━━━━━━━┳━━━━━━━━━━━━━━━━━━━━━━━━┓
┃ Enter Tag ┃ Entries ┃ Avg Profit % ┃ Tot Profit USDT ┃ Tot Profit % ┃     Avg Duration ┃  Win  Draw  Loss  Win% ┃
┡━━━━━━━━━━━╇━━━━━━━━━╇━━━━━━━━━━━━━━╇━━━━━━━━━━━━━━━━━╇━━━━━━━━━━━━━━╇━━━━━━━━━━━━━━━━━━╇━━━━━━━━━━━━━━━━━━━━━━━━┩
│     OTHER │      40 │         5.17 │         169.298 │         8.46 │ 8 days, 22:12:00 │   17     0    23  42.5 │
│     TOTAL │      40 │         5.17 │         169.298 │         8.46 │ 8 days, 22:12:00 │   17     0    23  42.5 │
└───────────┴─────────┴──────────────┴─────────────────┴──────────────┴──────────────────┴────────────────────────┘
                                                 EXIT REASON STATS                                                  
┏━━━━━━━━━━━━━┳━━━━━━━┳━━━━━━━━━━━━━━┳━━━━━━━━━━━━━━━━━┳━━━━━━━━━━━━━━┳━━━━━━━━━━━━━━━━━━━┳━━━━━━━━━━━━━━━━━━━━━━━━┓
┃ Exit Reason ┃ Exits ┃ Avg Profit % ┃ Tot Profit USDT ┃ Tot Profit % ┃      Avg Duration ┃  Win  Draw  Loss  Win% ┃
┡━━━━━━━━━━━━━╇━━━━━━━╇━━━━━━━━━━━━━━╇━━━━━━━━━━━━━━━━━╇━━━━━━━━━━━━━━╇━━━━━━━━━━━━━━━━━━━╇━━━━━━━━━━━━━━━━━━━━━━━━┩
│  force_exit │     2 │        93.35 │         112.147 │         5.61 │ 38 days, 12:00:00 │    2     0     0   100 │
│ exit_signal │    33 │         2.14 │          81.563 │         4.08 │  7 days, 15:16:00 │   15     0    18  45.5 │
│   stop_loss │     5 │       -10.15 │         -24.413 │        -1.22 │  5 days, 14:24:00 │    0     0     5     0 │
│       TOTAL │    40 │         5.17 │         169.298 │         8.46 │  8 days, 22:12:00 │   17     0    23  42.5 │
└─────────────┴───────┴──────────────┴─────────────────┴──────────────┴───────────────────┴────────────────────────┘
                                                         MIXED TAG STATS                                                         
┏━━━━━━━━━━━┳━━━━━━━━━━━━━┳━━━━━━━━┳━━━━━━━━━━━━━━┳━━━━━━━━━━━━━━━━━┳━━━━━━━━━━━━━━┳━━━━━━━━━━━━━━━━━━━┳━━━━━━━━━━━━━━━━━━━━━━━━┓
┃ Enter Tag ┃ Exit Reason ┃ Trades ┃ Avg Profit % ┃ Tot Profit USDT ┃ Tot Profit % ┃      Avg Duration ┃  Win  Draw  Loss  Win% ┃
┡━━━━━━━━━━━╇━━━━━━━━━━━━━╇━━━━━━━━╇━━━━━━━━━━━━━━╇━━━━━━━━━━━━━━━━━╇━━━━━━━━━━━━━━╇━━━━━━━━━━━━━━━━━━━╇━━━━━━━━━━━━━━━━━━━━━━━━┩
│           │  force_exit │      2 │        93.35 │         112.147 │         5.61 │ 38 days, 12:00:00 │    2     0     0   100 │
│           │ exit_signal │     33 │         2.14 │          81.563 │         4.08 │  7 days, 15:16:00 │   15     0    18  45.5 │
│           │   stop_loss │      5 │       -10.15 │         -24.413 │        -1.22 │  5 days, 14:24:00 │    0     0     5     0 │
│     TOTAL │             │     40 │         5.17 │         169.298 │         8.46 │  8 days, 22:12:00 │   17     0    23  42.5 │
└───────────┴─────────────┴────────┴──────────────┴─────────────────┴──────────────┴───────────────────┴────────────────────────┘
                                   SUMMARY METRICS                                    
┏━━━━━━━━━━━━━━━━━━━━━━━━━━━━━━━━━━━━━━━━┳━━━━━━━━━━━━━━━━━━━━━━━━━━━━━━━━━━━━━━━━━━━┓
┃ Metric                                 ┃ Value                                     ┃
┡━━━━━━━━━━━━━━━━━━━━━━━━━━━━━━━━━━━━━━━━╇━━━━━━━━━━━━━━━━━━━━━━━━━━━━━━━━━━━━━━━━━━━┩
│ Backtesting from                       │ 2023-07-02 00:00:00                       │
│ Backtesting to                         │ 2023-12-31 00:00:00                       │
│ Trading Mode                           │ Spot                                      │
│ Max open trades                        │ 5                                         │
│                                        │                                           │
│ Total/Daily Avg Trades                 │ 40 / 0.22                                 │
│ Starting balance                       │ 2000 USDT                                 │
│ Final balance                          │ 2169.298 USDT                             │
│ Absolute profit                        │ 169.298 USDT                              │
│ Total profit %                         │ 8.46%                                     │
│ CAGR %                                 │ 17.70%                                    │
│ Sharpe (closed trades)                 │ 1.02                                      │
│ Sortino (closed trades)                │ 5.77                                      │
│ Calmar (closed trades)                 │ 33.04                                     │
│ SQN                                    │ 1.52                                      │
│ Mean profit p-value                    │ 0.1376                                    │
│ Profit factor                          │ 3.29                                      │
│ Expectancy (Ratio)                     │ 4.23 (1.32)                               │
│ Avg. daily profit                      │ 0.93 USDT                                 │
│ Avg. stake amount                      │ 95.907 USDT                               │
│ Market change                          │ 78.13%                                    │
│ Total trade volume                     │ 7857.529 USDT                             │
│                                        │                                           │
│ Best Pair                              │ SOL/USDT 6.33%                            │
│ Worst Pair                             │ UNI/USDT -0.64%                           │
│ Best trade                             │ SOL/USDT 136.89%                          │
│ Worst trade                            │ LTC/USDT -10.17%                          │
│ Best day                               │ 112.147 USDT                              │
│ Worst day                              │ -14.423 USDT                              │
│ Days win/draw/lose                     │ 15 / 143 / 22                             │
│ Min/Max/Avg. Duration Winners          │ 1d 00:00 / 63d 00:00 / 14d 11:18          │
│ Min/Max/Avg. Duration Losers           │ 1d 00:00 / 21d 00:00 / 4d 19:50           │
│ Max Consecutive Wins / Loss            │ 9 / 5                                     │
│ Rejected Entry signals                 │ 0                                         │
│ Entry/Exit Timeouts                    │ 0 / 0                                     │
│                                        │                                           │
│ Min/Max balance (closed trades)        │ 1950.216 USDT / 2169.298 USDT             │
│ Max % of account underwater            │ 2.69%                                     │
│ Absolute drawdown                      │ 53.891 USDT (2.69%)                       │
│ Drawdown duration                      │ 61 days 00:00:00                          │
│ Profit at drawdown start               │ 4.107 USDT                                │
│ Profit at drawdown end                 │ -49.784 USDT                              │
│ Drawdown start                         │ 2023-07-24 00:00:00                       │
│ Drawdown end                           │ 2023-09-23 00:00:00                       │
│                                        │                                           │
│ Wallet based Metrics                   │                                           │
│ Min/Max balance (wallet balance)       │ 1943.927 USDT / 2213.507 USDT             │
│ Min/Max balance dates (wallet balance) │ 2023-09-02 00:00:00 / 2023-12-26 00:00:00 │
│ Max % of account underwater (balance)  │ 3.35%                                     │
│ Absolute drawdown (wallet balance)     │ 67.284 USDT (3.35%)                       │
│ Drawdown duration                      │ 50 days 00:00:00                          │
│ Profit at drawdown start               │ 11.212 USDT                               │
│ Profit at drawdown end                 │ -56.073 USDT                              │
│ Drawdown start                         │ 2023-07-14 00:00:00                       │
│ Drawdown end                           │ 2023-09-02 00:00:00                       │
│ Sharpe (daily wallet balance)          │ 2.59                                      │
│ Sortino (daily wallet balance)         │ 4.30                                      │
│ Calmar (daily wallet balance)          │ 26.76                                     │
└────────────────────────────────────────┴───────────────────────────────────────────┘

Backtested 2023-07-02 00:00:00 -> 2023-12-31 00:00:00 | Max open trades : 5
                                                            STRATEGY SUMMARY                                                            
┏━━━━━━━━━━━━┳━━━━━━━━┳━━━━━━━━━━━━━━┳━━━━━━━━━━━━━━━━━┳━━━━━━━━━━━━━━┳━━━━━━━━━━━━━━━━━━┳━━━━━━━━━━━━━━━━━━━━━━━━┳━━━━━━━━━━━━━━━━━━━━┓
┃   Strategy ┃ Trades ┃ Avg Profit % ┃ Tot Profit USDT ┃ Tot Profit % ┃     Avg Duration ┃  Win  Draw  Loss  Win% ┃           Drawdown ┃
┡━━━━━━━━━━━━╇━━━━━━━━╇━━━━━━━━━━━━━━╇━━━━━━━━━━━━━━━━━╇━━━━━━━━━━━━━━╇━━━━━━━━━━━━━━━━━━╇━━━━━━━━━━━━━━━━━━━━━━━━╇━━━━━━━━━━━━━━━━━━━━┩
│ XSMomentum │     40 │         5.17 │         169.298 │         8.46 │ 8 days, 22:12:00 │   17     0    23  42.5 │ 53.891 USDT  2.69% │
└────────────┴────────┴──────────────┴─────────────────┴──────────────┴──────────────────┴────────────────────────┴────────────────────┘
