2026-09-29 08:36:05,759 - freqtrade - INFO - freqtrade 2026.8
2026-09-29 08:36:05,924 - numexpr.utils - INFO - NumExpr defaulting to 12 threads.
2026-09-29 08:36:07,032 - freqtrade.configuration.load_config - INFO - Using config: user_data/config.json ...
2026-09-29 08:36:07,033 - freqtrade.loggers - INFO - Enabling colorized output.
2026-09-29 08:36:07,034 - freqtrade.loggers - INFO - Logfile configured
2026-09-29 08:36:07,034 - freqtrade.loggers - INFO - Verbosity set to 0
2026-09-29 08:36:07,034 - freqtrade.configuration.configuration - INFO - Parameter -i/--timeframe detected ... Using timeframe: 1d ...
2026-09-29 08:36:07,034 - freqtrade.configuration.configuration - INFO - Using max_open_trades: 5 ...
2026-09-29 08:36:07,034 - freqtrade.configuration.configuration - INFO - Parameter --fee detected, setting fee to: 0.001 ...
2026-09-29 08:36:07,035 - freqtrade.configuration.configuration - INFO - Parameter --timerange detected: 20250701-20251230 ...
2026-09-29 08:36:07,045 - freqtrade.configuration.configuration - INFO - Using user-data directory: /freqtrade/user_data ...
2026-09-29 08:36:07,045 - freqtrade.configuration.configuration - INFO - Using data directory: /freqtrade/user_data/data/binance ...
2026-09-29 08:36:07,045 - freqtrade.configuration.configuration - INFO - Parameter --export detected: trades ...
2026-09-29 08:36:07,046 - freqtrade.configuration.configuration - INFO - Parameter --cache=none detected ...
2026-09-29 08:36:07,046 - freqtrade.configuration.configuration - INFO - Filter trades by timerange: 20250701-20251230
2026-09-29 08:36:07,047 - freqtrade.exchange.check_exchange - INFO - Checking exchange...
2026-09-29 08:36:07,052 - freqtrade.exchange.check_exchange - INFO - Exchange "binance" is officially supported by the Freqtrade development team.
2026-09-29 08:36:07,053 - freqtrade.configuration.configuration - INFO - Using pairlist from configuration.
2026-09-29 08:36:07,053 - freqtrade.configuration.config_validation - INFO - Validating configuration ...
2026-09-29 08:36:07,054 - freqtrade.commands.optimize_commands - INFO - Starting freqtrade in Backtesting mode
2026-09-29 08:36:07,055 - freqtrade.exchange.exchange - INFO - Instance is running with dry_run enabled
2026-09-29 08:36:07,055 - freqtrade.exchange.exchange - INFO - Using CCXT 4.5.76
2026-09-29 08:36:07,055 - freqtrade.exchange.exchange - INFO - Applying additional ccxt config: {'enableRateLimit': True}
2026-09-29 08:36:07,060 - freqtrade.exchange.exchange - INFO - Applying additional ccxt config: {'enableRateLimit': True}
2026-09-29 08:36:07,065 - freqtrade.exchange.exchange - INFO - Using Exchange "Binance"
2026-09-29 08:36:08,728 - freqtrade.resolvers.exchange_resolver - INFO - Using resolved exchange class 'Binance' ...
2026-09-29 08:36:08,735 - freqtrade.resolvers.iresolver - INFO - Using resolved strategy XSMomentum from '/freqtrade/user_data/strategies/XSMomentum.py'...
2026-09-29 08:36:08,735 - freqtrade.strategy.hyper - INFO - Loading parameters from file /freqtrade/user_data/strategies/XSMomentum.json
2026-09-29 08:36:08,736 - freqtrade.resolvers.strategy_resolver - INFO - Override strategy 'timeframe' with value from the configuration: 1d.
2026-09-29 08:36:08,736 - freqtrade.resolvers.strategy_resolver - INFO - Override strategy 'stoploss' with value from the configuration: -0.1.
2026-09-29 08:36:08,736 - freqtrade.resolvers.strategy_resolver - INFO - Override strategy 'stake_currency' with value from the configuration: USDT.
2026-09-29 08:36:08,736 - freqtrade.resolvers.strategy_resolver - INFO - Override strategy 'stake_amount' with value from the configuration: 100.
2026-09-29 08:36:08,736 - freqtrade.resolvers.strategy_resolver - INFO - Override strategy 'unfilledtimeout' with value from the configuration: {'entry': 10, 'exit': 30, 'exit_timeout_count': 0, 
'unit': 'minutes'}.
2026-09-29 08:36:08,737 - freqtrade.resolvers.strategy_resolver - INFO - Override strategy 'use_exit_signal' with value from the configuration: True.
2026-09-29 08:36:08,737 - freqtrade.resolvers.strategy_resolver - INFO - Override strategy 'exit_profit_only' with value from the configuration: False.
2026-09-29 08:36:08,737 - freqtrade.resolvers.strategy_resolver - INFO - Override strategy 'ignore_roi_if_entry_signal' with value from the configuration: False.
2026-09-29 08:36:08,737 - freqtrade.resolvers.strategy_resolver - INFO - Override strategy 'max_open_trades' with value from the configuration: 5.
2026-09-29 08:36:08,737 - freqtrade.resolvers.strategy_resolver - INFO - Strategy using minimal_roi: {'0': 100}
2026-09-29 08:36:08,738 - freqtrade.resolvers.strategy_resolver - INFO - Strategy using timeframe: 1d
2026-09-29 08:36:08,738 - freqtrade.resolvers.strategy_resolver - INFO - Strategy using stoploss: -0.1
2026-09-29 08:36:08,738 - freqtrade.resolvers.strategy_resolver - INFO - Strategy using trailing_stop: False
2026-09-29 08:36:08,738 - freqtrade.resolvers.strategy_resolver - INFO - Strategy using trailing_stop_positive_offset: 0.0
2026-09-29 08:36:08,738 - freqtrade.resolvers.strategy_resolver - INFO - Strategy using trailing_only_offset_is_reached: False
2026-09-29 08:36:08,738 - freqtrade.resolvers.strategy_resolver - INFO - Strategy using use_custom_stoploss: False
2026-09-29 08:36:08,738 - freqtrade.resolvers.strategy_resolver - INFO - Strategy using process_only_new_candles: True
2026-09-29 08:36:08,739 - freqtrade.resolvers.strategy_resolver - INFO - Strategy using order_types: {'entry': 'limit', 'exit': 'limit', 'stoploss': 'limit', 'stoploss_on_exchange': False, 
'stoploss_on_exchange_interval': 60}
2026-09-29 08:36:08,739 - freqtrade.resolvers.strategy_resolver - INFO - Strategy using order_time_in_force: {'entry': 'GTC', 'exit': 'GTC'}
2026-09-29 08:36:08,739 - freqtrade.resolvers.strategy_resolver - INFO - Strategy using stake_currency: USDT
2026-09-29 08:36:08,739 - freqtrade.resolvers.strategy_resolver - INFO - Strategy using stake_amount: 100
2026-09-29 08:36:08,739 - freqtrade.resolvers.strategy_resolver - INFO - Strategy using startup_candle_count: 120
2026-09-29 08:36:08,739 - freqtrade.resolvers.strategy_resolver - INFO - Strategy using unfilledtimeout: {'entry': 10, 'exit': 30, 'exit_timeout_count': 0, 'unit': 'minutes'}
2026-09-29 08:36:08,739 - freqtrade.resolvers.strategy_resolver - INFO - Strategy using use_exit_signal: True
2026-09-29 08:36:08,740 - freqtrade.resolvers.strategy_resolver - INFO - Strategy using exit_profit_only: False
2026-09-29 08:36:08,740 - freqtrade.resolvers.strategy_resolver - INFO - Strategy using ignore_roi_if_entry_signal: False
2026-09-29 08:36:08,740 - freqtrade.resolvers.strategy_resolver - INFO - Strategy using exit_profit_offset: 0.0
2026-09-29 08:36:08,740 - freqtrade.resolvers.strategy_resolver - INFO - Strategy using disable_dataframe_checks: False
2026-09-29 08:36:08,740 - freqtrade.resolvers.strategy_resolver - INFO - Strategy using ignore_buying_expired_candle_after: 0
2026-09-29 08:36:08,740 - freqtrade.resolvers.strategy_resolver - INFO - Strategy using position_adjustment_enable: False
2026-09-29 08:36:08,740 - freqtrade.resolvers.strategy_resolver - INFO - Strategy using max_entry_position_adjustment: -1
2026-09-29 08:36:08,741 - freqtrade.resolvers.strategy_resolver - INFO - Strategy using max_open_trades: 5
2026-09-29 08:36:08,741 - freqtrade.configuration.config_validation - INFO - Validating configuration ...
2026-09-29 08:36:08,743 - freqtrade.resolvers.iresolver - INFO - Using resolved pairlist StaticPairList from '/freqtrade/freqtrade/plugins/pairlist/StaticPairList.py'...
2026-09-29 08:36:08,752 - freqtrade.optimize.backtesting - INFO - Using fee 0.1000% from config.
2026-09-29 08:36:08,884 - freqtrade.optimize.backtesting - INFO - Loading data from 2025-03-03 00:00:00 up to 2025-12-30 00:00:00 (302 days).
2026-09-29 08:36:08,967 - freqtrade.optimize.backtesting - INFO - Dataload complete. Calculating indicators
2026-09-29 08:36:08,968 - freqtrade.optimize.backtesting - INFO - Running backtesting for Strategy XSMomentum
2026-09-29 08:36:08,968 - freqtrade.strategy.hyper - INFO - Strategy Parameter: lookback = 82
2026-09-29 08:36:08,968 - freqtrade.strategy.hyper - INFO - Strategy Parameter: top_k = 4
2026-09-29 08:36:08,969 - freqtrade.data.dataprovider - INFO - Loading data for BTC/USDT 1d from 2025-03-03 00:00:00 to 2025-12-30 00:00:00
2026-09-29 08:36:08,978 - freqtrade.data.dataprovider - INFO - Loading data for ETH/USDT 1d from 2025-03-03 00:00:00 to 2025-12-30 00:00:00
2026-09-29 08:36:08,986 - freqtrade.data.dataprovider - INFO - Loading data for BNB/USDT 1d from 2025-03-03 00:00:00 to 2025-12-30 00:00:00
2026-09-29 08:36:08,994 - freqtrade.data.dataprovider - INFO - Loading data for XRP/USDT 1d from 2025-03-03 00:00:00 to 2025-12-30 00:00:00
2026-09-29 08:36:09,002 - freqtrade.data.dataprovider - INFO - Loading data for ADA/USDT 1d from 2025-03-03 00:00:00 to 2025-12-30 00:00:00
2026-09-29 08:36:09,010 - freqtrade.data.dataprovider - INFO - Loading data for SOL/USDT 1d from 2025-03-03 00:00:00 to 2025-12-30 00:00:00
2026-09-29 08:36:09,018 - freqtrade.data.dataprovider - INFO - Loading data for DOGE/USDT 1d from 2025-03-03 00:00:00 to 2025-12-30 00:00:00
2026-09-29 08:36:09,026 - freqtrade.data.dataprovider - INFO - Loading data for LTC/USDT 1d from 2025-03-03 00:00:00 to 2025-12-30 00:00:00
2026-09-29 08:36:09,034 - freqtrade.data.dataprovider - INFO - Loading data for LINK/USDT 1d from 2025-03-03 00:00:00 to 2025-12-30 00:00:00
2026-09-29 08:36:09,042 - freqtrade.data.dataprovider - INFO - Loading data for XLM/USDT 1d from 2025-03-03 00:00:00 to 2025-12-30 00:00:00
2026-09-29 08:36:09,050 - freqtrade.data.dataprovider - INFO - Loading data for TRX/USDT 1d from 2025-03-03 00:00:00 to 2025-12-30 00:00:00
2026-09-29 08:36:09,058 - freqtrade.data.dataprovider - INFO - Loading data for AVAX/USDT 1d from 2025-03-03 00:00:00 to 2025-12-30 00:00:00
2026-09-29 08:36:09,066 - freqtrade.data.dataprovider - INFO - Loading data for ALGO/USDT 1d from 2025-03-03 00:00:00 to 2025-12-30 00:00:00
2026-09-29 08:36:09,076 - freqtrade.data.dataprovider - INFO - Loading data for UNI/USDT 1d from 2025-03-03 00:00:00 to 2025-12-30 00:00:00
2026-09-29 08:36:09,084 - freqtrade.data.dataprovider - INFO - Loading data for NEAR/USDT 1d from 2025-03-03 00:00:00 to 2025-12-30 00:00:00
2026-09-29 08:36:09,092 - freqtrade.data.dataprovider - INFO - Loading data for HBAR/USDT 1d from 2025-03-03 00:00:00 to 2025-12-30 00:00:00
2026-09-29 08:36:09,100 - freqtrade.data.dataprovider - INFO - Loading data for ZEC/USDT 1d from 2025-03-03 00:00:00 to 2025-12-30 00:00:00
2026-09-29 08:36:09,351 - freqtrade.optimize.backtesting - INFO - Backtesting with data from 2025-07-01 00:00:00 up to 2025-12-30 00:00:00 (182 days).
backtest ━━━━━━━━━━━━━━━━━━━━━━━━━━━━━━━━━━━━━━━━━━━━━━━━━━━━━━━━━━━━━━━━━━━━━━━━━━━━━━━━━━━━━━━━━━━━━━━━━━━━━━━━━━━━━━━━━━━━━━━━━━━━━━━━━━━━━━━━━━━━━━━━━━━━━━━━━━━━━━ 4/4     100% • 0:00:00 • 0:00:00
backtest ━━━━━━━━━━━━━━━━━━━━━━━━━━━━━━━━━━━━━━━━━━━━━━━━━━━━━━━━━━━━━━━━━━━━━━━━━━━━━━━━━━━━━━━━━━━━━━━━━━━━━━━━━━━━━━━━━━━━━━━━━━━━━━━━━━━━━━━━━━━━━━━━━━━━━━━━━━━━━━ 182/182 100% • 0:00:00 • 0:00:00
2026-09-29 08:36:09,859 - freqtrade.misc - INFO - dumping json to "/freqtrade/user_data/backtest_results/backtest-result-2026-09-29_11-36-09.meta.json"
Result for strategy XSMomentum
                                                BACKTESTING REPORT                                                 
┏━━━━━━━━━━━┳━━━━━━━━┳━━━━━━━━━━━━━━┳━━━━━━━━━━━━━━━━━┳━━━━━━━━━━━━━━┳━━━━━━━━━━━━━━━━━━━┳━━━━━━━━━━━━━━━━━━━━━━━━┓
┃      Pair ┃ Trades ┃ Avg Profit % ┃ Tot Profit USDT ┃ Tot Profit % ┃      Avg Duration ┃  Win  Draw  Loss  Win% ┃
┡━━━━━━━━━━━╇━━━━━━━━╇━━━━━━━━━━━━━━╇━━━━━━━━━━━━━━━━━╇━━━━━━━━━━━━━━╇━━━━━━━━━━━━━━━━━━━╇━━━━━━━━━━━━━━━━━━━━━━━━┩
│  ZEC/USDT │      3 │        209.5 │         334.243 │        16.71 │ 30 days, 16:00:00 │    3     0     0   100 │
│  ETH/USDT │      3 │        11.71 │          36.786 │         1.84 │  41 days, 0:00:00 │    1     0     2  33.3 │
│  TRX/USDT │      4 │          4.5 │          32.531 │         1.63 │ 17 days, 18:00:00 │    4     0     0   100 │
│  BTC/USDT │      4 │         2.41 │          17.723 │         0.89 │  5 days, 12:00:00 │    1     0     3  25.0 │
│  BNB/USDT │      3 │         2.33 │          13.958 │          0.7 │  55 days, 0:00:00 │    2     0     1  66.7 │
│  XLM/USDT │      1 │         17.1 │          10.356 │         0.52 │   7 days, 0:00:00 │    1     0     0   100 │
│  UNI/USDT │     10 │        -0.68 │           8.562 │         0.43 │   6 days, 4:48:00 │    4     0     6  40.0 │
│ DOGE/USDT │      1 │         9.97 │           5.359 │         0.27 │   3 days, 0:00:00 │    1     0     0   100 │
│ ALGO/USDT │      0 │          0.0 │           0.000 │          0.0 │              0:00 │    0     0     0     0 │
│ HBAR/USDT │      0 │          0.0 │           0.000 │          0.0 │              0:00 │    0     0     0     0 │
│ AVAX/USDT │      3 │        -1.16 │          -2.256 │        -0.11 │  5 days, 16:00:00 │    1     0     2  33.3 │
│  ADA/USDT │      1 │        -2.58 │          -2.669 │        -0.13 │    1 day, 0:00:00 │    0     0     1     0 │
│  XRP/USDT │      3 │        -1.78 │          -5.054 │        -0.25 │   2 days, 0:00:00 │    1     0     2  33.3 │
│ LINK/USDT │      4 │        -4.75 │         -13.654 │        -0.68 │  9 days, 12:00:00 │    1     0     3  25.0 │
│ NEAR/USDT │      6 │         -5.7 │         -15.085 │        -0.75 │   5 days, 0:00:00 │    1     0     5  16.7 │
│  SOL/USDT │     10 │         -2.7 │         -18.151 │        -0.91 │   4 days, 2:24:00 │    4     0     6  40.0 │
│  LTC/USDT │      8 │        -4.54 │         -25.720 │        -1.29 │   3 days, 3:00:00 │    3     0     5  37.5 │
│     TOTAL │     64 │         9.23 │         376.928 │        18.85 │ 10 days, 23:38:00 │   28     0    36  43.8 │
└───────────┴────────┴──────────────┴─────────────────┴──────────────┴───────────────────┴────────────────────────┘
                                             LEFT OPEN TRADES REPORT                                              
┏━━━━━━━━━━━┳━━━━━━━━┳━━━━━━━━━━━━━━┳━━━━━━━━━━━━━━━━━┳━━━━━━━━━━━━━━┳━━━━━━━━━━━━━━━━━━┳━━━━━━━━━━━━━━━━━━━━━━━━┓
┃      Pair ┃ Trades ┃ Avg Profit % ┃ Tot Profit USDT ┃ Tot Profit % ┃     Avg Duration ┃  Win  Draw  Loss  Win% ┃
┡━━━━━━━━━━━╇━━━━━━━━╇━━━━━━━━━━━━━━╇━━━━━━━━━━━━━━━━━╇━━━━━━━━━━━━━━╇━━━━━━━━━━━━━━━━━━╇━━━━━━━━━━━━━━━━━━━━━━━━┩
│  ZEC/USDT │      1 │       626.06 │         332.456 │        16.62 │ 90 days, 0:00:00 │    1     0     0   100 │
│  UNI/USDT │      1 │        17.78 │          16.171 │         0.81 │ 14 days, 0:00:00 │    1     0     0   100 │
│  LTC/USDT │      1 │         0.84 │           0.812 │         0.04 │ 14 days, 0:00:00 │    1     0     0   100 │
│ NEAR/USDT │      1 │        -4.64 │          -3.387 │        -0.17 │  2 days, 0:00:00 │    0     0     1     0 │
│     TOTAL │      4 │       160.01 │         346.053 │         17.3 │ 30 days, 0:00:00 │    3     0     1  75.0 │
└───────────┴────────┴──────────────┴─────────────────┴──────────────┴──────────────────┴────────────────────────┘
                                                  ENTER TAG STATS                                                   
┏━━━━━━━━━━━┳━━━━━━━━━┳━━━━━━━━━━━━━━┳━━━━━━━━━━━━━━━━━┳━━━━━━━━━━━━━━┳━━━━━━━━━━━━━━━━━━━┳━━━━━━━━━━━━━━━━━━━━━━━━┓
┃ Enter Tag ┃ Entries ┃ Avg Profit % ┃ Tot Profit USDT ┃ Tot Profit % ┃      Avg Duration ┃  Win  Draw  Loss  Win% ┃
┡━━━━━━━━━━━╇━━━━━━━━━╇━━━━━━━━━━━━━━╇━━━━━━━━━━━━━━━━━╇━━━━━━━━━━━━━━╇━━━━━━━━━━━━━━━━━━━╇━━━━━━━━━━━━━━━━━━━━━━━━┩
│     OTHER │      64 │         9.23 │         376.928 │        18.85 │ 10 days, 23:38:00 │   28     0    36  43.8 │
│     TOTAL │      64 │         9.23 │         376.928 │        18.85 │ 10 days, 23:38:00 │   28     0    36  43.8 │
└───────────┴─────────┴──────────────┴─────────────────┴──────────────┴───────────────────┴────────────────────────┘
                                                 EXIT REASON STATS                                                  
┏━━━━━━━━━━━━━┳━━━━━━━┳━━━━━━━━━━━━━━┳━━━━━━━━━━━━━━━━━┳━━━━━━━━━━━━━━┳━━━━━━━━━━━━━━━━━━━┳━━━━━━━━━━━━━━━━━━━━━━━━┓
┃ Exit Reason ┃ Exits ┃ Avg Profit % ┃ Tot Profit USDT ┃ Tot Profit % ┃      Avg Duration ┃  Win  Draw  Loss  Win% ┃
┡━━━━━━━━━━━━━╇━━━━━━━╇━━━━━━━━━━━━━━╇━━━━━━━━━━━━━━━━━╇━━━━━━━━━━━━━━╇━━━━━━━━━━━━━━━━━━━╇━━━━━━━━━━━━━━━━━━━━━━━━┩
│  force_exit │     4 │       160.01 │         346.053 │         17.3 │  30 days, 0:00:00 │    3     0     1  75.0 │
│ exit_signal │    39 │         4.21 │         159.844 │         7.99 │ 11 days, 19:05:00 │   25     0    14  64.1 │
│   stop_loss │    21 │       -10.17 │        -128.969 │        -6.45 │  5 days, 20:34:00 │    0     0    21     0 │
│       TOTAL │    64 │         9.23 │         376.928 │        18.85 │ 10 days, 23:38:00 │   28     0    36  43.8 │
└─────────────┴───────┴──────────────┴─────────────────┴──────────────┴───────────────────┴────────────────────────┘
                                                         MIXED TAG STATS                                                         
┏━━━━━━━━━━━┳━━━━━━━━━━━━━┳━━━━━━━━┳━━━━━━━━━━━━━━┳━━━━━━━━━━━━━━━━━┳━━━━━━━━━━━━━━┳━━━━━━━━━━━━━━━━━━━┳━━━━━━━━━━━━━━━━━━━━━━━━┓
┃ Enter Tag ┃ Exit Reason ┃ Trades ┃ Avg Profit % ┃ Tot Profit USDT ┃ Tot Profit % ┃      Avg Duration ┃  Win  Draw  Loss  Win% ┃
┡━━━━━━━━━━━╇━━━━━━━━━━━━━╇━━━━━━━━╇━━━━━━━━━━━━━━╇━━━━━━━━━━━━━━━━━╇━━━━━━━━━━━━━━╇━━━━━━━━━━━━━━━━━━━╇━━━━━━━━━━━━━━━━━━━━━━━━┩
│           │  force_exit │      4 │       160.01 │         346.053 │         17.3 │  30 days, 0:00:00 │    3     0     1  75.0 │
│           │ exit_signal │     39 │         4.21 │         159.844 │         7.99 │ 11 days, 19:05:00 │   25     0    14  64.1 │
│           │   stop_loss │     21 │       -10.17 │        -128.969 │        -6.45 │  5 days, 20:34:00 │    0     0    21     0 │
│     TOTAL │             │     64 │         9.23 │         376.928 │        18.85 │ 10 days, 23:38:00 │   28     0    36  43.8 │
└───────────┴─────────────┴────────┴──────────────┴─────────────────┴──────────────┴───────────────────┴────────────────────────┘
                                   SUMMARY METRICS                                    
┏━━━━━━━━━━━━━━━━━━━━━━━━━━━━━━━━━━━━━━━━┳━━━━━━━━━━━━━━━━━━━━━━━━━━━━━━━━━━━━━━━━━━━┓
┃ Metric                                 ┃ Value                                     ┃
┡━━━━━━━━━━━━━━━━━━━━━━━━━━━━━━━━━━━━━━━━╇━━━━━━━━━━━━━━━━━━━━━━━━━━━━━━━━━━━━━━━━━━━┩
│ Backtesting from                       │ 2025-07-01 00:00:00                       │
│ Backtesting to                         │ 2025-12-30 00:00:00                       │
│ Trading Mode                           │ Spot                                      │
│ Max open trades                        │ 5                                         │
│                                        │                                           │
│ Total/Daily Avg Trades                 │ 64 / 0.35                                 │
│ Starting balance                       │ 2000 USDT                                 │
│ Final balance                          │ 2376.928 USDT                             │
│ Absolute profit                        │ 376.928 USDT                              │
│ Total profit %                         │ 18.85%                                    │
│ CAGR %                                 │ 41.38%                                    │
│ Sharpe (closed trades)                 │ 0.94                                      │
│ Sortino (closed trades)                │ 14.73                                     │
│ Calmar (closed trades)                 │ 59.14                                     │
│ SQN                                    │ 1.11                                      │
│ Mean profit p-value                    │ 0.2721                                    │
│ Profit factor                          │ 3.48                                      │
│ Expectancy (Ratio)                     │ 5.89 (1.39)                               │
│ Avg. daily profit                      │ 2.071 USDT                                │
│ Avg. stake amount                      │ 86.129 USDT                               │
│ Market change                          │ 68.19%                                    │
│ Total trade volume                     │ 11424.246 USDT                            │
│                                        │                                           │
│ Best Pair                              │ ZEC/USDT 16.71%                           │
│ Worst Pair                             │ LTC/USDT -1.29%                           │
│ Best trade                             │ ZEC/USDT 626.06%                          │
│ Worst trade                            │ NEAR/USDT -10.18%                         │
│ Best day                               │ 346.053 USDT                              │
│ Worst day                              │ -14.03 USDT                               │
│ Days win/draw/lose                     │ 25 / 125 / 30                             │
│ Min/Max/Avg. Duration Winners          │ 1d 00:00 / 158d 00:00 / 19d 16:17         │
│ Min/Max/Avg. Duration Losers           │ 0d 00:00 / 17d 00:00 / 4d 05:20           │
│ Max Consecutive Wins / Loss            │ 6 / 6                                     │
│ Rejected Entry signals                 │ 0                                         │
│ Entry/Exit Timeouts                    │ 0 / 0                                     │
│                                        │                                           │
│ Min/Max balance (closed trades)        │ 2003 USDT / 2376.928 USDT                 │
│ Max % of account underwater            │ 3.35%                                     │
│ Absolute drawdown                      │ 69.788 USDT (3.35%)                       │
│ Drawdown duration                      │ 61 days 00:00:00                          │
│ Profit at drawdown start               │ 86.254 USDT                               │
│ Profit at drawdown end                 │ 16.466 USDT                               │
│ Drawdown start                         │ 2025-10-15 00:00:00                       │
│ Drawdown end                           │ 2025-12-15 00:00:00                       │
│                                        │                                           │
│ Wallet based Metrics                   │                                           │
│ Min/Max balance (wallet balance)       │ 2000 USDT / 2524.861 USDT                 │
│ Min/Max balance dates (wallet balance) │ 2025-07-02 00:00:00 / 2025-11-17 00:00:00 │
│ Max % of account underwater (balance)  │ 11.93%                                    │
│ Absolute drawdown (wallet balance)     │ 301.149 USDT (11.93%)                     │
│ Drawdown duration                      │ 16 days 00:00:00                          │
│ Profit at drawdown start               │ 524.861 USDT                              │
│ Profit at drawdown end                 │ 223.711 USDT                              │
│ Drawdown start                         │ 2025-11-17 00:00:00                       │
│ Drawdown end                           │ 2025-12-03 00:00:00                       │
│ Sharpe (daily wallet balance)          │ 1.76                                      │
│ Sortino (daily wallet balance)         │ 2.49                                      │
│ Calmar (daily wallet balance)          │ 16.72                                     │
└────────────────────────────────────────┴───────────────────────────────────────────┘

Backtested 2025-07-01 00:00:00 -> 2025-12-30 00:00:00 | Max open trades : 5
                                                            STRATEGY SUMMARY                                                             
┏━━━━━━━━━━━━┳━━━━━━━━┳━━━━━━━━━━━━━━┳━━━━━━━━━━━━━━━━━┳━━━━━━━━━━━━━━┳━━━━━━━━━━━━━━━━━━━┳━━━━━━━━━━━━━━━━━━━━━━━━┳━━━━━━━━━━━━━━━━━━━━┓
┃   Strategy ┃ Trades ┃ Avg Profit % ┃ Tot Profit USDT ┃ Tot Profit % ┃      Avg Duration ┃  Win  Draw  Loss  Win% ┃           Drawdown ┃
┡━━━━━━━━━━━━╇━━━━━━━━╇━━━━━━━━━━━━━━╇━━━━━━━━━━━━━━━━━╇━━━━━━━━━━━━━━╇━━━━━━━━━━━━━━━━━━━╇━━━━━━━━━━━━━━━━━━━━━━━━╇━━━━━━━━━━━━━━━━━━━━┩
│ XSMomentum │     64 │         9.23 │         376.928 │        18.85 │ 10 days, 23:38:00 │   28     0    36  43.8 │ 69.788 USDT  3.35% │
└────────────┴────────┴──────────────┴─────────────────┴──────────────┴───────────────────┴────────────────────────┴────────────────────┘
