2026-09-29 08:31:14,176 - freqtrade - INFO - freqtrade 2026.8
2026-09-29 08:31:14,344 - numexpr.utils - INFO - NumExpr defaulting to 12 threads.
2026-09-29 08:31:15,487 - freqtrade.configuration.load_config - INFO - Using config: user_data/config.json ...
2026-09-29 08:31:15,488 - freqtrade.loggers - INFO - Enabling colorized output.
2026-09-29 08:31:15,489 - freqtrade.loggers - INFO - Logfile configured
2026-09-29 08:31:15,489 - freqtrade.loggers - INFO - Verbosity set to 0
2026-09-29 08:31:15,489 - freqtrade.configuration.configuration - INFO - Parameter -i/--timeframe detected ... Using timeframe: 1d ...
2026-09-29 08:31:15,489 - freqtrade.configuration.configuration - INFO - Using max_open_trades: 5 ...
2026-09-29 08:31:15,490 - freqtrade.configuration.configuration - INFO - Parameter --fee detected, setting fee to: 0.001 ...
2026-09-29 08:31:15,490 - freqtrade.configuration.configuration - INFO - Parameter --timerange detected: 20221231-20230701 ...
2026-09-29 08:31:15,500 - freqtrade.configuration.configuration - INFO - Using user-data directory: /freqtrade/user_data ...
2026-09-29 08:31:15,500 - freqtrade.configuration.configuration - INFO - Using data directory: /freqtrade/user_data/data/binance ...
2026-09-29 08:31:15,501 - freqtrade.configuration.configuration - INFO - Parameter --export detected: trades ...
2026-09-29 08:31:15,501 - freqtrade.configuration.configuration - INFO - Parameter --cache=none detected ...
2026-09-29 08:31:15,501 - freqtrade.configuration.configuration - INFO - Filter trades by timerange: 20221231-20230701
2026-09-29 08:31:15,502 - freqtrade.exchange.check_exchange - INFO - Checking exchange...
2026-09-29 08:31:15,507 - freqtrade.exchange.check_exchange - INFO - Exchange "binance" is officially supported by the Freqtrade development team.
2026-09-29 08:31:15,507 - freqtrade.configuration.configuration - INFO - Using pairlist from configuration.
2026-09-29 08:31:15,507 - freqtrade.configuration.config_validation - INFO - Validating configuration ...
2026-09-29 08:31:15,508 - freqtrade.commands.optimize_commands - INFO - Starting freqtrade in Backtesting mode
2026-09-29 08:31:15,509 - freqtrade.exchange.exchange - INFO - Instance is running with dry_run enabled
2026-09-29 08:31:15,509 - freqtrade.exchange.exchange - INFO - Using CCXT 4.5.76
2026-09-29 08:31:15,509 - freqtrade.exchange.exchange - INFO - Applying additional ccxt config: {'enableRateLimit': True}
2026-09-29 08:31:15,513 - freqtrade.exchange.exchange - INFO - Applying additional ccxt config: {'enableRateLimit': True}
2026-09-29 08:31:15,517 - freqtrade.exchange.exchange - INFO - Using Exchange "Binance"
2026-09-29 08:31:17,586 - freqtrade.resolvers.exchange_resolver - INFO - Using resolved exchange class 'Binance' ...
2026-09-29 08:31:17,593 - freqtrade.resolvers.iresolver - INFO - Using resolved strategy XSMomentum from '/freqtrade/user_data/strategies/XSMomentum.py'...
2026-09-29 08:31:17,594 - freqtrade.strategy.hyper - INFO - Loading parameters from file /freqtrade/user_data/strategies/XSMomentum.json
2026-09-29 08:31:17,594 - freqtrade.resolvers.strategy_resolver - INFO - Override strategy 'timeframe' with value from the configuration: 1d.
2026-09-29 08:31:17,594 - freqtrade.resolvers.strategy_resolver - INFO - Override strategy 'stoploss' with value from the configuration: -0.1.
2026-09-29 08:31:17,595 - freqtrade.resolvers.strategy_resolver - INFO - Override strategy 'stake_currency' with value from the configuration: USDT.
2026-09-29 08:31:17,595 - freqtrade.resolvers.strategy_resolver - INFO - Override strategy 'stake_amount' with value from the configuration: 100.
2026-09-29 08:31:17,595 - freqtrade.resolvers.strategy_resolver - INFO - Override strategy 'unfilledtimeout' with value from the configuration: {'entry': 10, 'exit': 30, 'exit_timeout_count': 0, 
'unit': 'minutes'}.
2026-09-29 08:31:17,595 - freqtrade.resolvers.strategy_resolver - INFO - Override strategy 'use_exit_signal' with value from the configuration: True.
2026-09-29 08:31:17,595 - freqtrade.resolvers.strategy_resolver - INFO - Override strategy 'exit_profit_only' with value from the configuration: False.
2026-09-29 08:31:17,596 - freqtrade.resolvers.strategy_resolver - INFO - Override strategy 'ignore_roi_if_entry_signal' with value from the configuration: False.
2026-09-29 08:31:17,596 - freqtrade.resolvers.strategy_resolver - INFO - Override strategy 'max_open_trades' with value from the configuration: 5.
2026-09-29 08:31:17,596 - freqtrade.resolvers.strategy_resolver - INFO - Strategy using minimal_roi: {'0': 100}
2026-09-29 08:31:17,596 - freqtrade.resolvers.strategy_resolver - INFO - Strategy using timeframe: 1d
2026-09-29 08:31:17,597 - freqtrade.resolvers.strategy_resolver - INFO - Strategy using stoploss: -0.1
2026-09-29 08:31:17,597 - freqtrade.resolvers.strategy_resolver - INFO - Strategy using trailing_stop: False
2026-09-29 08:31:17,597 - freqtrade.resolvers.strategy_resolver - INFO - Strategy using trailing_stop_positive_offset: 0.0
2026-09-29 08:31:17,597 - freqtrade.resolvers.strategy_resolver - INFO - Strategy using trailing_only_offset_is_reached: False
2026-09-29 08:31:17,597 - freqtrade.resolvers.strategy_resolver - INFO - Strategy using use_custom_stoploss: False
2026-09-29 08:31:17,597 - freqtrade.resolvers.strategy_resolver - INFO - Strategy using process_only_new_candles: True
2026-09-29 08:31:17,598 - freqtrade.resolvers.strategy_resolver - INFO - Strategy using order_types: {'entry': 'limit', 'exit': 'limit', 'stoploss': 'limit', 'stoploss_on_exchange': False, 
'stoploss_on_exchange_interval': 60}
2026-09-29 08:31:17,598 - freqtrade.resolvers.strategy_resolver - INFO - Strategy using order_time_in_force: {'entry': 'GTC', 'exit': 'GTC'}
2026-09-29 08:31:17,598 - freqtrade.resolvers.strategy_resolver - INFO - Strategy using stake_currency: USDT
2026-09-29 08:31:17,598 - freqtrade.resolvers.strategy_resolver - INFO - Strategy using stake_amount: 100
2026-09-29 08:31:17,598 - freqtrade.resolvers.strategy_resolver - INFO - Strategy using startup_candle_count: 120
2026-09-29 08:31:17,599 - freqtrade.resolvers.strategy_resolver - INFO - Strategy using unfilledtimeout: {'entry': 10, 'exit': 30, 'exit_timeout_count': 0, 'unit': 'minutes'}
2026-09-29 08:31:17,599 - freqtrade.resolvers.strategy_resolver - INFO - Strategy using use_exit_signal: True
2026-09-29 08:31:17,599 - freqtrade.resolvers.strategy_resolver - INFO - Strategy using exit_profit_only: False
2026-09-29 08:31:17,599 - freqtrade.resolvers.strategy_resolver - INFO - Strategy using ignore_roi_if_entry_signal: False
2026-09-29 08:31:17,599 - freqtrade.resolvers.strategy_resolver - INFO - Strategy using exit_profit_offset: 0.0
2026-09-29 08:31:17,599 - freqtrade.resolvers.strategy_resolver - INFO - Strategy using disable_dataframe_checks: False
2026-09-29 08:31:17,600 - freqtrade.resolvers.strategy_resolver - INFO - Strategy using ignore_buying_expired_candle_after: 0
2026-09-29 08:31:17,600 - freqtrade.resolvers.strategy_resolver - INFO - Strategy using position_adjustment_enable: False
2026-09-29 08:31:17,600 - freqtrade.resolvers.strategy_resolver - INFO - Strategy using max_entry_position_adjustment: -1
2026-09-29 08:31:17,600 - freqtrade.resolvers.strategy_resolver - INFO - Strategy using max_open_trades: 5
2026-09-29 08:31:17,600 - freqtrade.configuration.config_validation - INFO - Validating configuration ...
2026-09-29 08:31:17,603 - freqtrade.resolvers.iresolver - INFO - Using resolved pairlist StaticPairList from '/freqtrade/freqtrade/plugins/pairlist/StaticPairList.py'...
2026-09-29 08:31:17,612 - freqtrade.optimize.backtesting - INFO - Using fee 0.1000% from config.
2026-09-29 08:31:17,743 - freqtrade.optimize.backtesting - INFO - Loading data from 2022-09-02 00:00:00 up to 2023-07-01 00:00:00 (302 days).
2026-09-29 08:31:17,813 - freqtrade.optimize.backtesting - INFO - Dataload complete. Calculating indicators
2026-09-29 08:31:17,814 - freqtrade.optimize.backtesting - INFO - Running backtesting for Strategy XSMomentum
2026-09-29 08:31:17,814 - freqtrade.strategy.hyper - INFO - Strategy Parameter: lookback = 64
2026-09-29 08:31:17,814 - freqtrade.strategy.hyper - INFO - Strategy Parameter: top_k = 2
2026-09-29 08:31:17,815 - freqtrade.data.dataprovider - INFO - Loading data for BTC/USDT 1d from 2022-09-02 00:00:00 to 2023-07-01 00:00:00
2026-09-29 08:31:17,824 - freqtrade.data.dataprovider - INFO - Loading data for ETH/USDT 1d from 2022-09-02 00:00:00 to 2023-07-01 00:00:00
2026-09-29 08:31:17,832 - freqtrade.data.dataprovider - INFO - Loading data for BNB/USDT 1d from 2022-09-02 00:00:00 to 2023-07-01 00:00:00
2026-09-29 08:31:17,840 - freqtrade.data.dataprovider - INFO - Loading data for XRP/USDT 1d from 2022-09-02 00:00:00 to 2023-07-01 00:00:00
2026-09-29 08:31:17,847 - freqtrade.data.dataprovider - INFO - Loading data for ADA/USDT 1d from 2022-09-02 00:00:00 to 2023-07-01 00:00:00
2026-09-29 08:31:17,855 - freqtrade.data.dataprovider - INFO - Loading data for SOL/USDT 1d from 2022-09-02 00:00:00 to 2023-07-01 00:00:00
2026-09-29 08:31:17,863 - freqtrade.data.dataprovider - INFO - Loading data for DOGE/USDT 1d from 2022-09-02 00:00:00 to 2023-07-01 00:00:00
2026-09-29 08:31:17,870 - freqtrade.data.dataprovider - INFO - Loading data for LTC/USDT 1d from 2022-09-02 00:00:00 to 2023-07-01 00:00:00
2026-09-29 08:31:17,878 - freqtrade.data.dataprovider - INFO - Loading data for LINK/USDT 1d from 2022-09-02 00:00:00 to 2023-07-01 00:00:00
2026-09-29 08:31:17,886 - freqtrade.data.dataprovider - INFO - Loading data for XLM/USDT 1d from 2022-09-02 00:00:00 to 2023-07-01 00:00:00
2026-09-29 08:31:17,893 - freqtrade.data.dataprovider - INFO - Loading data for TRX/USDT 1d from 2022-09-02 00:00:00 to 2023-07-01 00:00:00
2026-09-29 08:31:17,901 - freqtrade.data.dataprovider - INFO - Loading data for AVAX/USDT 1d from 2022-09-02 00:00:00 to 2023-07-01 00:00:00
2026-09-29 08:31:17,910 - freqtrade.data.dataprovider - INFO - Loading data for ALGO/USDT 1d from 2022-09-02 00:00:00 to 2023-07-01 00:00:00
2026-09-29 08:31:17,918 - freqtrade.data.dataprovider - INFO - Loading data for UNI/USDT 1d from 2022-09-02 00:00:00 to 2023-07-01 00:00:00
2026-09-29 08:31:17,926 - freqtrade.data.dataprovider - INFO - Loading data for NEAR/USDT 1d from 2022-09-02 00:00:00 to 2023-07-01 00:00:00
2026-09-29 08:31:17,934 - freqtrade.data.dataprovider - INFO - Loading data for HBAR/USDT 1d from 2022-09-02 00:00:00 to 2023-07-01 00:00:00
2026-09-29 08:31:17,942 - freqtrade.data.dataprovider - INFO - Loading data for ZEC/USDT 1d from 2022-09-02 00:00:00 to 2023-07-01 00:00:00
2026-09-29 08:31:18,183 - freqtrade.optimize.backtesting - INFO - Backtesting with data from 2022-12-31 00:00:00 up to 2023-07-01 00:00:00 (182 days).
backtest ━━━━━━━━━━━━━━━━━━━━━━━━━━━━━━━━━━━━━━━━━━━━━━━━━━━━━━━━━━━━━━━━━━━━━━━━━━━━━━━━━━━━━━━━━━━━━━━━━━━━━━━━━━━━━━━━━━━━━━━━━━━━━━━━━━━━━━━━━━━━━━━━━━━━━━━━━━━━━━ 4/4     100% • 0:00:00 • 0:00:00
backtest ━━━━━━━━━━━━━━━━━━━━━━━━━━━━━━━━━━━━━━━━━━━━━━━━━━━━━━━━━━━━━━━━━━━━━━━━━━━━━━━━━━━━━━━━━━━━━━━━━━━━━━━━━━━━━━━━━━━━━━━━━━━━━━━━━━━━━━━━━━━━━━━━━━━━━━━━━━━━━━ 182/182 100% • 0:00:00 • 0:00:00
2026-09-29 08:31:18,632 - freqtrade.misc - INFO - dumping json to "/freqtrade/user_data/backtest_results/backtest-result-2026-09-29_11-31-18.meta.json"
Result for strategy XSMomentum
                                                BACKTESTING REPORT                                                 
┏━━━━━━━━━━━┳━━━━━━━━┳━━━━━━━━━━━━━━┳━━━━━━━━━━━━━━━━━┳━━━━━━━━━━━━━━┳━━━━━━━━━━━━━━━━━━━┳━━━━━━━━━━━━━━━━━━━━━━━━┓
┃      Pair ┃ Trades ┃ Avg Profit % ┃ Tot Profit USDT ┃ Tot Profit % ┃      Avg Duration ┃  Win  Draw  Loss  Win% ┃
┡━━━━━━━━━━━╇━━━━━━━━╇━━━━━━━━━━━━━━╇━━━━━━━━━━━━━━━━━╇━━━━━━━━━━━━━━╇━━━━━━━━━━━━━━━━━━━╇━━━━━━━━━━━━━━━━━━━━━━━━┩
│  BTC/USDT │      4 │         9.26 │          46.063 │          2.3 │ 32 days, 18:00:00 │    3     0     1  75.0 │
│  LTC/USDT │      5 │         3.18 │          18.604 │         0.93 │   5 days, 4:48:00 │    3     0     2  60.0 │
│  ZEC/USDT │      2 │         6.24 │          12.361 │         0.62 │  3 days, 12:00:00 │    2     0     0   100 │
│ DOGE/USDT │      1 │         1.42 │           1.222 │         0.06 │   2 days, 0:00:00 │    1     0     0   100 │
│  XRP/USDT │     13 │         0.15 │           0.031 │          0.0 │  3 days, 20:18:00 │    7     0     6  53.8 │
│  ADA/USDT │      0 │          0.0 │           0.000 │          0.0 │              0:00 │    0     0     0     0 │
│ LINK/USDT │      0 │          0.0 │           0.000 │          0.0 │              0:00 │    0     0     0     0 │
│  XLM/USDT │      0 │          0.0 │           0.000 │          0.0 │              0:00 │    0     0     0     0 │
│ ALGO/USDT │      0 │          0.0 │           0.000 │          0.0 │              0:00 │    0     0     0     0 │
│ NEAR/USDT │      0 │          0.0 │           0.000 │          0.0 │              0:00 │    0     0     0     0 │
│  UNI/USDT │      1 │        -0.24 │          -0.274 │        -0.01 │   2 days, 0:00:00 │    0     0     1     0 │
│ AVAX/USDT │      2 │         -4.8 │          -4.774 │        -0.24 │  2 days, 12:00:00 │    0     0     2     0 │
│ HBAR/USDT │      4 │        -3.27 │          -7.485 │        -0.37 │   6 days, 6:00:00 │    1     0     3  25.0 │
│  ETH/USDT │     17 │        -0.36 │          -8.673 │        -0.43 │   3 days, 4:14:00 │    7     0    10  41.2 │
│  TRX/USDT │      3 │        -0.03 │          -9.547 │        -0.48 │  13 days, 8:00:00 │    2     0     1  66.7 │
│  SOL/USDT │      3 │        -6.78 │         -10.306 │        -0.52 │   3 days, 0:00:00 │    0     0     3     0 │
│  BNB/USDT │      3 │        -2.95 │         -10.816 │        -0.54 │    1 day, 8:00:00 │    1     0     2  33.3 │
│     TOTAL │     58 │         0.18 │          26.405 │         1.32 │   6 days, 2:54:00 │   27     0    31  46.6 │
└───────────┴────────┴──────────────┴─────────────────┴──────────────┴───────────────────┴────────────────────────┘
                                             LEFT OPEN TRADES REPORT                                             
┏━━━━━━━━━━┳━━━━━━━━┳━━━━━━━━━━━━━━┳━━━━━━━━━━━━━━━━━┳━━━━━━━━━━━━━━┳━━━━━━━━━━━━━━━━━━┳━━━━━━━━━━━━━━━━━━━━━━━━┓
┃     Pair ┃ Trades ┃ Avg Profit % ┃ Tot Profit USDT ┃ Tot Profit % ┃     Avg Duration ┃  Win  Draw  Loss  Win% ┃
┡━━━━━━━━━━╇━━━━━━━━╇━━━━━━━━━━━━━━╇━━━━━━━━━━━━━━━━━╇━━━━━━━━━━━━━━╇━━━━━━━━━━━━━━━━━━╇━━━━━━━━━━━━━━━━━━━━━━━━┩
│ TRX/USDT │      1 │         9.26 │           9.848 │         0.49 │ 20 days, 0:00:00 │    1     0     0   100 │
│    TOTAL │      1 │         9.26 │           9.848 │         0.49 │ 20 days, 0:00:00 │    1     0     0   100 │
└──────────┴────────┴──────────────┴─────────────────┴──────────────┴──────────────────┴────────────────────────┘
                                                 ENTER TAG STATS                                                  
┏━━━━━━━━━━━┳━━━━━━━━━┳━━━━━━━━━━━━━━┳━━━━━━━━━━━━━━━━━┳━━━━━━━━━━━━━━┳━━━━━━━━━━━━━━━━━┳━━━━━━━━━━━━━━━━━━━━━━━━┓
┃ Enter Tag ┃ Entries ┃ Avg Profit % ┃ Tot Profit USDT ┃ Tot Profit % ┃    Avg Duration ┃  Win  Draw  Loss  Win% ┃
┡━━━━━━━━━━━╇━━━━━━━━━╇━━━━━━━━━━━━━━╇━━━━━━━━━━━━━━━━━╇━━━━━━━━━━━━━━╇━━━━━━━━━━━━━━━━━╇━━━━━━━━━━━━━━━━━━━━━━━━┩
│     OTHER │      58 │         0.18 │          26.405 │         1.32 │ 6 days, 2:54:00 │   27     0    31  46.6 │
│     TOTAL │      58 │         0.18 │          26.405 │         1.32 │ 6 days, 2:54:00 │   27     0    31  46.6 │
└───────────┴─────────┴──────────────┴─────────────────┴──────────────┴─────────────────┴────────────────────────┘
                                                 EXIT REASON STATS                                                 
┏━━━━━━━━━━━━━┳━━━━━━━┳━━━━━━━━━━━━━━┳━━━━━━━━━━━━━━━━━┳━━━━━━━━━━━━━━┳━━━━━━━━━━━━━━━━━━┳━━━━━━━━━━━━━━━━━━━━━━━━┓
┃ Exit Reason ┃ Exits ┃ Avg Profit % ┃ Tot Profit USDT ┃ Tot Profit % ┃     Avg Duration ┃  Win  Draw  Loss  Win% ┃
┡━━━━━━━━━━━━━╇━━━━━━━╇━━━━━━━━━━━━━━╇━━━━━━━━━━━━━━━━━╇━━━━━━━━━━━━━━╇━━━━━━━━━━━━━━━━━━╇━━━━━━━━━━━━━━━━━━━━━━━━┩
│ exit_signal │    50 │         1.45 │          97.824 │         4.89 │ 5 days, 21:36:00 │   26     0    24  52.0 │
│  force_exit │     1 │         9.26 │           9.848 │         0.49 │ 20 days, 0:00:00 │    1     0     0   100 │
│   stop_loss │     7 │       -10.16 │         -81.268 │        -4.06 │ 5 days, 17:09:00 │    0     0     7     0 │
│       TOTAL │    58 │         0.18 │          26.405 │         1.32 │  6 days, 2:54:00 │   27     0    31  46.6 │
└─────────────┴───────┴──────────────┴─────────────────┴──────────────┴──────────────────┴────────────────────────┘
                                                        MIXED TAG STATS                                                         
┏━━━━━━━━━━━┳━━━━━━━━━━━━━┳━━━━━━━━┳━━━━━━━━━━━━━━┳━━━━━━━━━━━━━━━━━┳━━━━━━━━━━━━━━┳━━━━━━━━━━━━━━━━━━┳━━━━━━━━━━━━━━━━━━━━━━━━┓
┃ Enter Tag ┃ Exit Reason ┃ Trades ┃ Avg Profit % ┃ Tot Profit USDT ┃ Tot Profit % ┃     Avg Duration ┃  Win  Draw  Loss  Win% ┃
┡━━━━━━━━━━━╇━━━━━━━━━━━━━╇━━━━━━━━╇━━━━━━━━━━━━━━╇━━━━━━━━━━━━━━━━━╇━━━━━━━━━━━━━━╇━━━━━━━━━━━━━━━━━━╇━━━━━━━━━━━━━━━━━━━━━━━━┩
│           │ exit_signal │     50 │         1.45 │          97.824 │         4.89 │ 5 days, 21:36:00 │   26     0    24  52.0 │
│           │  force_exit │      1 │         9.26 │           9.848 │         0.49 │ 20 days, 0:00:00 │    1     0     0   100 │
│           │   stop_loss │      7 │       -10.16 │         -81.268 │        -4.06 │ 5 days, 17:09:00 │    0     0     7     0 │
│     TOTAL │             │     58 │         0.18 │          26.405 │         1.32 │  6 days, 2:54:00 │   27     0    31  46.6 │
└───────────┴─────────────┴────────┴──────────────┴─────────────────┴──────────────┴──────────────────┴────────────────────────┘
                                   SUMMARY METRICS                                    
┏━━━━━━━━━━━━━━━━━━━━━━━━━━━━━━━━━━━━━━━━┳━━━━━━━━━━━━━━━━━━━━━━━━━━━━━━━━━━━━━━━━━━━┓
┃ Metric                                 ┃ Value                                     ┃
┡━━━━━━━━━━━━━━━━━━━━━━━━━━━━━━━━━━━━━━━━╇━━━━━━━━━━━━━━━━━━━━━━━━━━━━━━━━━━━━━━━━━━━┩
│ Backtesting from                       │ 2022-12-31 00:00:00                       │
│ Backtesting to                         │ 2023-07-01 00:00:00                       │
│ Trading Mode                           │ Spot                                      │
│ Max open trades                        │ 5                                         │
│                                        │                                           │
│ Total/Daily Avg Trades                 │ 58 / 0.32                                 │
│ Starting balance                       │ 2000 USDT                                 │
│ Final balance                          │ 2026.405 USDT                             │
│ Absolute profit                        │ 26.405 USDT                               │
│ Total profit %                         │ 1.32%                                     │
│ CAGR %                                 │ 2.67%                                     │
│ Sharpe (closed trades)                 │ 0.33                                      │
│ Sortino (closed trades)                │ 0.59                                      │
│ Calmar (closed trades)                 │ 6.31                                      │
│ SQN                                    │ 0.40                                      │
│ Mean profit p-value                    │ 0.6876                                    │
│ Profit factor                          │ 1.20                                      │
│ Expectancy (Ratio)                     │ 0.46 (0.11)                               │
│ Avg. daily profit                      │ 0.145 USDT                                │
│ Avg. stake amount                      │ 106.459 USDT                              │
│ Market change                          │ 29.57%                                    │
│ Total trade volume                     │ 12400.482 USDT                            │
│                                        │                                           │
│ Best Pair                              │ BTC/USDT 2.30%                            │
│ Worst Pair                             │ BNB/USDT -0.54%                           │
│ Best trade                             │ BTC/USDT 33.13%                           │
│ Worst trade                            │ TRX/USDT -10.18%                          │
│ Best day                               │ 35.484 USDT                               │
│ Worst day                              │ -20.379 USDT                              │
│ Days win/draw/lose                     │ 25 / 125 / 30                             │
│ Min/Max/Avg. Duration Winners          │ 1d 00:00 / 70d 00:00 / 9d 00:00           │
│ Min/Max/Avg. Duration Losers           │ 0d 00:00 / 19d 00:00 / 3d 14:43           │
│ Max Consecutive Wins / Loss            │ 6 / 4                                     │
│ Rejected Entry signals                 │ 0                                         │
│ Entry/Exit Timeouts                    │ 0 / 0                                     │
│                                        │                                           │
│ Min/Max balance (closed trades)        │ 2001.134 USDT / 2056.937 USDT             │
│ Max % of account underwater            │ 2.20%                                     │
│ Absolute drawdown                      │ 45.151 USDT (2.20%)                       │
│ Drawdown duration                      │ 14 days 00:00:00                          │
│ Profit at drawdown start               │ 56.937 USDT                               │
│ Profit at drawdown end                 │ 11.786 USDT                               │
│ Drawdown start                         │ 2023-05-31 00:00:00                       │
│ Drawdown end                           │ 2023-06-14 00:00:00                       │
│                                        │                                           │
│ Wallet based Metrics                   │                                           │
│ Min/Max balance (wallet balance)       │ 2000 USDT / 2082.196 USDT                 │
│ Min/Max balance dates (wallet balance) │ 2023-01-01 00:00:00 / 2023-02-21 00:00:00 │
│ Max % of account underwater (balance)  │ 3.36%                                     │
│ Absolute drawdown (wallet balance)     │ 69.939 USDT (3.36%)                       │
│ Drawdown duration                      │ 116 days 00:00:00                         │
│ Profit at drawdown start               │ 82.196 USDT                               │
│ Profit at drawdown end                 │ 12.257 USDT                               │
│ Drawdown start                         │ 2023-02-21 00:00:00                       │
│ Drawdown end                           │ 2023-06-17 00:00:00                       │
│ Sharpe (daily wallet balance)          │ 0.47                                      │
│ Sortino (daily wallet balance)         │ 0.68                                      │
│ Calmar (daily wallet balance)          │ 4.22                                      │
└────────────────────────────────────────┴───────────────────────────────────────────┘

Backtested 2022-12-31 00:00:00 -> 2023-07-01 00:00:00 | Max open trades : 5
                                                           STRATEGY SUMMARY                                                            
┏━━━━━━━━━━━━┳━━━━━━━━┳━━━━━━━━━━━━━━┳━━━━━━━━━━━━━━━━━┳━━━━━━━━━━━━━━┳━━━━━━━━━━━━━━━━━┳━━━━━━━━━━━━━━━━━━━━━━━━┳━━━━━━━━━━━━━━━━━━━━┓
┃   Strategy ┃ Trades ┃ Avg Profit % ┃ Tot Profit USDT ┃ Tot Profit % ┃    Avg Duration ┃  Win  Draw  Loss  Win% ┃           Drawdown ┃
┡━━━━━━━━━━━━╇━━━━━━━━╇━━━━━━━━━━━━━━╇━━━━━━━━━━━━━━━━━╇━━━━━━━━━━━━━━╇━━━━━━━━━━━━━━━━━╇━━━━━━━━━━━━━━━━━━━━━━━━╇━━━━━━━━━━━━━━━━━━━━┩
│ XSMomentum │     58 │         0.18 │          26.405 │         1.32 │ 6 days, 2:54:00 │   27     0    31  46.6 │ 45.151 USDT  2.20% │
└────────────┴────────┴──────────────┴─────────────────┴──────────────┴─────────────────┴────────────────────────┴────────────────────┘
